[2026-08-18 06:05:15] autocommit: league=wbb interval=300s push=1 settle=1min
[2026-08-18 06:05:15] watch: tail -f /c/Users/saiem/Documents/GitHub-Data/sdv-dev/wehoop-dev/ncaa-wbb-hoops-raw/logs/autocommit_20260818_060515.log
[2026-08-18 06:20:03] committed 9575 files  
[2026-08-18 06:29:59] pushed
[2026-08-18 06:51:07] committed 19482 files  
[2026-08-18 07:05:07] pushed
[2026-08-18 07:13:23] nothing settled to commit
[2026-08-18 07:21:48] nothing settled to commit
[2026-08-18 07:30:08] nothing settled to commit
[2026-08-18 07:38:32] nothing settled to commit
[2026-08-18 07:46:56] nothing settled to commit
[2026-08-18 07:55:16] nothing settled to commit
[2026-08-18 08:03:41] nothing settled to commit
[2026-08-18 08:12:01] nothing settled to commit
[2026-08-18 08:20:21] nothing settled to commit
[2026-08-18 08:28:42] nothing settled to commit
[2026-08-18 08:37:00] nothing settled to commit
[2026-08-18 08:45:21] nothing settled to commit
[2026-08-18 08:53:44] nothing settled to commit
[2026-08-18 09:02:03] nothing settled to commit
[2026-08-18 09:10:21] nothing settled to commit
[2026-08-18 09:18:41] nothing settled to commit
[2026-08-18 09:26:57] nothing settled to commit
[2026-08-18 09:35:14] nothing settled to commit
[2026-08-18 09:43:32] nothing settled to commit
[2026-08-18 09:51:49] nothing settled to commit
[2026-08-18 10:00:06] nothing settled to commit
[2026-08-18 10:08:22] nothing settled to commit
[2026-08-18 10:16:39] nothing settled to commit
