[2026-08-13 05:59:42] autocommit: league=wbb interval=600s push=1 settle=1min
[2026-08-13 05:59:42] watch: tail -f /c/Users/saiem/Documents/GitHub-Data/sdv-dev/wehoop-dev/ncaa-wbb-hoops-raw/logs/autocommit_20260813_055942.log
[2026-08-13 05:59:42] nothing settled to commit
[2026-08-13 06:09:44] committed 474 files  2026:+474 
[2026-08-13 06:11:14] pushed
[2026-08-13 06:21:19] committed 602 files  2026:+602 
[2026-08-13 06:23:06] pushed
[2026-08-13 06:33:09] committed 629 files  2026:+629 
[2026-08-13 06:34:58] pushed
[2026-08-13 06:45:03] committed 629 files  2026:+629 
[2026-08-13 06:47:05] pushed
[2026-08-13 06:57:08] committed 621 files  2026:+621 
[2026-08-13 06:57:33] pushed
[2026-08-13 07:07:38] committed 538 files  2026:+538 
[2026-08-13 07:07:57] pushed
[2026-08-13 07:18:00] committed 531 files  2026:+531 
[2026-08-13 07:18:24] pushed
[2026-08-13 07:28:29] committed 529 files  2026:+529 
[2026-08-13 07:29:00] pushed
[2026-08-13 07:39:09] committed 539 files  2026:+539 
[2026-08-13 07:39:38] pushed
[2026-08-13 07:49:43] committed 545 files  2026:+545 
[2026-08-13 07:50:10] pushed
[2026-08-13 08:00:13] committed 94 files  2026:+94 
[2026-08-13 08:00:21] pushed
[2026-08-13 08:10:23] nothing settled to commit
[2026-08-13 08:20:24] nothing settled to commit
[2026-08-13 08:30:26] nothing settled to commit
[2026-08-13 08:42:17] committed 1460 files  
[2026-08-13 08:46:04] pushed
[2026-08-13 08:59:28] committed 4271 files  
[2026-08-13 09:02:14] pushed
[2026-08-13 09:12:17] committed 8 files  2026:+8 
[2026-08-13 09:12:21] pushed
[2026-08-13 09:22:25] committed 36 files  2026:+36 
[2026-08-13 09:22:30] pushed
[2026-08-13 09:32:33] committed 32 files  2026:+32 
[2026-08-13 09:32:39] pushed
[2026-08-13 09:42:43] committed 175 files  2025:+154 2026:+21 
[2026-08-13 09:42:57] pushed
[2026-08-13 09:53:05] committed 545 files  2025:+545 
[2026-08-13 09:53:29] pushed
[2026-08-13 10:03:43] committed 558 files  2025:+558 
[2026-08-13 10:04:06] pushed
[2026-08-13 10:14:13] committed 557 files  2025:+557 
[2026-08-13 10:14:40] pushed
[2026-08-13 10:24:46] committed 561 files  2025:+561 
[2026-08-13 10:25:13] pushed
[2026-08-13 10:35:20] committed 526 files  2025:+526 
[2026-08-13 10:36:01] pushed
[2026-08-13 10:46:08] committed 540 files  2025:+540 
[2026-08-13 10:46:34] pushed
[2026-08-13 10:56:41] committed 523 files  2025:+523 
[2026-08-13 10:57:06] pushed
[2026-08-13 11:07:15] committed 523 files  2025:+523 
[2026-08-13 11:07:44] pushed
[2026-08-13 11:17:51] committed 469 files  2025:+469 
[2026-08-13 11:18:15] pushed
[2026-08-13 11:28:22] committed 517 files  2025:+517 
[2026-08-13 11:28:43] pushed
[2026-08-13 11:38:50] committed 168 files  2025:+168 
[2026-08-13 11:39:00] pushed
[2026-08-13 11:49:04] nothing settled to commit
[2026-08-13 12:03:51] committed 5738 files  
[2026-08-13 12:08:06] pushed
[2026-08-13 12:18:25] committed 80 files  2025:+80 
[2026-08-13 12:18:32] pushed
[2026-08-13 12:28:39] committed 40 files  2025:+40 
[2026-08-13 12:28:45] pushed
[2026-08-13 12:38:53] committed 35 files  2025:+35 
[2026-08-13 12:38:58] pushed
[2026-08-13 12:49:07] committed 517 files  2024:+517 
[2026-08-13 12:49:30] pushed
[2026-08-13 12:59:41] committed 520 files  2024:+520 
[2026-08-13 13:00:02] pushed
[2026-08-13 13:10:12] committed 503 files  2024:+503 
[2026-08-13 13:10:34] pushed
[2026-08-13 13:20:43] committed 488 files  2024:+488 
[2026-08-13 13:21:02] pushed
[2026-08-13 13:31:15] committed 484 files  2024:+484 
[2026-08-13 13:31:41] pushed
[2026-08-13 13:41:54] committed 459 files  2024:+459 
[2026-08-13 13:42:14] pushed
[2026-08-13 13:52:25] committed 461 files  2024:+461 
[2026-08-13 13:52:44] pushed
[2026-08-13 14:02:55] committed 449 files  2024:+449 
[2026-08-13 14:03:12] pushed
[2026-08-13 14:13:25] committed 448 files  2024:+448 
[2026-08-13 14:13:49] pushed
[2026-08-13 14:23:59] committed 448 files  2024:+448 
[2026-08-13 14:24:23] pushed
[2026-08-13 14:34:33] committed 180 files  2024:+180 
[2026-08-13 14:34:42] pushed
[2026-08-13 14:48:05] committed 3336 files  
[2026-08-13 14:51:00] pushed
[2026-08-13 15:02:59] committed 2279 files  2022:+503 
[2026-08-13 15:05:05] pushed
[2026-08-13 15:15:23] committed 704 files  2022:+431 2023:+273 
[2026-08-13 15:15:54] pushed
[2026-08-13 15:26:11] committed 582 files  2023:+582 
[2026-08-13 15:26:36] pushed
[2026-08-13 15:36:54] committed 573 files  2023:+573 
[2026-08-13 15:37:29] pushed
[2026-08-13 15:47:45] committed 601 files  2023:+601 
[2026-08-13 15:48:14] pushed
[2026-08-13 15:58:33] committed 575 files  2023:+575 
[2026-08-13 15:58:58] pushed
[2026-08-13 16:09:17] committed 549 files  2023:+549 
[2026-08-13 16:09:41] pushed
[2026-08-13 16:19:59] committed 519 files  2023:+519 
[2026-08-13 16:20:17] pushed
[2026-08-13 16:30:35] committed 530 files  2023:+530 
[2026-08-13 16:30:58] pushed
[2026-08-13 16:41:17] committed 510 files  2023:+510 
[2026-08-13 16:41:42] pushed
[2026-08-13 16:52:04] committed 506 files  2023:+506 
[2026-08-13 16:52:33] pushed
[2026-08-13 17:02:49] committed 230 files  2023:+230 
[2026-08-13 17:03:03] pushed
[2026-08-13 17:14:50] committed 1016 files  2023:+4 
[2026-08-13 17:16:22] pushed
[2026-08-13 17:32:10] committed 5592 files  2022:+218 
[2026-08-13 17:36:55] pushed
[2026-08-13 17:47:20] committed 1167 files  2022:+1167 
[2026-08-13 17:48:02] pushed
[2026-08-13 17:58:27] committed 621 files  2022:+621 
[2026-08-13 17:58:55] pushed
[2026-08-13 18:09:23] committed 527 files  2022:+527 
[2026-08-13 18:09:44] pushed
[2026-08-13 18:19:49] committed 64 files  2022:+64 
[2026-08-13 18:19:50] PUSH FAILED (commit is safe locally; next pass retries)
[2026-08-13 18:30:23] committed 860 files  2022:+860 
[2026-08-13 18:31:03] pushed
[2026-08-13 18:41:30] committed 422 files  2022:+422 
[2026-08-13 18:41:48] pushed
[2026-08-13 18:52:11] committed 198 files  2022:+198 
[2026-08-13 18:52:22] pushed
[2026-08-13 19:05:22] committed 1974 files  
[2026-08-13 19:07:32] pushed
[2026-08-13 19:20:08] committed 2612 files  2021:+509 
[2026-08-13 19:22:35] pushed
[2026-08-13 19:33:07] committed 802 files  2021:+802 
[2026-08-13 19:33:43] pushed
[2026-08-13 19:44:20] committed 578 files  2021:+578 
[2026-08-13 19:44:45] pushed
[2026-08-13 19:55:19] committed 561 files  2021:+561 
[2026-08-13 19:55:47] pushed
[2026-08-13 20:06:21] committed 510 files  2021:+510 
[2026-08-13 20:06:47] pushed
[2026-08-13 20:17:19] committed 457 files  2021:+457 
[2026-08-13 20:17:36] pushed
[2026-08-13 20:28:03] committed 87 files  2021:+87 
[2026-08-13 20:28:10] pushed
[2026-08-13 20:41:00] committed 2124 files  
[2026-08-13 20:43:31] pushed
[2026-08-13 20:55:40] committed 1990 files  2020:+610 
[2026-08-13 20:57:18] pushed
[2026-08-13 21:07:55] committed 753 files  2020:+753 
[2026-08-13 21:08:22] pushed
[2026-08-13 21:19:01] committed 612 files  2020:+612 
[2026-08-13 21:19:23] pushed
[2026-08-13 21:30:02] committed 611 files  2020:+611 
[2026-08-13 21:30:28] pushed
[2026-08-13 21:41:06] committed 609 files  2020:+609 
[2026-08-13 21:41:29] pushed
[2026-08-13 21:52:06] committed 601 files  2020:+601 
[2026-08-13 21:52:28] pushed
[2026-08-13 22:03:10] committed 611 files  2020:+611 
[2026-08-13 22:03:38] pushed
[2026-08-13 22:14:20] committed 601 files  2020:+601 
[2026-08-13 22:14:42] pushed
[2026-08-13 22:25:16] committed 414 files  2020:+414 
[2026-08-13 22:25:38] pushed
[2026-08-13 22:41:21] committed 5438 files  2020:+8 
[2026-08-13 22:46:08] pushed
[2026-08-13 22:57:14] committed 1119 files  2019:+1119 
[2026-08-13 22:57:50] pushed
[2026-08-13 23:08:55] committed 647 files  2019:+647 
[2026-08-13 23:09:22] pushed
[2026-08-13 23:20:13] committed 622 files  2019:+622 
[2026-08-13 23:20:34] pushed
[2026-08-13 23:31:23] committed 588 files  2019:+588 
[2026-08-13 23:31:41] pushed
[2026-08-13 23:42:29] committed 576 files  2019:+576 
[2026-08-13 23:42:48] pushed
[2026-08-13 23:53:36] committed 571 files  2019:+571 
[2026-08-13 23:53:53] pushed
[2026-08-14 00:04:45] committed 556 files  2019:+556 
[2026-08-14 00:05:04] pushed
[2026-08-14 00:16:04] committed 580 files  2019:+580 
[2026-08-14 00:16:27] pushed
[2026-08-14 00:27:19] committed 174 files  2019:+174 
[2026-08-14 00:27:31] pushed
[2026-08-14 00:43:57] committed 5433 files  
[2026-08-14 00:49:09] pushed
[2026-08-14 01:00:36] committed 1028 files  2018:+1028 
[2026-08-14 01:01:09] pushed
[2026-08-14 01:12:08] committed 630 files  2018:+630 
[2026-08-14 01:12:28] pushed
[2026-08-14 01:23:29] committed 573 files  2018:+573 
[2026-08-14 01:24:29] pushed
[2026-08-14 01:35:29] committed 613 files  2018:+613 
[2026-08-14 01:36:40] pushed
[2026-08-14 01:47:38] committed 605 files  2018:+605 
[2026-08-14 01:47:54] pushed
[2026-08-14 01:58:56] committed 581 files  2018:+581 
[2026-08-14 01:59:12] pushed
[2026-08-14 02:10:14] committed 582 files  2018:+582 
[2026-08-14 02:10:33] pushed
[2026-08-14 02:21:34] committed 580 files  2018:+580 
[2026-08-14 02:21:53] pushed
[2026-08-14 02:32:47] committed 85 files  2018:+85 
[2026-08-14 02:32:54] pushed
[2026-08-14 02:48:16] committed 5277 files  
[2026-08-14 02:52:42] pushed
[2026-08-14 03:03:52] committed 970 files  2017:+970 
[2026-08-14 03:04:16] pushed
[2026-08-14 03:15:26] committed 635 files  2017:+635 
[2026-08-14 03:15:45] pushed
[2026-08-14 03:26:55] committed 625 files  2017:+625 
[2026-08-14 03:27:15] pushed
[2026-08-14 03:38:28] committed 642 files  2017:+642 
[2026-08-14 03:38:47] pushed
[2026-08-14 03:49:58] committed 651 files  2017:+651 
[2026-08-14 03:50:17] pushed
[2026-08-14 04:01:29] committed 656 files  2017:+656 
[2026-08-14 04:01:48] pushed
[2026-08-14 04:12:59] committed 649 files  2017:+649 
[2026-08-14 04:13:15] pushed
[2026-08-14 04:24:26] committed 650 files  2017:+650 
[2026-08-14 04:24:45] pushed
[2026-08-14 04:37:28] committed 495 files  2017:+143 
[2026-08-14 04:38:16] pushed
[2026-08-14 04:58:24] committed 5615 files  2016:+346 
[2026-08-14 05:01:03] pushed
[2026-08-14 05:12:55] committed 1125 files  2016:+1125 
[2026-08-14 05:13:15] pushed
[2026-08-14 05:24:37] committed 693 files  2016:+693 
[2026-08-14 05:25:00] pushed
[2026-08-14 05:36:25] committed 663 files  2016:+663 
[2026-08-14 05:36:58] pushed
[2026-08-14 05:48:23] committed 675 files  2016:+675 
[2026-08-14 05:48:54] pushed
[2026-08-14 06:00:19] committed 678 files  2016:+678 
[2026-08-14 06:00:56] pushed
[2026-08-14 06:12:22] committed 679 files  2016:+679 
[2026-08-14 06:12:57] pushed
[2026-08-14 06:24:20] committed 667 files  2016:+667 
[2026-08-14 06:24:45] pushed
[2026-08-14 06:40:55] committed 5696 files  2016:+85 
[2026-08-14 06:50:55] pushed
[2026-08-14 07:02:33] committed 1376 files  2015:+1376 
[2026-08-14 07:03:07] pushed
[2026-08-14 07:14:44] committed 676 files  2015:+676 
[2026-08-14 07:15:03] pushed
[2026-08-14 07:26:42] committed 663 files  2015:+663 
[2026-08-14 07:27:05] pushed
[2026-08-14 07:38:44] committed 659 files  2015:+659 
[2026-08-14 07:39:04] pushed
[2026-08-14 07:50:42] committed 632 files  2015:+632 
[2026-08-14 07:51:03] pushed
[2026-08-14 08:02:44] committed 644 files  2015:+644 
[2026-08-14 08:03:03] pushed
[2026-08-14 08:14:42] committed 617 files  2015:+617 
[2026-08-14 08:14:59] pushed
[2026-08-14 08:26:28] committed 111 files  2015:+111 
[2026-08-14 08:26:34] pushed
[2026-08-14 08:38:32] committed 5586 files  2014:+208 
[2026-08-14 08:39:18] pushed
[2026-08-14 08:51:12] committed 719 files  2014:+719 
[2026-08-14 08:51:33] pushed
[2026-08-14 09:03:21] committed 685 files  2014:+685 
[2026-08-14 09:03:41] pushed
[2026-08-14 09:15:35] committed 675 files  2014:+675 
[2026-08-14 09:15:52] pushed
[2026-08-14 09:27:46] committed 684 files  2014:+684 
[2026-08-14 09:28:06] pushed
[2026-08-14 09:40:01] committed 679 files  2014:+679 
[2026-08-14 09:40:23] pushed
[2026-08-14 09:52:17] committed 693 files  2014:+693 
[2026-08-14 09:52:37] pushed
[2026-08-14 10:04:34] committed 701 files  2014:+701 
[2026-08-14 10:04:55] pushed
[2026-08-14 10:17:21] committed 536 files  2014:+536 
[2026-08-14 10:17:37] pushed
[2026-08-14 10:29:54] committed 6120 files  2013:+528 2014:+6 
[2026-08-14 10:30:24] pushed
[2026-08-14 10:43:48] committed 720 files  2013:+720 
[2026-08-14 10:44:07] pushed
[2026-08-14 10:56:14] committed 768 files  2013:+768 
[2026-08-14 10:56:33] pushed
[2026-08-14 11:08:45] committed 657 files  2013:+657 
[2026-08-14 11:09:03] pushed
[2026-08-14 11:21:16] committed 678 files  2013:+678 
[2026-08-14 11:21:35] pushed
[2026-08-14 11:33:46] committed 680 files  2013:+680 
[2026-08-14 11:34:08] pushed
[2026-08-14 11:46:21] committed 683 files  2013:+683 
[2026-08-14 11:46:42] pushed
[2026-08-14 11:58:45] committed 630 files  2013:+630 
[2026-08-14 11:59:04] pushed
[2026-08-14 12:11:44] committed 5394 files  2013:+25 
[2026-08-14 12:12:07] pushed
[2026-08-14 12:24:32] committed 652 files  2012:+652 
[2026-08-14 12:24:52] pushed
[2026-08-14 12:37:18] committed 676 files  2012:+676 
[2026-08-14 12:37:36] pushed
[2026-08-14 12:49:58] committed 657 files  2012:+657 
[2026-08-14 12:50:22] pushed
[2026-08-14 13:02:43] committed 661 files  2012:+661 
[2026-08-14 13:03:00] pushed
[2026-08-14 13:15:24] committed 648 files  2012:+648 
[2026-08-14 13:15:46] pushed
[2026-08-14 13:28:14] committed 655 files  2012:+655 
[2026-08-14 13:28:33] pushed
[2026-08-14 13:41:03] committed 652 files  2012:+652 
[2026-08-14 13:41:23] pushed
[2026-08-14 13:53:40] committed 477 files  2012:+477 
[2026-08-14 13:53:56] pushed
[2026-08-14 14:06:49] committed 5108 files  2011:+30 
[2026-08-14 14:07:31] pushed
[2026-08-14 14:20:12] committed 774 files  2011:+774 
[2026-08-14 14:20:34] pushed
[2026-08-14 14:33:12] committed 721 files  2011:+721 
[2026-08-14 14:33:33] pushed
[2026-08-14 14:46:13] committed 737 files  2011:+737 
[2026-08-14 14:46:32] pushed
[2026-08-14 14:59:14] committed 719 files  2011:+719 
[2026-08-14 14:59:33] pushed
[2026-08-14 15:12:20] committed 693 files  2011:+693 
[2026-08-14 15:12:40] pushed
[2026-08-14 15:25:29] committed 747 files  2011:+747 
[2026-08-14 15:25:52] pushed
[2026-08-14 15:38:41] committed 711 files  2011:+711 
[2026-08-14 15:39:04] pushed
[2026-08-14 15:51:37] committed 286 files  2011:+286 
[2026-08-14 15:51:46] pushed
[2026-08-14 16:05:02] committed 5419 files  
[2026-08-14 16:05:46] pushed
[2026-08-14 16:18:50] committed 573 files  2010:+573 
[2026-08-14 16:19:06] pushed
[2026-08-14 16:32:18] committed 756 files  2010:+756 
[2026-08-14 16:32:39] pushed
[2026-08-14 16:45:46] committed 762 files  2010:+762 
[2026-08-14 16:46:06] pushed
[2026-08-14 16:59:12] committed 755 files  2010:+755 
[2026-08-14 16:59:32] pushed
[2026-08-14 17:12:39] committed 740 files  2010:+740 
[2026-08-14 17:13:01] pushed
[2026-08-14 17:26:12] committed 762 files  2010:+762 
[2026-08-14 17:26:31] pushed
[2026-08-14 17:39:42] committed 731 files  2010:+731 
[2026-08-14 17:40:04] pushed
[2026-08-14 17:52:57] committed 291 files  2010:+291 
[2026-08-14 17:53:10] pushed
[2026-08-14 18:06:25] committed 5370 files  
[2026-08-14 18:07:05] pushed
[2026-08-14 18:21:05] committed 544 files  2025:+162 2026:+191 
[2026-08-14 18:22:16] pushed
[2026-08-14 18:35:50] committed 861 files  2024:+695 2025:+2 
[2026-08-14 18:37:00] pushed
[2026-08-14 18:50:55] committed 1513 files  2023:+328 2024:+245 
[2026-08-14 18:52:13] pushed
[2026-08-14 19:05:48] committed 391 files  2023:+32 
[2026-08-14 19:06:31] pushed
[2026-08-14 19:19:48] committed 472 files  2022:+455 2023:+8 
[2026-08-14 19:20:37] pushed
[2026-08-14 19:33:58] committed 39 files  2022:+39 
[2026-08-14 19:34:02] pushed
[2026-08-14 19:48:04] committed 805 files  2021:+305 2022:+3 
[2026-08-14 19:49:04] pushed
[2026-08-14 20:03:26] committed 753 files  2019:+218 2021:+6 
[2026-08-14 20:04:30] pushed
[2026-08-14 20:18:39] committed 700 files  2018:+350 
[2026-08-14 20:19:20] pushed
[2026-08-14 20:32:55] committed 211 files  2015:+211 
[2026-08-14 20:33:03] pushed
[2026-08-14 20:46:40] committed 425 files  2013:+104 2015:+3 
[2026-08-14 20:46:46] pushed
[2026-08-14 21:00:12] committed 357 files  2012:+357 
[2026-08-14 21:00:24] pushed
[2026-08-14 21:14:03] committed 357 files  
[2026-08-14 21:14:44] pushed
[2026-08-14 21:28:10] committed 102 files  2010:+29 2011:+22 
[2026-08-14 21:28:41] pushed
