[2026-08-13 09:38:17] campaign: seasons 2025..2010 (desc), vendor=decodo_patchright, chunk=400, workers=32
[2026-08-13 09:38:17] log -> logs/backfill_range_20260813_093817.log   (watch: tail -f logs/backfill_range_20260813_093817.log)
[2026-08-13 09:38:17] === season 2025 ===
[09:38:17] NCAA WBB backfill: season=2025 workers=32
[09:38:17] watch this run:  tail -f /c/Users/saiem/Documents/GitHub-Data/sdv-dev/wehoop-dev/ncaa-wbb-hoops-raw/logs/backfill_2025_20260813_093817.log
[09:38:18] === skip discover (season 2025 already in schedule_master; delete wbb/schedule_master.parquet to force) ===
[09:38:18] === capture 2025: 32 worker(s), chunk=400 new bundles per worker ===
transport: NCAA_VENDOR=decodo_patchright (canary_vendors.toml; ProxyBonanza not used)
transport: NCAA_VENDOR=decodo_patchright (canary_vendors.toml; ProxyBonanza not used)
transport: NCAA_VENDOR=decodo_patchright (canary_vendors.toml; ProxyBonanza not used)
transport: NCAA_VENDOR=decodo_patchright (canary_vendors.toml; ProxyBonanza not used)
transport: NCAA_VENDOR=decodo_patchright (canary_vendors.toml; ProxyBonanza not used)
transport: NCAA_VENDOR=decodo_patchright (canary_vendors.toml; ProxyBonanza not used)
log -> logs/capture_20260813_093818.log  (watch: tail -f logs/capture_20260813_093818.log)
transport: NCAA_VENDOR=decodo_patchright (canary_vendors.toml; ProxyBonanza not used)
log -> logs/capture_20260813_093818.log  (watch: tail -f logs/capture_20260813_093818.log)
transport: NCAA_VENDOR=decodo_patchright (canary_vendors.toml; ProxyBonanza not used)
transport: NCAA_VENDOR=decodo_patchright (canary_vendors.toml; ProxyBonanza not used)
log -> logs/capture_20260813_093818.log  (watch: tail -f logs/capture_20260813_093818.log)
log -> logs/capture_20260813_093818.log  (watch: tail -f logs/capture_20260813_093818.log)
log -> logs/capture_20260813_093818.log  (watch: tail -f logs/capture_20260813_093818.log)
transport: NCAA_VENDOR=decodo_patchright (canary_vendors.toml; ProxyBonanza not used)
transport: NCAA_VENDOR=decodo_patchright (canary_vendors.toml; ProxyBonanza not used)
transport: NCAA_VENDOR=decodo_patchright (canary_vendors.toml; ProxyBonanza not used)
log -> logs/capture_20260813_093818.log  (watch: tail -f logs/capture_20260813_093818.log)
log -> logs/capture_20260813_093818.log  (watch: tail -f logs/capture_20260813_093818.log)
transport: NCAA_VENDOR=decodo_patchright (canary_vendors.toml; ProxyBonanza not used)
log -> logs/capture_20260813_093818.log  (watch: tail -f logs/capture_20260813_093818.log)
transport: NCAA_VENDOR=decodo_patchright (canary_vendors.toml; ProxyBonanza not used)
log -> logs/capture_20260813_093818.log  (watch: tail -f logs/capture_20260813_093818.log)
transport: NCAA_VENDOR=decodo_patchright (canary_vendors.toml; ProxyBonanza not used)
transport: NCAA_VENDOR=decodo_patchright (canary_vendors.toml; ProxyBonanza not used)
log -> logs/capture_20260813_093818.log  (watch: tail -f logs/capture_20260813_093818.log)
log -> logs/capture_20260813_093818.log  (watch: tail -f logs/capture_20260813_093818.log)
log -> logs/capture_20260813_093818.log  (watch: tail -f logs/capture_20260813_093818.log)
transport: NCAA_VENDOR=decodo_patchright (canary_vendors.toml; ProxyBonanza not used)
log -> logs/capture_20260813_093818.log  (watch: tail -f logs/capture_20260813_093818.log)
log -> logs/capture_20260813_093818.log  (watch: tail -f logs/capture_20260813_093818.log)
transport: NCAA_VENDOR=decodo_patchright (canary_vendors.toml; ProxyBonanza not used)
transport: NCAA_VENDOR=decodo_patchright (canary_vendors.toml; ProxyBonanza not used)
transport: NCAA_VENDOR=decodo_patchright (canary_vendors.toml; ProxyBonanza not used)
transport: NCAA_VENDOR=decodo_patchright (canary_vendors.toml; ProxyBonanza not used)
log -> logs/capture_20260813_093818.log  (watch: tail -f logs/capture_20260813_093818.log)
transport: NCAA_VENDOR=decodo_patchright (canary_vendors.toml; ProxyBonanza not used)
log -> logs/capture_20260813_093818.log  (watch: tail -f logs/capture_20260813_093818.log)
transport: NCAA_VENDOR=decodo_patchright (canary_vendors.toml; ProxyBonanza not used)
log -> logs/capture_20260813_093818.log  (watch: tail -f logs/capture_20260813_093818.log)
log -> logs/capture_20260813_093818.log  (watch: tail -f logs/capture_20260813_093818.log)
log -> logs/capture_20260813_093818.log  (watch: tail -f logs/capture_20260813_093818.log)
transport: NCAA_VENDOR=decodo_patchright (canary_vendors.toml; ProxyBonanza not used)
transport: NCAA_VENDOR=decodo_patchright (canary_vendors.toml; ProxyBonanza not used)
transport: NCAA_VENDOR=decodo_patchright (canary_vendors.toml; ProxyBonanza not used)
log -> logs/capture_20260813_093818.log  (watch: tail -f logs/capture_20260813_093818.log)
log -> logs/capture_20260813_093818.log  (watch: tail -f logs/capture_20260813_093818.log)
transport: NCAA_VENDOR=decodo_patchright (canary_vendors.toml; ProxyBonanza not used)
log -> logs/capture_20260813_093818.log  (watch: tail -f logs/capture_20260813_093818.log)
transport: NCAA_VENDOR=decodo_patchright (canary_vendors.toml; ProxyBonanza not used)
transport: NCAA_VENDOR=decodo_patchright (canary_vendors.toml; ProxyBonanza not used)
transport: NCAA_VENDOR=decodo_patchright (canary_vendors.toml; ProxyBonanza not used)
log -> logs/capture_20260813_093818.log  (watch: tail -f logs/capture_20260813_093818.log)
transport: NCAA_VENDOR=decodo_patchright (canary_vendors.toml; ProxyBonanza not used)
log -> logs/capture_20260813_093818.log  (watch: tail -f logs/capture_20260813_093818.log)
transport: NCAA_VENDOR=decodo_patchright (canary_vendors.toml; ProxyBonanza not used)
log -> logs/capture_20260813_093818.log  (watch: tail -f logs/capture_20260813_093818.log)
log -> logs/capture_20260813_093818.log  (watch: tail -f logs/capture_20260813_093818.log)
log -> logs/capture_20260813_093818.log  (watch: tail -f logs/capture_20260813_093818.log)
log -> logs/capture_20260813_093818.log  (watch: tail -f logs/capture_20260813_093818.log)
log -> logs/capture_20260813_093818.log  (watch: tail -f logs/capture_20260813_093818.log)
log -> logs/capture_20260813_093818.log  (watch: tail -f logs/capture_20260813_093818.log)
log -> logs/capture_20260813_093818.log  (watch: tail -f logs/capture_20260813_093818.log)
log -> logs/capture_20260813_093818.log  (watch: tail -f logs/capture_20260813_093818.log)
pending=5960 shard=0/32 assigned=187
transport: canary vendor 'decodo_patchright'
2026-08-13 09:38:24,104 INFO vendor decodo_patchright: 64 prox(y/ies), sticky session re-minted -> session-cap1786628304w0
pending=5960 shard=3/32 assigned=187
transport: canary vendor 'decodo_patchright'
2026-08-13 09:38:26,125 INFO vendor decodo_patchright: 64 prox(y/ies), sticky session re-minted -> session-cap1786628306w3
pending=5960 shard=12/32 assigned=186
transport: canary vendor 'decodo_patchright'
pending=5960 shard=26/32 assigned=186
transport: canary vendor 'decodo_patchright'
pending=5960 shard=7/32 assigned=187
transport: canary vendor 'decodo_patchright'
2026-08-13 09:38:26,299 INFO vendor decodo_patchright: 64 prox(y/ies), sticky session re-minted -> session-cap1786628306w26
pending=5960 shard=13/32 assigned=186
transport: canary vendor 'decodo_patchright'
2026-08-13 09:38:26,378 INFO vendor decodo_patchright: 64 prox(y/ies), sticky session re-minted -> session-cap1786628306w12
2026-08-13 09:38:26,377 INFO vendor decodo_patchright: 64 prox(y/ies), sticky session re-minted -> session-cap1786628306w13
2026-08-13 09:38:26,372 INFO vendor decodo_patchright: 64 prox(y/ies), sticky session re-minted -> session-cap1786628306w7
pending=5960 shard=4/32 assigned=187
transport: canary vendor 'decodo_patchright'
2026-08-13 09:38:26,463 INFO vendor decodo_patchright: 64 prox(y/ies), sticky session re-minted -> session-cap1786628306w4
pending=5960 shard=1/32 assigned=187
transport: canary vendor 'decodo_patchright'
2026-08-13 09:38:26,544 INFO vendor decodo_patchright: 64 prox(y/ies), sticky session re-minted -> session-cap1786628306w1
pending=5960 shard=18/32 assigned=186
transport: canary vendor 'decodo_patchright'
pending=5960 shard=24/32 assigned=186
transport: canary vendor 'decodo_patchright'
pending=5960 shard=23/32 assigned=186
transport: canary vendor 'decodo_patchright'
2026-08-13 09:38:26,713 INFO vendor decodo_patchright: 64 prox(y/ies), sticky session re-minted -> session-cap1786628306w18
pending=5960 shard=28/32 assigned=186
transport: canary vendor 'decodo_patchright'
2026-08-13 09:38:26,768 INFO vendor decodo_patchright: 64 prox(y/ies), sticky session re-minted -> session-cap1786628306w23
2026-08-13 09:38:26,854 INFO vendor decodo_patchright: 64 prox(y/ies), sticky session re-minted -> session-cap1786628306w28
pending=5960 shard=16/32 assigned=186
transport: canary vendor 'decodo_patchright'
2026-08-13 09:38:26,853 INFO vendor decodo_patchright: 64 prox(y/ies), sticky session re-minted -> session-cap1786628306w16
2026-08-13 09:38:26,894 INFO vendor decodo_patchright: 64 prox(y/ies), sticky session re-minted -> session-cap1786628306w24
pending=5960 shard=6/32 assigned=187
transport: canary vendor 'decodo_patchright'
2026-08-13 09:38:26,916 INFO vendor decodo_patchright: 64 prox(y/ies), sticky session re-minted -> session-cap1786628306w6
pending=5960 shard=2/32 assigned=187
transport: canary vendor 'decodo_patchright'
2026-08-13 09:38:26,988 INFO vendor decodo_patchright: 64 prox(y/ies), sticky session re-minted -> session-cap1786628306w2
pending=5960 shard=25/32 assigned=186
transport: canary vendor 'decodo_patchright'
2026-08-13 09:38:27,017 INFO vendor decodo_patchright: 64 prox(y/ies), sticky session re-minted -> session-cap1786628307w25
pending=5960 shard=17/32 assigned=186
transport: canary vendor 'decodo_patchright'
2026-08-13 09:38:27,291 INFO vendor decodo_patchright: 64 prox(y/ies), sticky session re-minted -> session-cap1786628307w17
pending=5960 shard=27/32 assigned=186
transport: canary vendor 'decodo_patchright'
2026-08-13 09:38:27,394 INFO vendor decodo_patchright: 64 prox(y/ies), sticky session re-minted -> session-cap1786628307w27
pending=5960 shard=19/32 assigned=186
transport: canary vendor 'decodo_patchright'
2026-08-13 09:38:27,420 INFO vendor decodo_patchright: 64 prox(y/ies), sticky session re-minted -> session-cap1786628307w19
pending=5960 shard=11/32 assigned=186
transport: canary vendor 'decodo_patchright'
2026-08-13 09:38:27,479 INFO vendor decodo_patchright: 64 prox(y/ies), sticky session re-minted -> session-cap1786628307w11
pending=5960 shard=9/32 assigned=186
transport: canary vendor 'decodo_patchright'
2026-08-13 09:38:27,502 INFO vendor decodo_patchright: 64 prox(y/ies), sticky session re-minted -> session-cap1786628307w9
pending=5960 shard=21/32 assigned=186
transport: canary vendor 'decodo_patchright'
2026-08-13 09:38:27,552 INFO vendor decodo_patchright: 64 prox(y/ies), sticky session re-minted -> session-cap1786628307w21
pending=5960 shard=10/32 assigned=186
transport: canary vendor 'decodo_patchright'
2026-08-13 09:38:27,645 INFO vendor decodo_patchright: 64 prox(y/ies), sticky session re-minted -> session-cap1786628307w10
pending=5960 shard=20/32 assigned=186
transport: canary vendor 'decodo_patchright'
2026-08-13 09:38:27,674 INFO vendor decodo_patchright: 64 prox(y/ies), sticky session re-minted -> session-cap1786628307w20
pending=5960 shard=30/32 assigned=186
transport: canary vendor 'decodo_patchright'
2026-08-13 09:38:27,825 INFO vendor decodo_patchright: 64 prox(y/ies), sticky session re-minted -> session-cap1786628307w30
pending=5960 shard=5/32 assigned=187
transport: canary vendor 'decodo_patchright'
pending=5960 shard=14/32 assigned=186
transport: canary vendor 'decodo_patchright'
pending=5960 shard=15/32 assigned=186
transport: canary vendor 'decodo_patchright'
2026-08-13 09:38:27,978 INFO vendor decodo_patchright: 64 prox(y/ies), sticky session re-minted -> session-cap1786628307w5
pending=5960 shard=31/32 assigned=186
transport: canary vendor 'decodo_patchright'
pending=5960 shard=29/32 assigned=186
transport: canary vendor 'decodo_patchright'
pending=5960 shard=8/32 assigned=186
transport: canary vendor 'decodo_patchright'
pending=5960 shard=22/32 assigned=186
transport: canary vendor 'decodo_patchright'
2026-08-13 09:38:28,626 INFO vendor decodo_patchright: 64 prox(y/ies), sticky session re-minted -> session-cap1786628308w15
2026-08-13 09:38:28,843 INFO vendor decodo_patchright: 64 prox(y/ies), sticky session re-minted -> session-cap1786628308w29
2026-08-13 09:38:28,945 INFO vendor decodo_patchright: 64 prox(y/ies), sticky session re-minted -> session-cap1786628308w8
2026-08-13 09:38:29,779 INFO vendor decodo_patchright: 64 prox(y/ies), sticky session re-minted -> session-cap1786628309w14
2026-08-13 09:38:29,920 INFO vendor decodo_patchright: 64 prox(y/ies), sticky session re-minted -> session-cap1786628309w22
2026-08-13 09:38:30,259 INFO vendor decodo_patchright: 64 prox(y/ies), sticky session re-minted -> session-cap1786628310w31
captured=186 skipped=0 failed=0
EXIT=0
captured=186 skipped=0 failed=0
EXIT=0
captured=186 skipped=0 failed=0
captured=186 skipped=0 failed=0
EXIT=0
EXIT=0
captured=187 skipped=0 failed=0
EXIT=0
captured=187 skipped=0 failed=0
EXIT=0
captured=186 skipped=0 failed=0
EXIT=0
captured=187 skipped=0 failed=0
EXIT=0
captured=186 skipped=0 failed=0
EXIT=0
captured=187 skipped=0 failed=0
EXIT=0
captured=186 skipped=0 failed=0
EXIT=0
captured=186 skipped=0 failed=0
EXIT=0
captured=186 skipped=0 failed=0
EXIT=0
captured=186 skipped=0 failed=0
EXIT=0
captured=186 skipped=0 failed=0
EXIT=0
captured=186 skipped=0 failed=0
EXIT=0
captured=186 skipped=0 failed=0
EXIT=0
captured=186 skipped=0 failed=0
EXIT=0
captured=187 skipped=0 failed=0
EXIT=0
captured=187 skipped=0 failed=0
EXIT=0
captured=186 skipped=0 failed=0
EXIT=0
captured=186 skipped=0 failed=0
EXIT=0
captured=186 skipped=0 failed=0
EXIT=0
captured=186 skipped=0 failed=0
EXIT=0
captured=186 skipped=0 failed=0
EXIT=0
captured=186 skipped=0 failed=0
EXIT=0
captured=186 skipped=0 failed=0
EXIT=0
captured=187 skipped=0 failed=0
EXIT=0
captured=186 skipped=0 failed=0
EXIT=0
EXIT=127
EXIT=127
EXIT=127
[11:50:28] capture stopped (rc=127) -- a ban/soft-ban hard-stop or Ctrl-C (see the capture log).
[11:50:28]   This is RESUMABLE: cool down (a ban clears in minutes-hours), then re-run this
[11:50:28]   script -- already-captured contests are skipped.
[11:50:28] === parse captured bundles -> wbb/json/ ===
log -> logs/parse_20260813_115028.log  (watch: tail -f logs/parse_20260813_115028.log)
2026-08-13 11:56:50,197 INFO ncaa_identity: contest_id=6357511 teams 2897/2897 matched, players 7936/7940 matched
2026-08-13 11:57:03,288 INFO ncaa_identity: contest_id=6362058 teams 2740/2740 matched, players 6195/7502 matched
parsed=358 failed=0
EXIT=0
[11:57:28] DONE: captured_bundles=11469 parsed_json=11469 (capture rc=127)
[11:57:28] capture INCOMPLETE (rc=127) -- re-run this script to continue before building.
EXIT=127
[2026-08-13 11:57:28] season 2025: chunk 1 hard-stopped (rc=127), 319 remaining -- cooling 180s
[12:00:32] NCAA WBB backfill: season=2025 workers=32
[12:00:32] watch this run:  tail -f /c/Users/saiem/Documents/GitHub-Data/sdv-dev/wehoop-dev/ncaa-wbb-hoops-raw/logs/backfill_2025_20260813_120032.log
[12:00:35] === skip discover (season 2025 already in schedule_master; delete wbb/schedule_master.parquet to force) ===
[12:00:35] === capture 2025: 32 worker(s), chunk=400 new bundles per worker ===
transport: NCAA_VENDOR=decodo_patchright (canary_vendors.toml; ProxyBonanza not used)
transport: NCAA_VENDOR=decodo_patchright (canary_vendors.toml; ProxyBonanza not used)
transport: NCAA_VENDOR=decodo_patchright (canary_vendors.toml; ProxyBonanza not used)
transport: NCAA_VENDOR=decodo_patchright (canary_vendors.toml; ProxyBonanza not used)
transport: NCAA_VENDOR=decodo_patchright (canary_vendors.toml; ProxyBonanza not used)
transport: NCAA_VENDOR=decodo_patchright (canary_vendors.toml; ProxyBonanza not used)
transport: NCAA_VENDOR=decodo_patchright (canary_vendors.toml; ProxyBonanza not used)
log -> logs/capture_20260813_120036.log  (watch: tail -f logs/capture_20260813_120036.log)
log -> logs/capture_20260813_120036.log  (watch: tail -f logs/capture_20260813_120036.log)
transport: NCAA_VENDOR=decodo_patchright (canary_vendors.toml; ProxyBonanza not used)
log -> logs/capture_20260813_120036.log  (watch: tail -f logs/capture_20260813_120036.log)
log -> logs/capture_20260813_120036.log  (watch: tail -f logs/capture_20260813_120036.log)
transport: NCAA_VENDOR=decodo_patchright (canary_vendors.toml; ProxyBonanza not used)
log -> logs/capture_20260813_120036.log  (watch: tail -f logs/capture_20260813_120036.log)
log -> logs/capture_20260813_120036.log  (watch: tail -f logs/capture_20260813_120036.log)
transport: NCAA_VENDOR=decodo_patchright (canary_vendors.toml; ProxyBonanza not used)
transport: NCAA_VENDOR=decodo_patchright (canary_vendors.toml; ProxyBonanza not used)
transport: NCAA_VENDOR=decodo_patchright (canary_vendors.toml; ProxyBonanza not used)
transport: NCAA_VENDOR=decodo_patchright (canary_vendors.toml; ProxyBonanza not used)
transport: NCAA_VENDOR=decodo_patchright (canary_vendors.toml; ProxyBonanza not used)
log -> logs/capture_20260813_120036.log  (watch: tail -f logs/capture_20260813_120036.log)
log -> logs/capture_20260813_120036.log  (watch: tail -f logs/capture_20260813_120036.log)
transport: NCAA_VENDOR=decodo_patchright (canary_vendors.toml; ProxyBonanza not used)
transport: NCAA_VENDOR=decodo_patchright (canary_vendors.toml; ProxyBonanza not used)
transport: NCAA_VENDOR=decodo_patchright (canary_vendors.toml; ProxyBonanza not used)
transport: NCAA_VENDOR=decodo_patchright (canary_vendors.toml; ProxyBonanza not used)
transport: NCAA_VENDOR=decodo_patchright (canary_vendors.toml; ProxyBonanza not used)
log -> logs/capture_20260813_120037.log  (watch: tail -f logs/capture_20260813_120037.log)
log -> logs/capture_20260813_120036.log  (watch: tail -f logs/capture_20260813_120036.log)
log -> logs/capture_20260813_120036.log  (watch: tail -f logs/capture_20260813_120036.log)
log -> logs/capture_20260813_120036.log  (watch: tail -f logs/capture_20260813_120036.log)
transport: NCAA_VENDOR=decodo_patchright (canary_vendors.toml; ProxyBonanza not used)
transport: NCAA_VENDOR=decodo_patchright (canary_vendors.toml; ProxyBonanza not used)
transport: NCAA_VENDOR=decodo_patchright (canary_vendors.toml; ProxyBonanza not used)
transport: NCAA_VENDOR=decodo_patchright (canary_vendors.toml; ProxyBonanza not used)
log -> logs/capture_20260813_120037.log  (watch: tail -f logs/capture_20260813_120037.log)
log -> logs/capture_20260813_120037.log  (watch: tail -f logs/capture_20260813_120037.log)
log -> logs/capture_20260813_120037.log  (watch: tail -f logs/capture_20260813_120037.log)
log -> logs/capture_20260813_120037.log  (watch: tail -f logs/capture_20260813_120037.log)
transport: NCAA_VENDOR=decodo_patchright (canary_vendors.toml; ProxyBonanza not used)
log -> logs/capture_20260813_120037.log  (watch: tail -f logs/capture_20260813_120037.log)
transport: NCAA_VENDOR=decodo_patchright (canary_vendors.toml; ProxyBonanza not used)
log -> logs/capture_20260813_120037.log  (watch: tail -f logs/capture_20260813_120037.log)
transport: NCAA_VENDOR=decodo_patchright (canary_vendors.toml; ProxyBonanza not used)
log -> logs/capture_20260813_120037.log  (watch: tail -f logs/capture_20260813_120037.log)
transport: NCAA_VENDOR=decodo_patchright (canary_vendors.toml; ProxyBonanza not used)
transport: NCAA_VENDOR=decodo_patchright (canary_vendors.toml; ProxyBonanza not used)
log -> logs/capture_20260813_120037.log  (watch: tail -f logs/capture_20260813_120037.log)
log -> logs/capture_20260813_120037.log  (watch: tail -f logs/capture_20260813_120037.log)
transport: NCAA_VENDOR=decodo_patchright (canary_vendors.toml; ProxyBonanza not used)
log -> logs/capture_20260813_120037.log  (watch: tail -f logs/capture_20260813_120037.log)
log -> logs/capture_20260813_120037.log  (watch: tail -f logs/capture_20260813_120037.log)
log -> logs/capture_20260813_120037.log  (watch: tail -f logs/capture_20260813_120037.log)
log -> logs/capture_20260813_120037.log  (watch: tail -f logs/capture_20260813_120037.log)
transport: NCAA_VENDOR=decodo_patchright (canary_vendors.toml; ProxyBonanza not used)
transport: NCAA_VENDOR=decodo_patchright (canary_vendors.toml; ProxyBonanza not used)
log -> logs/capture_20260813_120037.log  (watch: tail -f logs/capture_20260813_120037.log)
transport: NCAA_VENDOR=decodo_patchright (canary_vendors.toml; ProxyBonanza not used)
log -> logs/capture_20260813_120037.log  (watch: tail -f logs/capture_20260813_120037.log)
log -> logs/capture_20260813_120037.log  (watch: tail -f logs/capture_20260813_120037.log)
log -> logs/capture_20260813_120037.log  (watch: tail -f logs/capture_20260813_120037.log)
log -> logs/capture_20260813_120037.log  (watch: tail -f logs/capture_20260813_120037.log)
log -> logs/capture_20260813_120037.log  (watch: tail -f logs/capture_20260813_120037.log)
log -> logs/capture_20260813_120037.log  (watch: tail -f logs/capture_20260813_120037.log)
pending=5960 shard=6/32 assigned=187
transport: canary vendor 'decodo_patchright'
2026-08-13 12:00:51,117 INFO vendor decodo_patchright: 64 prox(y/ies), sticky session re-minted -> session-cap1786636851w6
captured=0 skipped=187 failed=0
pending=5960 shard=2/32 assigned=187
transport: canary vendor 'decodo_patchright'
2026-08-13 12:00:52,361 INFO vendor decodo_patchright: 64 prox(y/ies), sticky session re-minted -> session-cap1786636852w2
captured=0 skipped=187 failed=0
EXIT=0
pending=5960 shard=11/32 assigned=186
transport: canary vendor 'decodo_patchright'
2026-08-13 12:00:54,113 INFO vendor decodo_patchright: 64 prox(y/ies), sticky session re-minted -> session-cap1786636854w11
captured=0 skipped=186 failed=0
EXIT=0
pending=5960 shard=0/32 assigned=187
transport: canary vendor 'decodo_patchright'
2026-08-13 12:00:54,437 INFO vendor decodo_patchright: 64 prox(y/ies), sticky session re-minted -> session-cap1786636854w0
captured=0 skipped=187 failed=0
pending=5960 shard=4/32 assigned=187
transport: canary vendor 'decodo_patchright'
pending=5960 shard=1/32 assigned=187
transport: canary vendor 'decodo_patchright'
2026-08-13 12:00:54,642 INFO vendor decodo_patchright: 64 prox(y/ies), sticky session re-minted -> session-cap1786636854w1
2026-08-13 12:00:54,573 INFO vendor decodo_patchright: 64 prox(y/ies), sticky session re-minted -> session-cap1786636854w4
captured=0 skipped=187 failed=0
captured=0 skipped=187 failed=0
pending=5960 shard=30/32 assigned=186
transport: canary vendor 'decodo_patchright'
2026-08-13 12:00:56,024 INFO vendor decodo_patchright: 64 prox(y/ies), sticky session re-minted -> session-cap1786636856w30
captured=0 skipped=186 failed=0
pending=5960 shard=5/32 assigned=187
transport: canary vendor 'decodo_patchright'
2026-08-13 12:00:56,633 INFO vendor decodo_patchright: 64 prox(y/ies), sticky session re-minted -> session-cap1786636856w5
captured=0 skipped=187 failed=0
EXIT=0
EXIT=0
EXIT=0
pending=5960 shard=25/32 assigned=186
transport: canary vendor 'decodo_patchright'
2026-08-13 12:00:58,493 INFO vendor decodo_patchright: 64 prox(y/ies), sticky session re-minted -> session-cap1786636858w25
captured=0 skipped=186 failed=0
pending=5960 shard=18/32 assigned=186
transport: canary vendor 'decodo_patchright'
2026-08-13 12:00:59,308 INFO vendor decodo_patchright: 64 prox(y/ies), sticky session re-minted -> session-cap1786636859w18
captured=0 skipped=186 failed=0
pending=5960 shard=7/32 assigned=187
transport: canary vendor 'decodo_patchright'
2026-08-13 12:00:59,669 INFO vendor decodo_patchright: 64 prox(y/ies), sticky session re-minted -> session-cap1786636859w7
EXIT=0
EXIT=0
EXIT=0
pending=5960 shard=13/32 assigned=186
transport: canary vendor 'decodo_patchright'
2026-08-13 12:01:01,697 INFO vendor decodo_patchright: 64 prox(y/ies), sticky session re-minted -> session-cap1786636861w13
EXIT=0
captured=0 skipped=186 failed=0
pending=5960 shard=10/32 assigned=186
transport: canary vendor 'decodo_patchright'
2026-08-13 12:01:02,064 INFO vendor decodo_patchright: 64 prox(y/ies), sticky session re-minted -> session-cap1786636862w10
captured=0 skipped=186 failed=0
pending=5960 shard=29/32 assigned=186
transport: canary vendor 'decodo_patchright'
2026-08-13 12:01:02,151 INFO vendor decodo_patchright: 64 prox(y/ies), sticky session re-minted -> session-cap1786636862w29
captured=0 skipped=186 failed=0
pending=5960 shard=3/32 assigned=187
transport: canary vendor 'decodo_patchright'
2026-08-13 12:01:02,243 INFO vendor decodo_patchright: 64 prox(y/ies), sticky session re-minted -> session-cap1786636862w3
captured=0 skipped=187 failed=0
EXIT=0
pending=5960 shard=19/32 assigned=186
transport: canary vendor 'decodo_patchright'
pending=5960 shard=9/32 assigned=186
transport: canary vendor 'decodo_patchright'
2026-08-13 12:01:03,826 INFO vendor decodo_patchright: 64 prox(y/ies), sticky session re-minted -> session-cap1786636863w9
pending=5960 shard=20/32 assigned=186
transport: canary vendor 'decodo_patchright'
pending=5960 shard=21/32 assigned=186
transport: canary vendor 'decodo_patchright'
2026-08-13 12:01:03,798 INFO vendor decodo_patchright: 64 prox(y/ies), sticky session re-minted -> session-cap1786636863w19
captured=0 skipped=186 failed=0
2026-08-13 12:01:03,835 INFO vendor decodo_patchright: 64 prox(y/ies), sticky session re-minted -> session-cap1786636863w21
captured=0 skipped=186 failed=0
2026-08-13 12:01:03,835 INFO vendor decodo_patchright: 64 prox(y/ies), sticky session re-minted -> session-cap1786636863w20
captured=0 skipped=186 failed=0
captured=0 skipped=186 failed=0
EXIT=0
EXIT=0
pending=5960 shard=12/32 assigned=186
transport: canary vendor 'decodo_patchright'
2026-08-13 12:01:06,420 INFO vendor decodo_patchright: 64 prox(y/ies), sticky session re-minted -> session-cap1786636866w12
captured=0 skipped=186 failed=0
EXIT=0
pending=5960 shard=14/32 assigned=186
transport: canary vendor 'decodo_patchright'
2026-08-13 12:01:07,271 INFO vendor decodo_patchright: 64 prox(y/ies), sticky session re-minted -> session-cap1786636867w14
pending=5960 shard=26/32 assigned=186
transport: canary vendor 'decodo_patchright'
2026-08-13 12:01:07,321 INFO vendor decodo_patchright: 64 prox(y/ies), sticky session re-minted -> session-cap1786636867w26
captured=0 skipped=186 failed=0
pending=5960 shard=24/32 assigned=186
transport: canary vendor 'decodo_patchright'
2026-08-13 12:01:07,471 INFO vendor decodo_patchright: 64 prox(y/ies), sticky session re-minted -> session-cap1786636867w24
captured=0 skipped=186 failed=0
pending=5960 shard=28/32 assigned=186
transport: canary vendor 'decodo_patchright'
2026-08-13 12:01:07,758 INFO vendor decodo_patchright: 64 prox(y/ies), sticky session re-minted -> session-cap1786636867w28
captured=0 skipped=186 failed=0
pending=5960 shard=27/32 assigned=186
transport: canary vendor 'decodo_patchright'
2026-08-13 12:01:07,757 INFO vendor decodo_patchright: 64 prox(y/ies), sticky session re-minted -> session-cap1786636867w27
captured=0 skipped=186 failed=0
pending=5960 shard=23/32 assigned=186
transport: canary vendor 'decodo_patchright'
2026-08-13 12:01:07,854 INFO vendor decodo_patchright: 64 prox(y/ies), sticky session re-minted -> session-cap1786636867w23
captured=0 skipped=186 failed=0
pending=5960 shard=15/32 assigned=186
transport: canary vendor 'decodo_patchright'
2026-08-13 12:01:07,886 INFO vendor decodo_patchright: 64 prox(y/ies), sticky session re-minted -> session-cap1786636867w15
captured=0 skipped=186 failed=0
pending=5960 shard=16/32 assigned=186
transport: canary vendor 'decodo_patchright'
2026-08-13 12:01:07,885 INFO vendor decodo_patchright: 64 prox(y/ies), sticky session re-minted -> session-cap1786636867w16
pending=5960 shard=31/32 assigned=186
transport: canary vendor 'decodo_patchright'
2026-08-13 12:01:07,885 INFO vendor decodo_patchright: 64 prox(y/ies), sticky session re-minted -> session-cap1786636867w31
pending=5960 shard=8/32 assigned=186
transport: canary vendor 'decodo_patchright'
pending=5960 shard=22/32 assigned=186
transport: canary vendor 'decodo_patchright'
2026-08-13 12:01:07,927 INFO vendor decodo_patchright: 64 prox(y/ies), sticky session re-minted -> session-cap1786636867w22
captured=0 skipped=186 failed=0
pending=5960 shard=17/32 assigned=186
transport: canary vendor 'decodo_patchright'
2026-08-13 12:01:07,928 INFO vendor decodo_patchright: 64 prox(y/ies), sticky session re-minted -> session-cap1786636867w17
captured=0 skipped=186 failed=0
2026-08-13 12:01:07,972 INFO vendor decodo_patchright: 64 prox(y/ies), sticky session re-minted -> session-cap1786636867w8
captured=0 skipped=186 failed=0
captured=0 skipped=186 failed=0
EXIT=0
EXIT=0
EXIT=0
EXIT=0
EXIT=0
EXIT=0
EXIT=0
EXIT=0
EXIT=0
EXIT=0
EXIT=0
EXIT=0
EXIT=0
EXIT=0
EXIT=0
EXIT=0
captured=32 skipped=154 failed=0
EXIT=0
EXIT=127
EXIT=127
