log -> logs/datasets_20260801_155439.log  (watch: tail -f logs/datasets_20260801_155439.log)
2026-08-01 15:54:42,521 INFO ESPN crosswalk joined: 344/344 teams matched (season=2011)
2026-08-01 15:54:42,527 INFO teams season=2011 league=wbb: 344 teams
datasets season=2011 league=wbb: {"teams": 344}
EXIT=0
log -> logs/datasets_20260801_155443.log  (watch: tail -f logs/datasets_20260801_155443.log)
2026-08-01 15:54:45,380 INFO ESPN crosswalk joined: 343/343 teams matched (season=2012)
2026-08-01 15:54:45,385 INFO teams season=2012 league=wbb: 343 teams
datasets season=2012 league=wbb: {"teams": 343}
EXIT=0
log -> logs/datasets_20260801_155445.log  (watch: tail -f logs/datasets_20260801_155445.log)
2026-08-01 15:54:48,860 INFO ESPN crosswalk joined: 345/345 teams matched (season=2013)
2026-08-01 15:54:48,865 INFO teams season=2013 league=wbb: 345 teams
datasets season=2013 league=wbb: {"teams": 345}
EXIT=0
log -> logs/datasets_20260801_155449.log  (watch: tail -f logs/datasets_20260801_155449.log)
2026-08-01 15:54:52,161 INFO ESPN crosswalk joined: 349/349 teams matched (season=2014)
2026-08-01 15:54:52,165 INFO teams season=2014 league=wbb: 349 teams
datasets season=2014 league=wbb: {"teams": 349}
EXIT=0
log -> logs/datasets_20260801_155452.log  (watch: tail -f logs/datasets_20260801_155452.log)
2026-08-01 15:54:55,433 INFO ESPN crosswalk joined: 349/349 teams matched (season=2015)
2026-08-01 15:54:55,438 INFO teams season=2015 league=wbb: 349 teams
datasets season=2015 league=wbb: {"teams": 349}
EXIT=0
log -> logs/datasets_20260801_155455.log  (watch: tail -f logs/datasets_20260801_155455.log)
2026-08-01 15:54:58,733 INFO ESPN crosswalk joined: 349/349 teams matched (season=2016)
2026-08-01 15:54:58,739 INFO teams season=2016 league=wbb: 349 teams
datasets season=2016 league=wbb: {"teams": 349}
EXIT=0
log -> logs/datasets_20260801_155459.log  (watch: tail -f logs/datasets_20260801_155459.log)
2026-08-01 15:55:01,750 INFO ESPN crosswalk joined: 349/349 teams matched (season=2017)
2026-08-01 15:55:01,757 INFO teams season=2017 league=wbb: 349 teams
datasets season=2017 league=wbb: {"teams": 349}
EXIT=0
log -> logs/datasets_20260801_155502.log  (watch: tail -f logs/datasets_20260801_155502.log)
2026-08-01 15:55:04,894 INFO ESPN crosswalk joined: 349/349 teams matched (season=2018)
2026-08-01 15:55:04,901 INFO teams season=2018 league=wbb: 349 teams
datasets season=2018 league=wbb: {"teams": 349}
EXIT=0
log -> logs/datasets_20260801_155505.log  (watch: tail -f logs/datasets_20260801_155505.log)
2026-08-01 15:55:08,518 INFO ESPN crosswalk joined: 351/351 teams matched (season=2019)
2026-08-01 15:55:08,523 INFO teams season=2019 league=wbb: 351 teams
datasets season=2019 league=wbb: {"teams": 351}
EXIT=0
log -> logs/datasets_20260801_155509.log  (watch: tail -f logs/datasets_20260801_155509.log)
2026-08-01 15:55:11,627 INFO ESPN crosswalk joined: 351/351 teams matched (season=2020)
2026-08-01 15:55:11,632 INFO teams season=2020 league=wbb: 351 teams
datasets season=2020 league=wbb: {"teams": 351}
EXIT=0
log -> logs/datasets_20260801_155512.log  (watch: tail -f logs/datasets_20260801_155512.log)
2026-08-01 15:55:14,418 INFO ESPN crosswalk joined: 355/355 teams matched (season=2021)
2026-08-01 15:55:14,423 INFO teams season=2021 league=wbb: 355 teams
datasets season=2021 league=wbb: {"teams": 355}
EXIT=0
log -> logs/datasets_20260801_155514.log  (watch: tail -f logs/datasets_20260801_155514.log)
2026-08-01 15:55:17,592 INFO ESPN crosswalk joined: 356/356 teams matched (season=2022)
2026-08-01 15:55:17,598 INFO teams season=2022 league=wbb: 356 teams
datasets season=2022 league=wbb: {"teams": 356}
EXIT=0
log -> logs/datasets_20260801_155518.log  (watch: tail -f logs/datasets_20260801_155518.log)
2026-08-01 15:55:20,467 INFO ESPN crosswalk joined: 361/361 teams matched (season=2023)
2026-08-01 15:55:20,472 INFO teams season=2023 league=wbb: 361 teams
datasets season=2023 league=wbb: {"teams": 361}
EXIT=0
log -> logs/datasets_20260801_155520.log  (watch: tail -f logs/datasets_20260801_155520.log)
2026-08-01 15:55:23,088 INFO ESPN crosswalk joined: 358/358 teams matched (season=2024)
2026-08-01 15:55:23,093 INFO teams season=2024 league=wbb: 358 teams
datasets season=2024 league=wbb: {"teams": 358}
EXIT=0
log -> logs/datasets_20260801_155523.log  (watch: tail -f logs/datasets_20260801_155523.log)
2026-08-01 15:55:25,831 INFO ESPN crosswalk joined: 359/359 teams matched (season=2025)
2026-08-01 15:55:25,836 INFO teams season=2025 league=wbb: 359 teams
datasets season=2025 league=wbb: {"teams": 359}
EXIT=0
log -> logs/datasets_20260801_155526.log  (watch: tail -f logs/datasets_20260801_155526.log)
2026-08-01 15:55:28,553 INFO ESPN crosswalk joined: 359/359 teams matched (season=2026)
2026-08-01 15:55:28,558 INFO teams season=2026 league=wbb: 359 teams
datasets season=2026 league=wbb: {"teams": 359}
EXIT=0
