pending=5658 shard=25/32 assigned=177
transport: canary vendor 'decodo_patchright'
2026-08-13 22:34:43,084 INFO vendor decodo_patchright: 64 prox(y/ies), sticky session re-minted -> session-cap1786674883w25
pending=5658 shard=28/32 assigned=176
transport: canary vendor 'decodo_patchright'
2026-08-13 22:34:43,323 INFO vendor decodo_patchright: 64 prox(y/ies), sticky session re-minted -> session-cap1786674883w28
pending=5658 shard=26/32 assigned=176
transport: canary vendor 'decodo_patchright'
2026-08-13 22:34:43,550 INFO vendor decodo_patchright: 64 prox(y/ies), sticky session re-minted -> session-cap1786674883w26
pending=5658 shard=29/32 assigned=176
transport: canary vendor 'decodo_patchright'
pending=5658 shard=24/32 assigned=177
transport: canary vendor 'decodo_patchright'
2026-08-13 22:34:43,618 INFO vendor decodo_patchright: 64 prox(y/ies), sticky session re-minted -> session-cap1786674883w29
pending=5658 shard=23/32 assigned=177
transport: canary vendor 'decodo_patchright'
pending=5658 shard=22/32 assigned=177
transport: canary vendor 'decodo_patchright'
2026-08-13 22:34:43,828 INFO vendor decodo_patchright: 64 prox(y/ies), sticky session re-minted -> session-cap1786674883w22
2026-08-13 22:34:43,806 INFO vendor decodo_patchright: 64 prox(y/ies), sticky session re-minted -> session-cap1786674883w24
2026-08-13 22:34:43,809 INFO vendor decodo_patchright: 64 prox(y/ies), sticky session re-minted -> session-cap1786674883w23
pending=5658 shard=18/32 assigned=177
transport: canary vendor 'decodo_patchright'
2026-08-13 22:34:44,141 INFO vendor decodo_patchright: 64 prox(y/ies), sticky session re-minted -> session-cap1786674884w18
pending=5658 shard=30/32 assigned=176
transport: canary vendor 'decodo_patchright'
2026-08-13 22:34:44,318 INFO vendor decodo_patchright: 64 prox(y/ies), sticky session re-minted -> session-cap1786674884w30
pending=5658 shard=20/32 assigned=177
transport: canary vendor 'decodo_patchright'
pending=5658 shard=27/32 assigned=176
transport: canary vendor 'decodo_patchright'
pending=5658 shard=21/32 assigned=177
transport: canary vendor 'decodo_patchright'
pending=5658 shard=17/32 assigned=177
transport: canary vendor 'decodo_patchright'
2026-08-13 22:34:45,116 INFO vendor decodo_patchright: 64 prox(y/ies), sticky session re-minted -> session-cap1786674885w20
2026-08-13 22:34:45,141 INFO vendor decodo_patchright: 64 prox(y/ies), sticky session re-minted -> session-cap1786674885w21
2026-08-13 22:34:45,169 INFO vendor decodo_patchright: 64 prox(y/ies), sticky session re-minted -> session-cap1786674885w27
pending=5658 shard=19/32 assigned=177
transport: canary vendor 'decodo_patchright'
2026-08-13 22:34:45,218 INFO vendor decodo_patchright: 64 prox(y/ies), sticky session re-minted -> session-cap1786674885w17
2026-08-13 22:34:45,223 INFO vendor decodo_patchright: 64 prox(y/ies), sticky session re-minted -> session-cap1786674885w19
pending=5658 shard=31/32 assigned=176
transport: canary vendor 'decodo_patchright'
2026-08-13 22:34:45,625 INFO vendor decodo_patchright: 64 prox(y/ies), sticky session re-minted -> session-cap1786674885w31
2026-08-13 23:56:50,192 WARNING challenge not cleared for contest_id=1633177 -- bundle not written
2026-08-13 23:58:30,686 WARNING challenge not cleared for contest_id=1633140 -- bundle not written
captured=177 skipped=0 failed=0
EXIT=0
captured=175 skipped=0 failed=1
EXIT=0
captured=177 skipped=0 failed=0
EXIT=0
captured=176 skipped=0 failed=0
EXIT=0
captured=177 skipped=0 failed=0
EXIT=0
captured=176 skipped=0 failed=0
EXIT=0
captured=176 skipped=0 failed=0
EXIT=0
captured=177 skipped=0 failed=0
EXIT=0
captured=176 skipped=0 failed=0
EXIT=0
captured=176 skipped=0 failed=1
EXIT=0
captured=177 skipped=0 failed=0
EXIT=0
captured=177 skipped=0 failed=0
EXIT=0
captured=177 skipped=0 failed=0
EXIT=0
captured=177 skipped=0 failed=0
EXIT=0
EXIT=127
