pending=5658 shard=8/31 assigned=183
transport: canary vendor 'decodo_patchright'
2026-08-14 19:50:23,897 INFO vendor decodo_patchright: 64 prox(y/ies), sticky session re-minted -> session-cap1786751423w8
pending=5658 shard=0/31 assigned=183
transport: canary vendor 'decodo_patchright'
2026-08-14 19:50:24,154 INFO vendor decodo_patchright: 64 prox(y/ies), sticky session re-minted -> session-cap1786751424w0
pending=5658 shard=9/31 assigned=183
transport: canary vendor 'decodo_patchright'
2026-08-14 19:50:25,247 INFO vendor decodo_patchright: 64 prox(y/ies), sticky session re-minted -> session-cap1786751425w9
pending=5658 shard=2/31 assigned=183
transport: canary vendor 'decodo_patchright'
2026-08-14 19:50:25,803 INFO vendor decodo_patchright: 64 prox(y/ies), sticky session re-minted -> session-cap1786751425w2
pending=5658 shard=12/31 assigned=183
transport: canary vendor 'decodo_patchright'
2026-08-14 19:50:25,949 INFO vendor decodo_patchright: 64 prox(y/ies), sticky session re-minted -> session-cap1786751425w12
pending=5658 shard=24/31 assigned=182
transport: canary vendor 'decodo_patchright'
2026-08-14 19:50:26,035 INFO vendor decodo_patchright: 64 prox(y/ies), sticky session re-minted -> session-cap1786751426w24
pending=5658 shard=18/31 assigned=182
transport: canary vendor 'decodo_patchright'
2026-08-14 19:50:26,069 INFO vendor decodo_patchright: 64 prox(y/ies), sticky session re-minted -> session-cap1786751426w18
pending=5658 shard=16/31 assigned=182
transport: canary vendor 'decodo_patchright'
2026-08-14 19:50:26,092 INFO vendor decodo_patchright: 64 prox(y/ies), sticky session re-minted -> session-cap1786751426w16
pending=5658 shard=6/31 assigned=183
transport: canary vendor 'decodo_patchright'
2026-08-14 19:50:26,414 INFO vendor decodo_patchright: 64 prox(y/ies), sticky session re-minted -> session-cap1786751426w6
pending=5658 shard=23/31 assigned=182
transport: canary vendor 'decodo_patchright'
2026-08-14 19:50:28,055 INFO vendor decodo_patchright: 64 prox(y/ies), sticky session re-minted -> session-cap1786751428w23
pending=5658 shard=10/31 assigned=183
transport: canary vendor 'decodo_patchright'
pending=5658 shard=15/31 assigned=183
transport: canary vendor 'decodo_patchright'
pending=5658 shard=28/31 assigned=182
transport: canary vendor 'decodo_patchright'
pending=5658 shard=25/31 assigned=182
transport: canary vendor 'decodo_patchright'
pending=5658 shard=21/31 assigned=182
transport: canary vendor 'decodo_patchright'
pending=5658 shard=3/31 assigned=183
transport: canary vendor 'decodo_patchright'
2026-08-14 19:50:28,346 INFO vendor decodo_patchright: 64 prox(y/ies), sticky session re-minted -> session-cap1786751428w3
2026-08-14 19:50:28,286 INFO vendor decodo_patchright: 64 prox(y/ies), sticky session re-minted -> session-cap1786751428w10
pending=5658 shard=11/31 assigned=183
transport: canary vendor 'decodo_patchright'
2026-08-14 19:50:28,283 INFO vendor decodo_patchright: 64 prox(y/ies), sticky session re-minted -> session-cap1786751428w25
pending=5658 shard=4/31 assigned=183
transport: canary vendor 'decodo_patchright'
2026-08-14 19:50:28,289 INFO vendor decodo_patchright: 64 prox(y/ies), sticky session re-minted -> session-cap1786751428w4
2026-08-14 19:50:28,525 INFO vendor decodo_patchright: 64 prox(y/ies), sticky session re-minted -> session-cap1786751428w28
pending=5658 shard=29/31 assigned=182
transport: canary vendor 'decodo_patchright'
pending=5658 shard=1/31 assigned=183
transport: canary vendor 'decodo_patchright'
pending=5658 shard=27/31 assigned=182
transport: canary vendor 'decodo_patchright'
pending=5658 shard=14/31 assigned=183
transport: canary vendor 'decodo_patchright'
pending=5658 shard=22/31 assigned=182
transport: canary vendor 'decodo_patchright'
2026-08-14 19:50:28,811 INFO vendor decodo_patchright: 64 prox(y/ies), sticky session re-minted -> session-cap1786751428w11
pending=5658 shard=26/31 assigned=182
transport: canary vendor 'decodo_patchright'
2026-08-14 19:50:28,916 INFO vendor decodo_patchright: 64 prox(y/ies), sticky session re-minted -> session-cap1786751428w26
pending=5658 shard=20/31 assigned=182
transport: canary vendor 'decodo_patchright'
2026-08-14 19:50:28,914 INFO vendor decodo_patchright: 64 prox(y/ies), sticky session re-minted -> session-cap1786751428w20
2026-08-14 19:50:29,017 INFO vendor decodo_patchright: 64 prox(y/ies), sticky session re-minted -> session-cap1786751429w21
pending=5658 shard=17/31 assigned=182
transport: canary vendor 'decodo_patchright'
2026-08-14 19:50:29,016 INFO vendor decodo_patchright: 64 prox(y/ies), sticky session re-minted -> session-cap1786751429w22
pending=5658 shard=13/31 assigned=183
transport: canary vendor 'decodo_patchright'
2026-08-14 19:50:29,015 INFO vendor decodo_patchright: 64 prox(y/ies), sticky session re-minted -> session-cap1786751429w15
2026-08-14 19:50:29,094 INFO vendor decodo_patchright: 64 prox(y/ies), sticky session re-minted -> session-cap1786751429w27
2026-08-14 19:50:29,191 INFO vendor decodo_patchright: 64 prox(y/ies), sticky session re-minted -> session-cap1786751429w29
pending=5658 shard=30/31 assigned=182
transport: canary vendor 'decodo_patchright'
pending=5658 shard=7/31 assigned=183
transport: canary vendor 'decodo_patchright'
2026-08-14 19:50:29,298 INFO vendor decodo_patchright: 64 prox(y/ies), sticky session re-minted -> session-cap1786751429w1
pending=5658 shard=19/31 assigned=182
transport: canary vendor 'decodo_patchright'
2026-08-14 19:50:29,327 INFO vendor decodo_patchright: 64 prox(y/ies), sticky session re-minted -> session-cap1786751429w17
2026-08-14 19:50:29,375 INFO vendor decodo_patchright: 64 prox(y/ies), sticky session re-minted -> session-cap1786751429w13
2026-08-14 19:50:29,369 INFO vendor decodo_patchright: 64 prox(y/ies), sticky session re-minted -> session-cap1786751429w30
2026-08-14 19:50:29,394 INFO vendor decodo_patchright: 64 prox(y/ies), sticky session re-minted -> session-cap1786751429w19
2026-08-14 19:50:29,490 INFO vendor decodo_patchright: 64 prox(y/ies), sticky session re-minted -> session-cap1786751429w14
2026-08-14 19:50:29,530 INFO vendor decodo_patchright: 64 prox(y/ies), sticky session re-minted -> session-cap1786751429w7
pending=5658 shard=5/31 assigned=183
transport: canary vendor 'decodo_patchright'
2026-08-14 19:50:29,644 INFO vendor decodo_patchright: 64 prox(y/ies), sticky session re-minted -> session-cap1786751429w5
2026-08-14 19:52:08,656 WARNING challenge not cleared for contest_id=1628345 -- bundle not written
2026-08-14 19:52:45,773 WARNING challenge not cleared for contest_id=1629895 -- bundle not written
2026-08-14 19:53:14,992 WARNING challenge not cleared for contest_id=1630942 -- bundle not written
captured=6 skipped=176 failed=0
EXIT=0
2026-08-14 19:53:50,326 WARNING challenge not cleared for contest_id=1633177 -- bundle not written
2026-08-14 19:53:50,781 WARNING challenge not cleared for contest_id=1633140 -- bundle not written
captured=6 skipped=176 failed=0
EXIT=0
captured=6 skipped=176 failed=0
EXIT=0
2026-08-14 19:54:14,107 WARNING challenge not cleared for contest_id=1716350 -- bundle not written
captured=7 skipped=175 failed=0
EXIT=0
captured=7 skipped=175 failed=0
EXIT=0
captured=7 skipped=176 failed=0
EXIT=0
captured=7 skipped=176 failed=0
EXIT=0
captured=7 skipped=175 failed=0
captured=7 skipped=176 failed=0
EXIT=0
EXIT=0
captured=7 skipped=176 failed=0
captured=7 skipped=176 failed=0
EXIT=0
EXIT=0
captured=7 skipped=176 failed=0
EXIT=0
captured=7 skipped=176 failed=0
EXIT=0
captured=6 skipped=176 failed=0
EXIT=0
captured=7 skipped=176 failed=0
EXIT=0
captured=7 skipped=175 failed=1
EXIT=0
captured=8 skipped=174 failed=0
EXIT=0
captured=7 skipped=175 failed=1
EXIT=0
captured=7 skipped=175 failed=1
EXIT=0
captured=7 skipped=176 failed=0
EXIT=0
captured=7 skipped=175 failed=1
EXIT=0
captured=8 skipped=174 failed=0
EXIT=0
captured=8 skipped=174 failed=0
EXIT=0
captured=8 skipped=174 failed=0
EXIT=0
captured=8 skipped=174 failed=0
EXIT=0
captured=7 skipped=176 failed=0
EXIT=0
captured=7 skipped=176 failed=0
EXIT=0
2026-08-14 19:55:30,881 WARNING challenge not cleared for contest_id=1719781 -- bundle not written
captured=7 skipped=173 failed=2
EXIT=0
captured=7 skipped=175 failed=0
EXIT=0
captured=7 skipped=175 failed=0
EXIT=0
captured=7 skipped=175 failed=1
EXIT=0
