pending=5618 shard=4/32 assigned=176
transport: canary vendor 'decodo_patchright'
2026-08-14 04:40:55,310 INFO vendor decodo_patchright: 64 prox(y/ies), sticky session re-minted -> session-cap1786696855w4
pending=5618 shard=8/32 assigned=176
transport: canary vendor 'decodo_patchright'
2026-08-14 04:40:56,007 INFO vendor decodo_patchright: 64 prox(y/ies), sticky session re-minted -> session-cap1786696856w8
pending=5618 shard=0/32 assigned=176
transport: canary vendor 'decodo_patchright'
2026-08-14 04:40:56,294 INFO vendor decodo_patchright: 64 prox(y/ies), sticky session re-minted -> session-cap1786696856w0
pending=5618 shard=3/32 assigned=176
transport: canary vendor 'decodo_patchright'
2026-08-14 04:40:56,709 INFO vendor decodo_patchright: 64 prox(y/ies), sticky session re-minted -> session-cap1786696856w3
pending=5618 shard=12/32 assigned=176
transport: canary vendor 'decodo_patchright'
pending=5618 shard=13/32 assigned=176
transport: canary vendor 'decodo_patchright'
2026-08-14 04:40:57,364 INFO vendor decodo_patchright: 64 prox(y/ies), sticky session re-minted -> session-cap1786696857w13
2026-08-14 04:40:57,805 INFO vendor decodo_patchright: 64 prox(y/ies), sticky session re-minted -> session-cap1786696857w12
pending=5618 shard=14/32 assigned=176
transport: canary vendor 'decodo_patchright'
pending=5618 shard=9/32 assigned=176
transport: canary vendor 'decodo_patchright'
2026-08-14 04:40:59,691 INFO vendor decodo_patchright: 64 prox(y/ies), sticky session re-minted -> session-cap1786696859w14
pending=5618 shard=1/32 assigned=176
transport: canary vendor 'decodo_patchright'
2026-08-14 04:40:59,848 INFO vendor decodo_patchright: 64 prox(y/ies), sticky session re-minted -> session-cap1786696859w1
2026-08-14 04:40:59,837 INFO vendor decodo_patchright: 64 prox(y/ies), sticky session re-minted -> session-cap1786696859w9
pending=5618 shard=6/32 assigned=176
transport: canary vendor 'decodo_patchright'
2026-08-14 04:41:00,000 INFO vendor decodo_patchright: 64 prox(y/ies), sticky session re-minted -> session-cap1786696859w6
pending=5618 shard=28/32 assigned=175
transport: canary vendor 'decodo_patchright'
2026-08-14 04:41:00,646 INFO vendor decodo_patchright: 64 prox(y/ies), sticky session re-minted -> session-cap1786696860w28
pending=5618 shard=26/32 assigned=175
transport: canary vendor 'decodo_patchright'
2026-08-14 04:41:00,629 INFO vendor decodo_patchright: 64 prox(y/ies), sticky session re-minted -> session-cap1786696860w26
pending=5618 shard=31/32 assigned=175
transport: canary vendor 'decodo_patchright'
2026-08-14 04:41:00,811 INFO vendor decodo_patchright: 64 prox(y/ies), sticky session re-minted -> session-cap1786696860w31
pending=5618 shard=19/32 assigned=175
transport: canary vendor 'decodo_patchright'
2026-08-14 04:41:00,845 INFO vendor decodo_patchright: 64 prox(y/ies), sticky session re-minted -> session-cap1786696860w19
pending=5618 shard=24/32 assigned=175
transport: canary vendor 'decodo_patchright'
pending=5618 shard=10/32 assigned=176
transport: canary vendor 'decodo_patchright'
pending=5618 shard=21/32 assigned=175
transport: canary vendor 'decodo_patchright'
2026-08-14 04:41:01,198 INFO vendor decodo_patchright: 64 prox(y/ies), sticky session re-minted -> session-cap1786696861w10
pending=5618 shard=7/32 assigned=176
transport: canary vendor 'decodo_patchright'
pending=5618 shard=5/32 assigned=176
transport: canary vendor 'decodo_patchright'
pending=5618 shard=23/32 assigned=175
transport: canary vendor 'decodo_patchright'
2026-08-14 04:41:01,278 INFO vendor decodo_patchright: 64 prox(y/ies), sticky session re-minted -> session-cap1786696861w23
2026-08-14 04:41:01,278 INFO vendor decodo_patchright: 64 prox(y/ies), sticky session re-minted -> session-cap1786696861w21
2026-08-14 04:41:01,467 INFO vendor decodo_patchright: 64 prox(y/ies), sticky session re-minted -> session-cap1786696861w7
pending=5618 shard=30/32 assigned=175
transport: canary vendor 'decodo_patchright'
2026-08-14 04:41:01,474 INFO vendor decodo_patchright: 64 prox(y/ies), sticky session re-minted -> session-cap1786696861w30
pending=5618 shard=25/32 assigned=175
transport: canary vendor 'decodo_patchright'
2026-08-14 04:41:01,574 INFO vendor decodo_patchright: 64 prox(y/ies), sticky session re-minted -> session-cap1786696861w25
pending=5618 shard=22/32 assigned=175
transport: canary vendor 'decodo_patchright'
2026-08-14 04:41:01,565 INFO vendor decodo_patchright: 64 prox(y/ies), sticky session re-minted -> session-cap1786696861w22
pending=5618 shard=16/32 assigned=176
transport: canary vendor 'decodo_patchright'
pending=5618 shard=29/32 assigned=175
transport: canary vendor 'decodo_patchright'
pending=5618 shard=27/32 assigned=175
transport: canary vendor 'decodo_patchright'
pending=5618 shard=17/32 assigned=176
transport: canary vendor 'decodo_patchright'
pending=5618 shard=15/32 assigned=176
transport: canary vendor 'decodo_patchright'
2026-08-14 04:41:01,847 INFO vendor decodo_patchright: 64 prox(y/ies), sticky session re-minted -> session-cap1786696861w24
2026-08-14 04:41:01,862 INFO vendor decodo_patchright: 64 prox(y/ies), sticky session re-minted -> session-cap1786696861w5
2026-08-14 04:41:01,915 INFO vendor decodo_patchright: 64 prox(y/ies), sticky session re-minted -> session-cap1786696861w16
pending=5618 shard=11/32 assigned=176
transport: canary vendor 'decodo_patchright'
2026-08-14 04:41:02,009 INFO vendor decodo_patchright: 64 prox(y/ies), sticky session re-minted -> session-cap1786696862w29
pending=5618 shard=20/32 assigned=175
transport: canary vendor 'decodo_patchright'
pending=5618 shard=18/32 assigned=175
transport: canary vendor 'decodo_patchright'
2026-08-14 04:41:02,045 INFO vendor decodo_patchright: 64 prox(y/ies), sticky session re-minted -> session-cap1786696862w17
2026-08-14 04:41:02,069 INFO vendor decodo_patchright: 64 prox(y/ies), sticky session re-minted -> session-cap1786696862w27
2026-08-14 04:41:02,070 INFO vendor decodo_patchright: 64 prox(y/ies), sticky session re-minted -> session-cap1786696862w11
pending=5618 shard=2/32 assigned=176
transport: canary vendor 'decodo_patchright'
2026-08-14 04:41:02,094 INFO vendor decodo_patchright: 64 prox(y/ies), sticky session re-minted -> session-cap1786696862w15
2026-08-14 04:41:02,095 INFO vendor decodo_patchright: 64 prox(y/ies), sticky session re-minted -> session-cap1786696862w20
2026-08-14 04:41:02,100 INFO vendor decodo_patchright: 64 prox(y/ies), sticky session re-minted -> session-cap1786696862w2
2026-08-14 04:41:02,097 INFO vendor decodo_patchright: 64 prox(y/ies), sticky session re-minted -> session-cap1786696862w18
2026-08-14 04:41:30,200 WARNING challenge not cleared for contest_id=459386 -- bundle not written
2026-08-14 05:38:04,209 WARNING challenge not cleared for contest_id=468353 -- bundle not written
2026-08-14 06:04:36,365 WARNING challenge not cleared for contest_id=473750 -- bundle not written
2026-08-14 06:07:09,660 WARNING challenge not cleared for contest_id=473426 -- bundle not written
2026-08-14 06:07:34,892 WARNING challenge not cleared for contest_id=473957 -- bundle not written
2026-08-14 06:08:17,411 WARNING challenge not cleared for contest_id=473969 -- bundle not written
2026-08-14 06:16:02,329 WARNING challenge not cleared for contest_id=475084 -- bundle not written
captured=176 skipped=0 failed=0
EXIT=0
captured=175 skipped=0 failed=0
EXIT=0
captured=175 skipped=0 failed=0
EXIT=0
captured=174 skipped=0 failed=1
EXIT=0
captured=175 skipped=0 failed=0
EXIT=0
captured=176 skipped=0 failed=0
EXIT=0
captured=175 skipped=0 failed=1
EXIT=0
captured=176 skipped=0 failed=0
EXIT=0
captured=175 skipped=0 failed=0
EXIT=0
captured=176 skipped=0 failed=0
EXIT=0
captured=174 skipped=0 failed=2
EXIT=0
captured=175 skipped=0 failed=0
EXIT=0
captured=175 skipped=0 failed=0
EXIT=0
captured=175 skipped=0 failed=0
EXIT=0
captured=176 skipped=0 failed=0
EXIT=0
captured=175 skipped=0 failed=0
EXIT=0
captured=175 skipped=0 failed=1
captured=176 skipped=0 failed=0
EXIT=0
EXIT=0
captured=176 skipped=0 failed=0
EXIT=0
captured=176 skipped=0 failed=0
EXIT=0
captured=175 skipped=0 failed=1
EXIT=0
captured=176 skipped=0 failed=0
EXIT=0
captured=175 skipped=0 failed=0
EXIT=0
captured=175 skipped=0 failed=0
EXIT=0
captured=176 skipped=0 failed=0
captured=174 skipped=0 failed=1
EXIT=0
EXIT=0
captured=175 skipped=0 failed=0
EXIT=0
captured=176 skipped=0 failed=0
EXIT=0
captured=175 skipped=0 failed=0
EXIT=0
captured=176 skipped=0 failed=0
EXIT=0
captured=176 skipped=0 failed=0
EXIT=0
captured=176 skipped=0 failed=0
EXIT=0
