pending=5628 shard=1/31 assigned=182
transport: canary vendor 'decodo_patchright'
2026-08-14 20:00:12,014 INFO vendor decodo_patchright: 64 prox(y/ies), sticky session re-minted -> session-cap1786752012w1
pending=5628 shard=2/31 assigned=182
transport: canary vendor 'decodo_patchright'
2026-08-14 20:00:12,999 INFO vendor decodo_patchright: 64 prox(y/ies), sticky session re-minted -> session-cap1786752012w2
pending=5628 shard=6/31 assigned=182
transport: canary vendor 'decodo_patchright'
2026-08-14 20:00:13,608 INFO vendor decodo_patchright: 64 prox(y/ies), sticky session re-minted -> session-cap1786752013w6
pending=5628 shard=12/31 assigned=182
transport: canary vendor 'decodo_patchright'
pending=5628 shard=4/31 assigned=182
transport: canary vendor 'decodo_patchright'
2026-08-14 20:00:13,995 INFO vendor decodo_patchright: 64 prox(y/ies), sticky session re-minted -> session-cap1786752013w12
2026-08-14 20:00:13,985 INFO vendor decodo_patchright: 64 prox(y/ies), sticky session re-minted -> session-cap1786752013w4
pending=5628 shard=3/31 assigned=182
transport: canary vendor 'decodo_patchright'
2026-08-14 20:00:16,282 INFO vendor decodo_patchright: 64 prox(y/ies), sticky session re-minted -> session-cap1786752016w3
pending=5628 shard=7/31 assigned=182
transport: canary vendor 'decodo_patchright'
2026-08-14 20:00:17,170 INFO vendor decodo_patchright: 64 prox(y/ies), sticky session re-minted -> session-cap1786752017w7
pending=5628 shard=11/31 assigned=182
transport: canary vendor 'decodo_patchright'
2026-08-14 20:00:17,669 INFO vendor decodo_patchright: 64 prox(y/ies), sticky session re-minted -> session-cap1786752017w11
pending=5628 shard=5/31 assigned=182
transport: canary vendor 'decodo_patchright'
2026-08-14 20:00:17,964 INFO vendor decodo_patchright: 64 prox(y/ies), sticky session re-minted -> session-cap1786752017w5
pending=5628 shard=8/31 assigned=182
transport: canary vendor 'decodo_patchright'
2026-08-14 20:00:18,155 INFO vendor decodo_patchright: 64 prox(y/ies), sticky session re-minted -> session-cap1786752018w8
pending=5628 shard=0/31 assigned=182
transport: canary vendor 'decodo_patchright'
2026-08-14 20:00:18,779 INFO vendor decodo_patchright: 64 prox(y/ies), sticky session re-minted -> session-cap1786752018w0
pending=5628 shard=10/31 assigned=182
transport: canary vendor 'decodo_patchright'
pending=5628 shard=9/31 assigned=182
transport: canary vendor 'decodo_patchright'
2026-08-14 20:00:19,570 INFO vendor decodo_patchright: 64 prox(y/ies), sticky session re-minted -> session-cap1786752019w10
2026-08-14 20:00:19,541 INFO vendor decodo_patchright: 64 prox(y/ies), sticky session re-minted -> session-cap1786752019w9
captured=10 skipped=172 failed=0
EXIT=0
captured=10 skipped=172 failed=0
EXIT=0
captured=11 skipped=171 failed=0
EXIT=0
captured=11 skipped=171 failed=0
EXIT=0
captured=11 skipped=171 failed=0
EXIT=0
captured=10 skipped=172 failed=0
EXIT=0
captured=12 skipped=170 failed=0
EXIT=0
captured=12 skipped=170 failed=0
EXIT=0
captured=12 skipped=170 failed=0
EXIT=0
captured=12 skipped=170 failed=0
EXIT=0
captured=12 skipped=170 failed=0
EXIT=0
captured=11 skipped=171 failed=0
EXIT=0
captured=12 skipped=170 failed=0
EXIT=0
