pending=5588 shard=10/31 assigned=180
transport: canary vendor 'decodo_patchright'
2026-08-14 20:35:34,086 INFO vendor decodo_patchright: 64 prox(y/ies), sticky session re-minted -> session-cap1786754134w10
captured=0 skipped=180 failed=0
pending=5588 shard=15/31 assigned=180
transport: canary vendor 'decodo_patchright'
2026-08-14 20:35:34,303 INFO vendor decodo_patchright: 64 prox(y/ies), sticky session re-minted -> session-cap1786754134w15
captured=0 skipped=180 failed=0
pending=5588 shard=13/31 assigned=180
transport: canary vendor 'decodo_patchright'
2026-08-14 20:35:35,345 INFO vendor decodo_patchright: 64 prox(y/ies), sticky session re-minted -> session-cap1786754135w13
captured=0 skipped=180 failed=0
EXIT=0
pending=5588 shard=23/31 assigned=180
transport: canary vendor 'decodo_patchright'
pending=5588 shard=19/31 assigned=180
transport: canary vendor 'decodo_patchright'
2026-08-14 20:35:35,439 INFO vendor decodo_patchright: 64 prox(y/ies), sticky session re-minted -> session-cap1786754135w19
pending=5588 shard=11/31 assigned=180
transport: canary vendor 'decodo_patchright'
pending=5588 shard=21/31 assigned=180
transport: canary vendor 'decodo_patchright'
pending=5588 shard=18/31 assigned=180
transport: canary vendor 'decodo_patchright'
EXIT=0
captured=0 skipped=180 failed=0
2026-08-14 20:35:35,589 INFO vendor decodo_patchright: 64 prox(y/ies), sticky session re-minted -> session-cap1786754135w23
pending=5588 shard=7/31 assigned=181
transport: canary vendor 'decodo_patchright'
captured=0 skipped=180 failed=0
2026-08-14 20:35:35,729 INFO vendor decodo_patchright: 64 prox(y/ies), sticky session re-minted -> session-cap1786754135w11
captured=0 skipped=180 failed=0
2026-08-14 20:35:35,791 INFO vendor decodo_patchright: 64 prox(y/ies), sticky session re-minted -> session-cap1786754135w21
captured=0 skipped=180 failed=0
2026-08-14 20:35:35,826 INFO vendor decodo_patchright: 64 prox(y/ies), sticky session re-minted -> session-cap1786754135w18
2026-08-14 20:35:35,830 INFO vendor decodo_patchright: 64 prox(y/ies), sticky session re-minted -> session-cap1786754135w7
captured=0 skipped=180 failed=0
pending=5588 shard=9/31 assigned=180
transport: canary vendor 'decodo_patchright'
pending=5588 shard=17/31 assigned=180
transport: canary vendor 'decodo_patchright'
2026-08-14 20:35:36,002 INFO vendor decodo_patchright: 64 prox(y/ies), sticky session re-minted -> session-cap1786754136w17
captured=0 skipped=180 failed=0
2026-08-14 20:35:35,969 INFO vendor decodo_patchright: 64 prox(y/ies), sticky session re-minted -> session-cap1786754135w9
captured=0 skipped=180 failed=0
pending=5588 shard=12/31 assigned=180
transport: canary vendor 'decodo_patchright'
2026-08-14 20:35:36,051 INFO vendor decodo_patchright: 64 prox(y/ies), sticky session re-minted -> session-cap1786754136w12
captured=0 skipped=180 failed=0
pending=5588 shard=16/31 assigned=180
transport: canary vendor 'decodo_patchright'
2026-08-14 20:35:36,089 INFO vendor decodo_patchright: 64 prox(y/ies), sticky session re-minted -> session-cap1786754136w16
captured=0 skipped=180 failed=0
pending=5588 shard=28/31 assigned=180
transport: canary vendor 'decodo_patchright'
2026-08-14 20:35:36,176 INFO vendor decodo_patchright: 64 prox(y/ies), sticky session re-minted -> session-cap1786754136w28
captured=0 skipped=180 failed=0
pending=5588 shard=24/31 assigned=180
transport: canary vendor 'decodo_patchright'
2026-08-14 20:35:36,253 INFO vendor decodo_patchright: 64 prox(y/ies), sticky session re-minted -> session-cap1786754136w24
captured=0 skipped=180 failed=0
EXIT=0
EXIT=0
pending=5588 shard=8/31 assigned=180
transport: canary vendor 'decodo_patchright'
2026-08-14 20:35:36,395 INFO vendor decodo_patchright: 64 prox(y/ies), sticky session re-minted -> session-cap1786754136w8
captured=0 skipped=180 failed=0
pending=5588 shard=20/31 assigned=180
transport: canary vendor 'decodo_patchright'
2026-08-14 20:35:36,446 INFO vendor decodo_patchright: 64 prox(y/ies), sticky session re-minted -> session-cap1786754136w20
EXIT=0
captured=0 skipped=180 failed=0
pending=5588 shard=25/31 assigned=180
transport: canary vendor 'decodo_patchright'
2026-08-14 20:35:36,477 INFO vendor decodo_patchright: 64 prox(y/ies), sticky session re-minted -> session-cap1786754136w25
pending=5588 shard=26/31 assigned=180
transport: canary vendor 'decodo_patchright'
2026-08-14 20:35:36,479 INFO vendor decodo_patchright: 64 prox(y/ies), sticky session re-minted -> session-cap1786754136w26
captured=0 skipped=180 failed=0
EXIT=0
pending=5588 shard=29/31 assigned=180
transport: canary vendor 'decodo_patchright'
2026-08-14 20:35:36,516 INFO vendor decodo_patchright: 64 prox(y/ies), sticky session re-minted -> session-cap1786754136w29
pending=5588 shard=30/31 assigned=180
transport: canary vendor 'decodo_patchright'
2026-08-14 20:35:36,525 INFO vendor decodo_patchright: 64 prox(y/ies), sticky session re-minted -> session-cap1786754136w30
captured=0 skipped=180 failed=0
pending=5588 shard=27/31 assigned=180
transport: canary vendor 'decodo_patchright'
2026-08-14 20:35:36,538 INFO vendor decodo_patchright: 64 prox(y/ies), sticky session re-minted -> session-cap1786754136w27
captured=0 skipped=180 failed=0
EXIT=0
captured=0 skipped=180 failed=0
pending=5588 shard=14/31 assigned=180
transport: canary vendor 'decodo_patchright'
2026-08-14 20:35:36,575 INFO vendor decodo_patchright: 64 prox(y/ies), sticky session re-minted -> session-cap1786754136w14
captured=0 skipped=180 failed=0
EXIT=0
EXIT=0
pending=5588 shard=22/31 assigned=180
transport: canary vendor 'decodo_patchright'
EXIT=0
2026-08-14 20:35:36,672 INFO vendor decodo_patchright: 64 prox(y/ies), sticky session re-minted -> session-cap1786754136w22
captured=0 skipped=180 failed=0
EXIT=0
EXIT=0
EXIT=0
EXIT=0
EXIT=0
EXIT=0
EXIT=0
EXIT=0
EXIT=0
EXIT=0
EXIT=0
EXIT=0
2026-08-14 20:36:10,816 WARNING challenge not cleared for contest_id=555052 -- bundle not written
captured=0 skipped=180 failed=1
EXIT=0
2026-08-14 20:36:11,829 WARNING challenge not cleared for contest_id=548953 -- bundle not written
captured=0 skipped=179 failed=1
EXIT=0
