pending=6019 shard=0/32 assigned=189
transport: canary vendor 'decodo_patchright'
2026-08-13 09:08:20,340 INFO vendor decodo_patchright: 64 prox(y/ies), sticky session re-minted -> session-cap1786626500w0
captured=0 skipped=189 failed=0
pending=6019 shard=6/32 assigned=188
transport: canary vendor 'decodo_patchright'
2026-08-13 09:08:20,996 INFO vendor decodo_patchright: 64 prox(y/ies), sticky session re-minted -> session-cap1786626500w6
captured=0 skipped=188 failed=0
EXIT=0
EXIT=0
pending=6019 shard=15/32 assigned=188
transport: canary vendor 'decodo_patchright'
2026-08-13 09:08:23,082 INFO vendor decodo_patchright: 64 prox(y/ies), sticky session re-minted -> session-cap1786626503w15
captured=0 skipped=188 failed=0
pending=6019 shard=13/32 assigned=188
transport: canary vendor 'decodo_patchright'
2026-08-13 09:08:23,113 INFO vendor decodo_patchright: 64 prox(y/ies), sticky session re-minted -> session-cap1786626503w13
captured=0 skipped=188 failed=0
pending=6019 shard=12/32 assigned=188
transport: canary vendor 'decodo_patchright'
2026-08-13 09:08:23,114 INFO vendor decodo_patchright: 64 prox(y/ies), sticky session re-minted -> session-cap1786626503w12
pending=6019 shard=19/32 assigned=188
transport: canary vendor 'decodo_patchright'
2026-08-13 09:08:23,117 INFO vendor decodo_patchright: 64 prox(y/ies), sticky session re-minted -> session-cap1786626503w19
captured=0 skipped=188 failed=0
pending=6019 shard=1/32 assigned=189
transport: canary vendor 'decodo_patchright'
2026-08-13 09:08:23,250 INFO vendor decodo_patchright: 64 prox(y/ies), sticky session re-minted -> session-cap1786626503w1
pending=6019 shard=17/32 assigned=188
transport: canary vendor 'decodo_patchright'
2026-08-13 09:08:23,299 INFO vendor decodo_patchright: 64 prox(y/ies), sticky session re-minted -> session-cap1786626503w17
captured=0 skipped=188 failed=0
captured=0 skipped=189 failed=0
pending=6019 shard=7/32 assigned=188
transport: canary vendor 'decodo_patchright'
2026-08-13 09:08:23,300 INFO vendor decodo_patchright: 64 prox(y/ies), sticky session re-minted -> session-cap1786626503w7
pending=6019 shard=4/32 assigned=188
transport: canary vendor 'decodo_patchright'
2026-08-13 09:08:23,299 INFO vendor decodo_patchright: 64 prox(y/ies), sticky session re-minted -> session-cap1786626503w4
captured=0 skipped=188 failed=0
pending=6019 shard=18/32 assigned=188
transport: canary vendor 'decodo_patchright'
2026-08-13 09:08:23,368 INFO vendor decodo_patchright: 64 prox(y/ies), sticky session re-minted -> session-cap1786626503w18
captured=0 skipped=188 failed=0
captured=0 skipped=188 failed=0
pending=6019 shard=2/32 assigned=189
transport: canary vendor 'decodo_patchright'
2026-08-13 09:08:23,364 INFO vendor decodo_patchright: 64 prox(y/ies), sticky session re-minted -> session-cap1786626503w2
pending=6019 shard=21/32 assigned=188
transport: canary vendor 'decodo_patchright'
2026-08-13 09:08:23,450 INFO vendor decodo_patchright: 64 prox(y/ies), sticky session re-minted -> session-cap1786626503w21
pending=6019 shard=16/32 assigned=188
transport: canary vendor 'decodo_patchright'
pending=6019 shard=5/32 assigned=188
transport: canary vendor 'decodo_patchright'
2026-08-13 09:08:23,456 INFO vendor decodo_patchright: 64 prox(y/ies), sticky session re-minted -> session-cap1786626503w16
captured=0 skipped=188 failed=0
captured=0 skipped=188 failed=0
pending=6019 shard=25/32 assigned=188
transport: canary vendor 'decodo_patchright'
pending=6019 shard=31/32 assigned=188
transport: canary vendor 'decodo_patchright'
2026-08-13 09:08:23,770 INFO vendor decodo_patchright: 64 prox(y/ies), sticky session re-minted -> session-cap1786626503w31
captured=0 skipped=188 failed=0
pending=6019 shard=22/32 assigned=188
transport: canary vendor 'decodo_patchright'
2026-08-13 09:08:23,777 INFO vendor decodo_patchright: 64 prox(y/ies), sticky session re-minted -> session-cap1786626503w5
captured=0 skipped=188 failed=0
2026-08-13 09:08:23,813 INFO vendor decodo_patchright: 64 prox(y/ies), sticky session re-minted -> session-cap1786626503w22
pending=6019 shard=9/32 assigned=188
transport: canary vendor 'decodo_patchright'
2026-08-13 09:08:23,814 INFO vendor decodo_patchright: 64 prox(y/ies), sticky session re-minted -> session-cap1786626503w9
pending=6019 shard=11/32 assigned=188
transport: canary vendor 'decodo_patchright'
2026-08-13 09:08:23,814 INFO vendor decodo_patchright: 64 prox(y/ies), sticky session re-minted -> session-cap1786626503w25
captured=0 skipped=188 failed=0
captured=0 skipped=188 failed=0
pending=6019 shard=3/32 assigned=188
transport: canary vendor 'decodo_patchright'
captured=0 skipped=188 failed=0
2026-08-13 09:08:23,861 INFO vendor decodo_patchright: 64 prox(y/ies), sticky session re-minted -> session-cap1786626503w3
2026-08-13 09:08:23,878 INFO vendor decodo_patchright: 64 prox(y/ies), sticky session re-minted -> session-cap1786626503w11
EXIT=0
pending=6019 shard=24/32 assigned=188
transport: canary vendor 'decodo_patchright'
captured=0 skipped=188 failed=0
captured=0 skipped=188 failed=0
EXIT=0
pending=6019 shard=10/32 assigned=188
transport: canary vendor 'decodo_patchright'
2026-08-13 09:08:23,902 INFO vendor decodo_patchright: 64 prox(y/ies), sticky session re-minted -> session-cap1786626503w24
captured=0 skipped=188 failed=0
EXIT=0
2026-08-13 09:08:23,947 INFO vendor decodo_patchright: 64 prox(y/ies), sticky session re-minted -> session-cap1786626503w10
captured=0 skipped=188 failed=0
EXIT=0
pending=6019 shard=20/32 assigned=188
transport: canary vendor 'decodo_patchright'
pending=6019 shard=8/32 assigned=188
transport: canary vendor 'decodo_patchright'
2026-08-13 09:08:24,166 INFO vendor decodo_patchright: 64 prox(y/ies), sticky session re-minted -> session-cap1786626504w20
captured=0 skipped=188 failed=0
2026-08-13 09:08:24,205 INFO vendor decodo_patchright: 64 prox(y/ies), sticky session re-minted -> session-cap1786626504w8
EXIT=0
captured=0 skipped=188 failed=0
EXIT=0
EXIT=0
EXIT=0
EXIT=0
EXIT=0
EXIT=0
EXIT=0
EXIT=0
EXIT=0
pending=6019 shard=28/32 assigned=188
transport: canary vendor 'decodo_patchright'
2026-08-13 09:08:24,651 INFO vendor decodo_patchright: 64 prox(y/ies), sticky session re-minted -> session-cap1786626504w28
pending=6019 shard=26/32 assigned=188
transport: canary vendor 'decodo_patchright'
2026-08-13 09:08:24,665 INFO vendor decodo_patchright: 64 prox(y/ies), sticky session re-minted -> session-cap1786626504w26
pending=6019 shard=30/32 assigned=188
transport: canary vendor 'decodo_patchright'
captured=0 skipped=188 failed=0
EXIT=0
2026-08-13 09:08:24,677 INFO vendor decodo_patchright: 64 prox(y/ies), sticky session re-minted -> session-cap1786626504w30
pending=6019 shard=23/32 assigned=188
transport: canary vendor 'decodo_patchright'
captured=0 skipped=188 failed=0
EXIT=0
captured=0 skipped=188 failed=0
2026-08-13 09:08:24,692 INFO vendor decodo_patchright: 64 prox(y/ies), sticky session re-minted -> session-cap1786626504w23
captured=0 skipped=188 failed=0
EXIT=0
EXIT=0
pending=6019 shard=29/32 assigned=188
transport: canary vendor 'decodo_patchright'
pending=6019 shard=14/32 assigned=188
transport: canary vendor 'decodo_patchright'
2026-08-13 09:08:24,756 INFO vendor decodo_patchright: 64 prox(y/ies), sticky session re-minted -> session-cap1786626504w29
EXIT=0
pending=6019 shard=27/32 assigned=188
transport: canary vendor 'decodo_patchright'
2026-08-13 09:08:24,780 INFO vendor decodo_patchright: 64 prox(y/ies), sticky session re-minted -> session-cap1786626504w27
2026-08-13 09:08:24,775 INFO vendor decodo_patchright: 64 prox(y/ies), sticky session re-minted -> session-cap1786626504w14
captured=0 skipped=188 failed=0
captured=0 skipped=188 failed=0
captured=0 skipped=188 failed=0
EXIT=0
EXIT=0
EXIT=0
EXIT=0
EXIT=0
EXIT=0
EXIT=0
EXIT=0
EXIT=0
EXIT=127
EXIT=127
