pending=6019 shard=5/31 assigned=194
transport: canary vendor 'decodo_patchright'
2026-08-14 18:07:05,804 INFO vendor decodo_patchright: 64 prox(y/ies), sticky session re-minted -> session-cap1786745225w5
pending=6019 shard=4/31 assigned=195
transport: canary vendor 'decodo_patchright'
2026-08-14 18:07:06,452 INFO vendor decodo_patchright: 64 prox(y/ies), sticky session re-minted -> session-cap1786745226w4
pending=6019 shard=11/31 assigned=194
transport: canary vendor 'decodo_patchright'
2026-08-14 18:07:06,648 INFO vendor decodo_patchright: 64 prox(y/ies), sticky session re-minted -> session-cap1786745226w11
pending=6019 shard=6/31 assigned=194
transport: canary vendor 'decodo_patchright'
2026-08-14 18:07:06,721 INFO vendor decodo_patchright: 64 prox(y/ies), sticky session re-minted -> session-cap1786745226w6
pending=6019 shard=3/31 assigned=195
transport: canary vendor 'decodo_patchright'
2026-08-14 18:07:07,181 INFO vendor decodo_patchright: 64 prox(y/ies), sticky session re-minted -> session-cap1786745227w3
pending=6019 shard=12/31 assigned=194
transport: canary vendor 'decodo_patchright'
pending=6019 shard=2/31 assigned=195
transport: canary vendor 'decodo_patchright'
pending=6019 shard=7/31 assigned=194
transport: canary vendor 'decodo_patchright'
pending=6019 shard=8/31 assigned=194
transport: canary vendor 'decodo_patchright'
2026-08-14 18:07:08,078 INFO vendor decodo_patchright: 64 prox(y/ies), sticky session re-minted -> session-cap1786745228w12
2026-08-14 18:07:08,104 INFO vendor decodo_patchright: 64 prox(y/ies), sticky session re-minted -> session-cap1786745228w7
2026-08-14 18:07:08,185 INFO vendor decodo_patchright: 64 prox(y/ies), sticky session re-minted -> session-cap1786745228w8
2026-08-14 18:07:08,506 INFO vendor decodo_patchright: 64 prox(y/ies), sticky session re-minted -> session-cap1786745228w2
pending=6019 shard=1/31 assigned=195
transport: canary vendor 'decodo_patchright'
2026-08-14 18:07:09,102 INFO vendor decodo_patchright: 64 prox(y/ies), sticky session re-minted -> session-cap1786745229w1
pending=6019 shard=9/31 assigned=194
transport: canary vendor 'decodo_patchright'
2026-08-14 18:07:09,395 INFO vendor decodo_patchright: 64 prox(y/ies), sticky session re-minted -> session-cap1786745229w9
pending=6019 shard=29/31 assigned=194
transport: canary vendor 'decodo_patchright'
2026-08-14 18:07:09,465 INFO vendor decodo_patchright: 64 prox(y/ies), sticky session re-minted -> session-cap1786745229w29
pending=6019 shard=21/31 assigned=194
transport: canary vendor 'decodo_patchright'
2026-08-14 18:07:09,673 INFO vendor decodo_patchright: 64 prox(y/ies), sticky session re-minted -> session-cap1786745229w21
pending=6019 shard=10/31 assigned=194
transport: canary vendor 'decodo_patchright'
pending=6019 shard=28/31 assigned=194
transport: canary vendor 'decodo_patchright'
pending=6019 shard=15/31 assigned=194
transport: canary vendor 'decodo_patchright'
pending=6019 shard=24/31 assigned=194
transport: canary vendor 'decodo_patchright'
pending=6019 shard=19/31 assigned=194
transport: canary vendor 'decodo_patchright'
pending=6019 shard=14/31 assigned=194
transport: canary vendor 'decodo_patchright'
pending=6019 shard=13/31 assigned=194
transport: canary vendor 'decodo_patchright'
pending=6019 shard=27/31 assigned=194
transport: canary vendor 'decodo_patchright'
2026-08-14 18:07:10,873 INFO vendor decodo_patchright: 64 prox(y/ies), sticky session re-minted -> session-cap1786745230w15
2026-08-14 18:07:10,868 INFO vendor decodo_patchright: 64 prox(y/ies), sticky session re-minted -> session-cap1786745230w27
2026-08-14 18:07:11,041 INFO vendor decodo_patchright: 64 prox(y/ies), sticky session re-minted -> session-cap1786745231w10
2026-08-14 18:07:11,131 INFO vendor decodo_patchright: 64 prox(y/ies), sticky session re-minted -> session-cap1786745231w13
2026-08-14 18:07:11,187 INFO vendor decodo_patchright: 64 prox(y/ies), sticky session re-minted -> session-cap1786745231w14
pending=6019 shard=30/31 assigned=194
transport: canary vendor 'decodo_patchright'
2026-08-14 18:07:11,176 INFO vendor decodo_patchright: 64 prox(y/ies), sticky session re-minted -> session-cap1786745231w28
pending=6019 shard=22/31 assigned=194
transport: canary vendor 'decodo_patchright'
2026-08-14 18:07:11,393 INFO vendor decodo_patchright: 64 prox(y/ies), sticky session re-minted -> session-cap1786745231w24
pending=6019 shard=16/31 assigned=194
transport: canary vendor 'decodo_patchright'
2026-08-14 18:07:11,475 INFO vendor decodo_patchright: 64 prox(y/ies), sticky session re-minted -> session-cap1786745231w22
2026-08-14 18:07:11,507 INFO vendor decodo_patchright: 64 prox(y/ies), sticky session re-minted -> session-cap1786745231w16
pending=6019 shard=17/31 assigned=194
transport: canary vendor 'decodo_patchright'
pending=6019 shard=18/31 assigned=194
transport: canary vendor 'decodo_patchright'
pending=6019 shard=23/31 assigned=194
transport: canary vendor 'decodo_patchright'
2026-08-14 18:07:11,710 INFO vendor decodo_patchright: 64 prox(y/ies), sticky session re-minted -> session-cap1786745231w19
2026-08-14 18:07:11,844 INFO vendor decodo_patchright: 64 prox(y/ies), sticky session re-minted -> session-cap1786745231w30
2026-08-14 18:07:11,972 INFO vendor decodo_patchright: 64 prox(y/ies), sticky session re-minted -> session-cap1786745231w17
pending=6019 shard=26/31 assigned=194
transport: canary vendor 'decodo_patchright'
2026-08-14 18:07:12,583 INFO vendor decodo_patchright: 64 prox(y/ies), sticky session re-minted -> session-cap1786745232w26
pending=6019 shard=20/31 assigned=194
transport: canary vendor 'decodo_patchright'
2026-08-14 18:07:12,884 INFO vendor decodo_patchright: 64 prox(y/ies), sticky session re-minted -> session-cap1786745232w23
pending=6019 shard=25/31 assigned=194
transport: canary vendor 'decodo_patchright'
2026-08-14 18:07:13,181 INFO vendor decodo_patchright: 64 prox(y/ies), sticky session re-minted -> session-cap1786745233w18
2026-08-14 18:07:13,319 INFO vendor decodo_patchright: 64 prox(y/ies), sticky session re-minted -> session-cap1786745233w25
2026-08-14 18:07:13,523 INFO vendor decodo_patchright: 64 prox(y/ies), sticky session re-minted -> session-cap1786745233w20
captured=6 skipped=189 failed=0
EXIT=0
captured=6 skipped=188 failed=0
EXIT=0
captured=6 skipped=189 failed=0
EXIT=0
captured=6 skipped=188 failed=0
EXIT=0
captured=6 skipped=188 failed=0
EXIT=0
captured=6 skipped=188 failed=0
captured=6 skipped=188 failed=0
EXIT=0
captured=6 skipped=188 failed=0
EXIT=0
EXIT=0
captured=6 skipped=188 failed=0
captured=6 skipped=188 failed=0
captured=6 skipped=189 failed=0
EXIT=0
EXIT=0
EXIT=0
captured=6 skipped=188 failed=0
captured=6 skipped=188 failed=0
EXIT=0
captured=6 skipped=188 failed=0
captured=6 skipped=188 failed=0
EXIT=0
EXIT=0
EXIT=0
captured=6 skipped=188 failed=0
captured=6 skipped=188 failed=0
EXIT=0
EXIT=0
captured=6 skipped=188 failed=0
EXIT=0
captured=6 skipped=188 failed=0
captured=6 skipped=189 failed=0
EXIT=0
EXIT=0
captured=6 skipped=188 failed=0
EXIT=0
captured=7 skipped=187 failed=0
EXIT=0
captured=6 skipped=188 failed=0
EXIT=0
captured=6 skipped=188 failed=0
EXIT=0
captured=7 skipped=187 failed=0
EXIT=0
captured=6 skipped=188 failed=0
EXIT=0
captured=7 skipped=187 failed=0
EXIT=0
captured=7 skipped=187 failed=0
EXIT=0
captured=7 skipped=187 failed=0
EXIT=0
captured=6 skipped=188 failed=0
EXIT=0
