pending=5464 shard=3/31 assigned=177
transport: canary vendor 'decodo_patchright'
2026-08-14 21:01:22,491 INFO vendor decodo_patchright: 64 prox(y/ies), sticky session re-minted -> session-cap1786755682w3
captured=0 skipped=177 failed=0
pending=5464 shard=12/31 assigned=176
transport: canary vendor 'decodo_patchright'
2026-08-14 21:01:22,732 INFO vendor decodo_patchright: 64 prox(y/ies), sticky session re-minted -> session-cap1786755682w12
captured=0 skipped=176 failed=0
pending=5464 shard=0/31 assigned=177
transport: canary vendor 'decodo_patchright'
2026-08-14 21:01:23,239 INFO vendor decodo_patchright: 64 prox(y/ies), sticky session re-minted -> session-cap1786755683w0
captured=0 skipped=177 failed=0
pending=5464 shard=11/31 assigned=176
transport: canary vendor 'decodo_patchright'
2026-08-14 21:01:23,216 INFO vendor decodo_patchright: 64 prox(y/ies), sticky session re-minted -> session-cap1786755683w11
captured=0 skipped=176 failed=0
pending=5464 shard=9/31 assigned=176
transport: canary vendor 'decodo_patchright'
2026-08-14 21:01:24,142 INFO vendor decodo_patchright: 64 prox(y/ies), sticky session re-minted -> session-cap1786755684w9
pending=5464 shard=4/31 assigned=177
transport: canary vendor 'decodo_patchright'
2026-08-14 21:01:24,164 INFO vendor decodo_patchright: 64 prox(y/ies), sticky session re-minted -> session-cap1786755684w4
captured=0 skipped=177 failed=0
captured=0 skipped=176 failed=0
pending=5464 shard=16/31 assigned=176
transport: canary vendor 'decodo_patchright'
pending=5464 shard=6/31 assigned=177
transport: canary vendor 'decodo_patchright'
2026-08-14 21:01:24,519 INFO vendor decodo_patchright: 64 prox(y/ies), sticky session re-minted -> session-cap1786755684w16
captured=0 skipped=176 failed=0
EXIT=0
EXIT=0
2026-08-14 21:01:24,836 INFO vendor decodo_patchright: 64 prox(y/ies), sticky session re-minted -> session-cap1786755684w6
captured=0 skipped=177 failed=0
pending=5464 shard=17/31 assigned=176
transport: canary vendor 'decodo_patchright'
2026-08-14 21:01:25,139 INFO vendor decodo_patchright: 64 prox(y/ies), sticky session re-minted -> session-cap1786755685w17
captured=0 skipped=176 failed=0
EXIT=0
EXIT=0
pending=5464 shard=13/31 assigned=176
transport: canary vendor 'decodo_patchright'
2026-08-14 21:01:25,387 INFO vendor decodo_patchright: 64 prox(y/ies), sticky session re-minted -> session-cap1786755685w13
captured=0 skipped=176 failed=0
EXIT=0
EXIT=0
pending=5464 shard=2/31 assigned=177
transport: canary vendor 'decodo_patchright'
2026-08-14 21:01:25,603 INFO vendor decodo_patchright: 64 prox(y/ies), sticky session re-minted -> session-cap1786755685w2
captured=0 skipped=177 failed=0
EXIT=0
EXIT=0
EXIT=0
pending=5464 shard=1/31 assigned=177
transport: canary vendor 'decodo_patchright'
2026-08-14 21:01:26,110 INFO vendor decodo_patchright: 64 prox(y/ies), sticky session re-minted -> session-cap1786755686w1
captured=0 skipped=177 failed=0
pending=5464 shard=15/31 assigned=176
transport: canary vendor 'decodo_patchright'
2026-08-14 21:01:26,144 INFO vendor decodo_patchright: 64 prox(y/ies), sticky session re-minted -> session-cap1786755686w15
captured=0 skipped=176 failed=0
pending=5464 shard=7/31 assigned=177
transport: canary vendor 'decodo_patchright'
2026-08-14 21:01:26,177 INFO vendor decodo_patchright: 64 prox(y/ies), sticky session re-minted -> session-cap1786755686w7
EXIT=0
pending=5464 shard=5/31 assigned=177
transport: canary vendor 'decodo_patchright'
2026-08-14 21:01:26,252 INFO vendor decodo_patchright: 64 prox(y/ies), sticky session re-minted -> session-cap1786755686w5
EXIT=0
pending=5464 shard=8/31 assigned=176
transport: canary vendor 'decodo_patchright'
2026-08-14 21:01:26,330 INFO vendor decodo_patchright: 64 prox(y/ies), sticky session re-minted -> session-cap1786755686w8
pending=5464 shard=10/31 assigned=176
transport: canary vendor 'decodo_patchright'
2026-08-14 21:01:26,327 INFO vendor decodo_patchright: 64 prox(y/ies), sticky session re-minted -> session-cap1786755686w10
captured=0 skipped=176 failed=0
captured=0 skipped=176 failed=0
pending=5464 shard=14/31 assigned=176
transport: canary vendor 'decodo_patchright'
2026-08-14 21:01:26,422 INFO vendor decodo_patchright: 64 prox(y/ies), sticky session re-minted -> session-cap1786755686w14
captured=0 skipped=176 failed=0
EXIT=0
EXIT=0
EXIT=0
EXIT=0
EXIT=0
2026-08-14 21:01:59,538 WARNING challenge not cleared for contest_id=809323 -- bundle not written
captured=0 skipped=176 failed=1
EXIT=0
2026-08-14 21:02:06,518 WARNING challenge not cleared for contest_id=818574 -- bundle not written
captured=0 skipped=176 failed=1
EXIT=0
