pending=5511 shard=11/31 assigned=178
transport: canary vendor 'decodo_patchright'
2026-08-14 19:06:33,528 INFO vendor decodo_patchright: 64 prox(y/ies), sticky session re-minted -> session-cap1786748793w11
pending=5511 shard=9/31 assigned=178
transport: canary vendor 'decodo_patchright'
2026-08-14 19:06:34,175 INFO vendor decodo_patchright: 64 prox(y/ies), sticky session re-minted -> session-cap1786748794w9
pending=5511 shard=6/31 assigned=178
transport: canary vendor 'decodo_patchright'
2026-08-14 19:06:34,321 INFO vendor decodo_patchright: 64 prox(y/ies), sticky session re-minted -> session-cap1786748794w6
pending=5511 shard=13/31 assigned=178
transport: canary vendor 'decodo_patchright'
2026-08-14 19:06:34,387 INFO vendor decodo_patchright: 64 prox(y/ies), sticky session re-minted -> session-cap1786748794w13
pending=5511 shard=8/31 assigned=178
transport: canary vendor 'decodo_patchright'
2026-08-14 19:06:34,717 INFO vendor decodo_patchright: 64 prox(y/ies), sticky session re-minted -> session-cap1786748794w8
pending=5511 shard=0/31 assigned=178
transport: canary vendor 'decodo_patchright'
2026-08-14 19:06:34,776 INFO vendor decodo_patchright: 64 prox(y/ies), sticky session re-minted -> session-cap1786748794w0
pending=5511 shard=16/31 assigned=178
transport: canary vendor 'decodo_patchright'
2026-08-14 19:06:34,885 INFO vendor decodo_patchright: 64 prox(y/ies), sticky session re-minted -> session-cap1786748794w16
pending=5511 shard=18/31 assigned=178
transport: canary vendor 'decodo_patchright'
2026-08-14 19:06:34,885 INFO vendor decodo_patchright: 64 prox(y/ies), sticky session re-minted -> session-cap1786748794w18
pending=5511 shard=4/31 assigned=178
transport: canary vendor 'decodo_patchright'
2026-08-14 19:06:35,668 INFO vendor decodo_patchright: 64 prox(y/ies), sticky session re-minted -> session-cap1786748795w4
pending=5511 shard=1/31 assigned=178
transport: canary vendor 'decodo_patchright'
pending=5511 shard=15/31 assigned=178
transport: canary vendor 'decodo_patchright'
2026-08-14 19:06:35,680 INFO vendor decodo_patchright: 64 prox(y/ies), sticky session re-minted -> session-cap1786748795w15
2026-08-14 19:06:35,674 INFO vendor decodo_patchright: 64 prox(y/ies), sticky session re-minted -> session-cap1786748795w1
pending=5511 shard=29/31 assigned=177
transport: canary vendor 'decodo_patchright'
pending=5511 shard=5/31 assigned=178
transport: canary vendor 'decodo_patchright'
2026-08-14 19:06:36,090 INFO vendor decodo_patchright: 64 prox(y/ies), sticky session re-minted -> session-cap1786748796w29
2026-08-14 19:06:36,119 INFO vendor decodo_patchright: 64 prox(y/ies), sticky session re-minted -> session-cap1786748796w5
pending=5511 shard=12/31 assigned=178
transport: canary vendor 'decodo_patchright'
pending=5511 shard=21/31 assigned=178
transport: canary vendor 'decodo_patchright'
2026-08-14 19:06:37,135 INFO vendor decodo_patchright: 64 prox(y/ies), sticky session re-minted -> session-cap1786748797w12
2026-08-14 19:06:37,135 INFO vendor decodo_patchright: 64 prox(y/ies), sticky session re-minted -> session-cap1786748797w21
pending=5511 shard=17/31 assigned=178
transport: canary vendor 'decodo_patchright'
pending=5511 shard=22/31 assigned=178
transport: canary vendor 'decodo_patchright'
pending=5511 shard=10/31 assigned=178
transport: canary vendor 'decodo_patchright'
pending=5511 shard=2/31 assigned=178
transport: canary vendor 'decodo_patchright'
pending=5511 shard=7/31 assigned=178
transport: canary vendor 'decodo_patchright'
2026-08-14 19:06:37,831 INFO vendor decodo_patchright: 64 prox(y/ies), sticky session re-minted -> session-cap1786748797w17
pending=5511 shard=3/31 assigned=178
transport: canary vendor 'decodo_patchright'
2026-08-14 19:06:38,229 INFO vendor decodo_patchright: 64 prox(y/ies), sticky session re-minted -> session-cap1786748798w22
pending=5511 shard=30/31 assigned=177
transport: canary vendor 'decodo_patchright'
2026-08-14 19:06:38,358 INFO vendor decodo_patchright: 64 prox(y/ies), sticky session re-minted -> session-cap1786748798w10
2026-08-14 19:06:38,496 INFO vendor decodo_patchright: 64 prox(y/ies), sticky session re-minted -> session-cap1786748798w3
2026-08-14 19:06:38,458 INFO vendor decodo_patchright: 64 prox(y/ies), sticky session re-minted -> session-cap1786748798w30
2026-08-14 19:06:38,946 INFO vendor decodo_patchright: 64 prox(y/ies), sticky session re-minted -> session-cap1786748798w2
2026-08-14 19:06:39,214 INFO vendor decodo_patchright: 64 prox(y/ies), sticky session re-minted -> session-cap1786748799w7
pending=5511 shard=23/31 assigned=178
transport: canary vendor 'decodo_patchright'
2026-08-14 19:06:39,214 INFO vendor decodo_patchright: 64 prox(y/ies), sticky session re-minted -> session-cap1786748799w23
pending=5511 shard=14/31 assigned=178
transport: canary vendor 'decodo_patchright'
2026-08-14 19:06:39,242 INFO vendor decodo_patchright: 64 prox(y/ies), sticky session re-minted -> session-cap1786748799w14
pending=5511 shard=20/31 assigned=178
transport: canary vendor 'decodo_patchright'
2026-08-14 19:06:39,375 INFO vendor decodo_patchright: 64 prox(y/ies), sticky session re-minted -> session-cap1786748799w20
pending=5511 shard=27/31 assigned=177
transport: canary vendor 'decodo_patchright'
pending=5511 shard=25/31 assigned=177
transport: canary vendor 'decodo_patchright'
2026-08-14 19:06:39,793 INFO vendor decodo_patchright: 64 prox(y/ies), sticky session re-minted -> session-cap1786748799w27
2026-08-14 19:06:39,857 INFO vendor decodo_patchright: 64 prox(y/ies), sticky session re-minted -> session-cap1786748799w25
pending=5511 shard=24/31 assigned=177
transport: canary vendor 'decodo_patchright'
2026-08-14 19:06:40,307 INFO vendor decodo_patchright: 64 prox(y/ies), sticky session re-minted -> session-cap1786748800w24
pending=5511 shard=28/31 assigned=177
transport: canary vendor 'decodo_patchright'
pending=5511 shard=26/31 assigned=177
transport: canary vendor 'decodo_patchright'
2026-08-14 19:06:41,215 INFO vendor decodo_patchright: 64 prox(y/ies), sticky session re-minted -> session-cap1786748801w28
2026-08-14 19:06:41,308 INFO vendor decodo_patchright: 64 prox(y/ies), sticky session re-minted -> session-cap1786748801w26
pending=5511 shard=19/31 assigned=178
transport: canary vendor 'decodo_patchright'
2026-08-14 19:06:42,368 INFO vendor decodo_patchright: 64 prox(y/ies), sticky session re-minted -> session-cap1786748802w19
2026-08-14 19:07:17,629 WARNING challenge not cleared for contest_id=2131660 -- bundle not written
2026-08-14 19:09:36,864 WARNING challenge not cleared for contest_id=2137265 -- bundle not written
2026-08-14 19:10:17,462 WARNING challenge not cleared for contest_id=2138323 -- bundle not written
captured=14 skipped=164 failed=0
EXIT=0
captured=16 skipped=162 failed=0
EXIT=0
captured=15 skipped=163 failed=0
captured=15 skipped=162 failed=0
EXIT=0
EXIT=0
captured=15 skipped=162 failed=1
EXIT=0
captured=15 skipped=163 failed=0
EXIT=0
captured=15 skipped=162 failed=0
EXIT=0
captured=15 skipped=162 failed=0
EXIT=0
captured=15 skipped=162 failed=0
EXIT=0
captured=16 skipped=162 failed=0
EXIT=0
captured=16 skipped=162 failed=0
captured=16 skipped=162 failed=0
EXIT=0
EXIT=0
captured=16 skipped=162 failed=0
EXIT=0
captured=15 skipped=162 failed=0
captured=16 skipped=161 failed=0
EXIT=0
EXIT=0
captured=16 skipped=162 failed=0
EXIT=0
captured=16 skipped=162 failed=0
EXIT=0
captured=17 skipped=161 failed=0
EXIT=0
captured=17 skipped=161 failed=0
EXIT=0
captured=15 skipped=162 failed=0
EXIT=0
captured=15 skipped=163 failed=0
EXIT=0
captured=16 skipped=162 failed=0
EXIT=0
captured=18 skipped=160 failed=0
EXIT=0
captured=17 skipped=161 failed=0
captured=18 skipped=160 failed=0
EXIT=0
EXIT=0
captured=16 skipped=162 failed=0
EXIT=0
captured=18 skipped=160 failed=0
EXIT=0
captured=18 skipped=160 failed=0
EXIT=0
captured=15 skipped=163 failed=0
EXIT=0
captured=18 skipped=159 failed=1
EXIT=0
EXIT=127
