pending=3823 shard=9/31 assigned=124
transport: canary vendor 'decodo_patchright'
2026-08-14 19:36:19,129 INFO vendor decodo_patchright: 64 prox(y/ies), sticky session re-minted -> session-cap1786750579w9
pending=3823 shard=8/31 assigned=124
transport: canary vendor 'decodo_patchright'
2026-08-14 19:36:20,364 INFO vendor decodo_patchright: 64 prox(y/ies), sticky session re-minted -> session-cap1786750580w8
pending=3823 shard=2/31 assigned=124
transport: canary vendor 'decodo_patchright'
2026-08-14 19:36:20,615 INFO vendor decodo_patchright: 64 prox(y/ies), sticky session re-minted -> session-cap1786750580w2
pending=3823 shard=18/31 assigned=123
transport: canary vendor 'decodo_patchright'
2026-08-14 19:36:20,924 INFO vendor decodo_patchright: 64 prox(y/ies), sticky session re-minted -> session-cap1786750580w18
pending=3823 shard=28/31 assigned=123
transport: canary vendor 'decodo_patchright'
2026-08-14 19:36:21,916 INFO vendor decodo_patchright: 64 prox(y/ies), sticky session re-minted -> session-cap1786750581w28
pending=3823 shard=21/31 assigned=123
transport: canary vendor 'decodo_patchright'
pending=3823 shard=24/31 assigned=123
transport: canary vendor 'decodo_patchright'
2026-08-14 19:36:22,375 INFO vendor decodo_patchright: 64 prox(y/ies), sticky session re-minted -> session-cap1786750582w24
pending=3823 shard=5/31 assigned=124
transport: canary vendor 'decodo_patchright'
2026-08-14 19:36:22,389 INFO vendor decodo_patchright: 64 prox(y/ies), sticky session re-minted -> session-cap1786750582w5
pending=3823 shard=29/31 assigned=123
transport: canary vendor 'decodo_patchright'
2026-08-14 19:36:22,374 INFO vendor decodo_patchright: 64 prox(y/ies), sticky session re-minted -> session-cap1786750582w21
2026-08-14 19:36:22,538 INFO vendor decodo_patchright: 64 prox(y/ies), sticky session re-minted -> session-cap1786750582w29
pending=3823 shard=23/31 assigned=123
transport: canary vendor 'decodo_patchright'
2026-08-14 19:36:22,499 INFO vendor decodo_patchright: 64 prox(y/ies), sticky session re-minted -> session-cap1786750582w23
pending=3823 shard=6/31 assigned=124
transport: canary vendor 'decodo_patchright'
2026-08-14 19:36:22,493 INFO vendor decodo_patchright: 64 prox(y/ies), sticky session re-minted -> session-cap1786750582w6
pending=3823 shard=13/31 assigned=123
transport: canary vendor 'decodo_patchright'
pending=3823 shard=12/31 assigned=123
transport: canary vendor 'decodo_patchright'
2026-08-14 19:36:22,907 INFO vendor decodo_patchright: 64 prox(y/ies), sticky session re-minted -> session-cap1786750582w12
pending=3823 shard=3/31 assigned=124
transport: canary vendor 'decodo_patchright'
2026-08-14 19:36:22,941 INFO vendor decodo_patchright: 64 prox(y/ies), sticky session re-minted -> session-cap1786750582w3
pending=3823 shard=15/31 assigned=123
transport: canary vendor 'decodo_patchright'
2026-08-14 19:36:23,291 INFO vendor decodo_patchright: 64 prox(y/ies), sticky session re-minted -> session-cap1786750583w13
2026-08-14 19:36:23,357 INFO vendor decodo_patchright: 64 prox(y/ies), sticky session re-minted -> session-cap1786750583w15
pending=3823 shard=10/31 assigned=123
transport: canary vendor 'decodo_patchright'
2026-08-14 19:36:24,167 INFO vendor decodo_patchright: 64 prox(y/ies), sticky session re-minted -> session-cap1786750584w10
pending=3823 shard=16/31 assigned=123
transport: canary vendor 'decodo_patchright'
pending=3823 shard=22/31 assigned=123
transport: canary vendor 'decodo_patchright'
pending=3823 shard=17/31 assigned=123
transport: canary vendor 'decodo_patchright'
pending=3823 shard=14/31 assigned=123
transport: canary vendor 'decodo_patchright'
pending=3823 shard=26/31 assigned=123
transport: canary vendor 'decodo_patchright'
2026-08-14 19:36:25,602 INFO vendor decodo_patchright: 64 prox(y/ies), sticky session re-minted -> session-cap1786750585w16
2026-08-14 19:36:25,741 INFO vendor decodo_patchright: 64 prox(y/ies), sticky session re-minted -> session-cap1786750585w22
2026-08-14 19:36:26,034 INFO vendor decodo_patchright: 64 prox(y/ies), sticky session re-minted -> session-cap1786750586w14
pending=3823 shard=7/31 assigned=124
transport: canary vendor 'decodo_patchright'
2026-08-14 19:36:26,058 INFO vendor decodo_patchright: 64 prox(y/ies), sticky session re-minted -> session-cap1786750586w7
2026-08-14 19:36:26,044 INFO vendor decodo_patchright: 64 prox(y/ies), sticky session re-minted -> session-cap1786750586w17
2026-08-14 19:36:26,176 INFO vendor decodo_patchright: 64 prox(y/ies), sticky session re-minted -> session-cap1786750586w26
pending=3823 shard=20/31 assigned=123
transport: canary vendor 'decodo_patchright'
2026-08-14 19:36:26,458 INFO vendor decodo_patchright: 64 prox(y/ies), sticky session re-minted -> session-cap1786750586w20
pending=3823 shard=25/31 assigned=123
transport: canary vendor 'decodo_patchright'
2026-08-14 19:36:27,251 INFO vendor decodo_patchright: 64 prox(y/ies), sticky session re-minted -> session-cap1786750587w25
pending=3823 shard=30/31 assigned=123
transport: canary vendor 'decodo_patchright'
2026-08-14 19:36:27,294 INFO vendor decodo_patchright: 64 prox(y/ies), sticky session re-minted -> session-cap1786750587w30
pending=3823 shard=4/31 assigned=124
transport: canary vendor 'decodo_patchright'
2026-08-14 19:36:27,742 INFO vendor decodo_patchright: 64 prox(y/ies), sticky session re-minted -> session-cap1786750587w4
pending=3823 shard=19/31 assigned=123
transport: canary vendor 'decodo_patchright'
2026-08-14 19:36:28,044 INFO vendor decodo_patchright: 64 prox(y/ies), sticky session re-minted -> session-cap1786750588w19
pending=3823 shard=11/31 assigned=123
transport: canary vendor 'decodo_patchright'
2026-08-14 19:36:28,305 INFO vendor decodo_patchright: 64 prox(y/ies), sticky session re-minted -> session-cap1786750588w11
pending=3823 shard=27/31 assigned=123
transport: canary vendor 'decodo_patchright'
2026-08-14 19:36:30,127 INFO vendor decodo_patchright: 64 prox(y/ies), sticky session re-minted -> session-cap1786750590w27
2026-08-14 19:37:00,821 WARNING challenge not cleared for contest_id=1978826 -- bundle not written
2026-08-14 19:37:28,111 WARNING challenge not cleared for contest_id=1978203 -- bundle not written
2026-08-14 19:37:31,660 WARNING challenge not cleared for contest_id=1981336 -- bundle not written
2026-08-14 19:37:38,415 WARNING challenge not cleared for contest_id=1981334 -- bundle not written
2026-08-14 19:37:59,698 WARNING challenge not cleared for contest_id=1980541 -- bundle not written
2026-08-14 19:38:01,944 WARNING challenge not cleared for contest_id=1989205 -- bundle not written
2026-08-14 19:38:14,375 WARNING challenge not cleared for contest_id=1991227 -- bundle not written
2026-08-14 19:39:21,275 WARNING challenge not cleared for contest_id=1994228 -- bundle not written
captured=9 skipped=114 failed=0
EXIT=0
captured=9 skipped=114 failed=0
EXIT=0
captured=10 skipped=114 failed=0
EXIT=0
captured=8 skipped=115 failed=1
EXIT=0
captured=9 skipped=114 failed=0
EXIT=0
captured=9 skipped=115 failed=0
EXIT=0
captured=9 skipped=114 failed=0
EXIT=0
captured=9 skipped=114 failed=0
EXIT=0
captured=10 skipped=113 failed=0
EXIT=0
captured=10 skipped=113 failed=0
EXIT=0
captured=10 skipped=113 failed=0
captured=10 skipped=114 failed=0
EXIT=0
EXIT=0
captured=10 skipped=113 failed=0
EXIT=0
captured=10 skipped=114 failed=0
EXIT=0
captured=10 skipped=114 failed=0
EXIT=0
captured=10 skipped=112 failed=1
EXIT=0
captured=11 skipped=112 failed=0
EXIT=0
captured=11 skipped=112 failed=0
captured=11 skipped=113 failed=0
EXIT=0
EXIT=0
captured=11 skipped=112 failed=0
EXIT=0
captured=11 skipped=112 failed=0
EXIT=0
captured=10 skipped=114 failed=0
EXIT=0
captured=11 skipped=112 failed=0
EXIT=0
captured=11 skipped=112 failed=0
EXIT=0
captured=10 skipped=111 failed=2
EXIT=0
captured=9 skipped=112 failed=2
EXIT=0
captured=11 skipped=111 failed=1
EXIT=0
captured=11 skipped=111 failed=1
EXIT=0
captured=11 skipped=112 failed=0
EXIT=0
