pending=5897 shard=14/32 assigned=184
transport: canary vendor 'decodo_patchright'
2026-08-13 12:37:38,114 INFO vendor decodo_patchright: 64 prox(y/ies), sticky session re-minted -> session-cap1786639058w14
pending=5897 shard=1/32 assigned=185
transport: canary vendor 'decodo_patchright'
2026-08-13 12:37:38,949 INFO vendor decodo_patchright: 64 prox(y/ies), sticky session re-minted -> session-cap1786639058w1
pending=5897 shard=11/32 assigned=184
transport: canary vendor 'decodo_patchright'
2026-08-13 12:37:38,949 INFO vendor decodo_patchright: 64 prox(y/ies), sticky session re-minted -> session-cap1786639058w11
pending=5897 shard=2/32 assigned=185
transport: canary vendor 'decodo_patchright'
2026-08-13 12:37:39,015 INFO vendor decodo_patchright: 64 prox(y/ies), sticky session re-minted -> session-cap1786639059w2
pending=5897 shard=8/32 assigned=185
transport: canary vendor 'decodo_patchright'
2026-08-13 12:37:39,046 INFO vendor decodo_patchright: 64 prox(y/ies), sticky session re-minted -> session-cap1786639059w8
pending=5897 shard=13/32 assigned=184
transport: canary vendor 'decodo_patchright'
2026-08-13 12:37:39,039 INFO vendor decodo_patchright: 64 prox(y/ies), sticky session re-minted -> session-cap1786639059w13
pending=5897 shard=7/32 assigned=185
transport: canary vendor 'decodo_patchright'
2026-08-13 12:37:40,021 INFO vendor decodo_patchright: 64 prox(y/ies), sticky session re-minted -> session-cap1786639060w7
pending=5897 shard=4/32 assigned=185
transport: canary vendor 'decodo_patchright'
2026-08-13 12:37:40,248 INFO vendor decodo_patchright: 64 prox(y/ies), sticky session re-minted -> session-cap1786639060w4
pending=5897 shard=3/32 assigned=185
transport: canary vendor 'decodo_patchright'
2026-08-13 12:37:40,305 INFO vendor decodo_patchright: 64 prox(y/ies), sticky session re-minted -> session-cap1786639060w3
pending=5897 shard=6/32 assigned=185
transport: canary vendor 'decodo_patchright'
2026-08-13 12:37:40,334 INFO vendor decodo_patchright: 64 prox(y/ies), sticky session re-minted -> session-cap1786639060w6
pending=5897 shard=12/32 assigned=184
transport: canary vendor 'decodo_patchright'
2026-08-13 12:37:40,357 INFO vendor decodo_patchright: 64 prox(y/ies), sticky session re-minted -> session-cap1786639060w12
pending=5897 shard=17/32 assigned=184
transport: canary vendor 'decodo_patchright'
2026-08-13 12:37:42,264 INFO vendor decodo_patchright: 64 prox(y/ies), sticky session re-minted -> session-cap1786639062w17
pending=5897 shard=24/32 assigned=184
transport: canary vendor 'decodo_patchright'
pending=5897 shard=0/32 assigned=185
transport: canary vendor 'decodo_patchright'
pending=5897 shard=26/32 assigned=184
transport: canary vendor 'decodo_patchright'
pending=5897 shard=21/32 assigned=184
transport: canary vendor 'decodo_patchright'
pending=5897 shard=10/32 assigned=184
transport: canary vendor 'decodo_patchright'
2026-08-13 12:37:43,009 INFO vendor decodo_patchright: 64 prox(y/ies), sticky session re-minted -> session-cap1786639063w24
pending=5897 shard=18/32 assigned=184
transport: canary vendor 'decodo_patchright'
2026-08-13 12:37:43,170 INFO vendor decodo_patchright: 64 prox(y/ies), sticky session re-minted -> session-cap1786639063w10
2026-08-13 12:37:43,239 INFO vendor decodo_patchright: 64 prox(y/ies), sticky session re-minted -> session-cap1786639063w21
2026-08-13 12:37:43,296 INFO vendor decodo_patchright: 64 prox(y/ies), sticky session re-minted -> session-cap1786639063w18
pending=5897 shard=23/32 assigned=184
transport: canary vendor 'decodo_patchright'
2026-08-13 12:37:43,354 INFO vendor decodo_patchright: 64 prox(y/ies), sticky session re-minted -> session-cap1786639063w23
2026-08-13 12:37:43,404 INFO vendor decodo_patchright: 64 prox(y/ies), sticky session re-minted -> session-cap1786639063w26
pending=5897 shard=31/32 assigned=184
transport: canary vendor 'decodo_patchright'
pending=5897 shard=5/32 assigned=185
transport: canary vendor 'decodo_patchright'
2026-08-13 12:37:43,435 INFO vendor decodo_patchright: 64 prox(y/ies), sticky session re-minted -> session-cap1786639063w5
2026-08-13 12:37:43,437 INFO vendor decodo_patchright: 64 prox(y/ies), sticky session re-minted -> session-cap1786639063w31
pending=5897 shard=30/32 assigned=184
transport: canary vendor 'decodo_patchright'
2026-08-13 12:37:43,604 INFO vendor decodo_patchright: 64 prox(y/ies), sticky session re-minted -> session-cap1786639063w0
pending=5897 shard=25/32 assigned=184
transport: canary vendor 'decodo_patchright'
2026-08-13 12:37:43,606 INFO vendor decodo_patchright: 64 prox(y/ies), sticky session re-minted -> session-cap1786639063w25
2026-08-13 12:37:43,652 INFO vendor decodo_patchright: 64 prox(y/ies), sticky session re-minted -> session-cap1786639063w30
pending=5897 shard=19/32 assigned=184
transport: canary vendor 'decodo_patchright'
pending=5897 shard=9/32 assigned=184
transport: canary vendor 'decodo_patchright'
pending=5897 shard=27/32 assigned=184
transport: canary vendor 'decodo_patchright'
pending=5897 shard=29/32 assigned=184
transport: canary vendor 'decodo_patchright'
2026-08-13 12:37:44,000 INFO vendor decodo_patchright: 64 prox(y/ies), sticky session re-minted -> session-cap1786639063w29
2026-08-13 12:37:44,041 INFO vendor decodo_patchright: 64 prox(y/ies), sticky session re-minted -> session-cap1786639064w19
2026-08-13 12:37:44,104 INFO vendor decodo_patchright: 64 prox(y/ies), sticky session re-minted -> session-cap1786639064w9
pending=5897 shard=22/32 assigned=184
transport: canary vendor 'decodo_patchright'
2026-08-13 12:37:44,163 INFO vendor decodo_patchright: 64 prox(y/ies), sticky session re-minted -> session-cap1786639064w27
pending=5897 shard=20/32 assigned=184
transport: canary vendor 'decodo_patchright'
2026-08-13 12:37:44,207 INFO vendor decodo_patchright: 64 prox(y/ies), sticky session re-minted -> session-cap1786639064w22
2026-08-13 12:37:44,234 INFO vendor decodo_patchright: 64 prox(y/ies), sticky session re-minted -> session-cap1786639064w20
pending=5897 shard=15/32 assigned=184
transport: canary vendor 'decodo_patchright'
2026-08-13 12:37:44,397 INFO vendor decodo_patchright: 64 prox(y/ies), sticky session re-minted -> session-cap1786639064w15
pending=5897 shard=28/32 assigned=184
transport: canary vendor 'decodo_patchright'
2026-08-13 12:37:44,456 INFO vendor decodo_patchright: 64 prox(y/ies), sticky session re-minted -> session-cap1786639064w28
pending=5897 shard=16/32 assigned=184
transport: canary vendor 'decodo_patchright'
2026-08-13 12:37:44,653 INFO vendor decodo_patchright: 64 prox(y/ies), sticky session re-minted -> session-cap1786639064w16
captured=184 skipped=0 failed=0
EXIT=0
captured=185 skipped=0 failed=0
EXIT=0
captured=185 skipped=0 failed=0
EXIT=0
captured=185 skipped=0 failed=0
EXIT=0
captured=184 skipped=0 failed=0
EXIT=0
captured=185 skipped=0 failed=0
EXIT=0
captured=184 skipped=0 failed=0
EXIT=0
captured=184 skipped=0 failed=0
EXIT=0
captured=184 skipped=0 failed=0
EXIT=0
captured=184 skipped=0 failed=0
EXIT=0
captured=184 skipped=0 failed=0
EXIT=0
captured=184 skipped=0 failed=0
EXIT=0
captured=185 skipped=0 failed=0
EXIT=0
captured=184 skipped=0 failed=0
EXIT=0
captured=184 skipped=0 failed=0
EXIT=0
captured=184 skipped=0 failed=0
EXIT=0
captured=185 skipped=0 failed=0
EXIT=0
captured=184 skipped=0 failed=0
EXIT=0
captured=185 skipped=0 failed=0
EXIT=0
captured=184 skipped=0 failed=0
EXIT=0
captured=184 skipped=0 failed=0
EXIT=0
captured=184 skipped=0 failed=0
EXIT=0
captured=184 skipped=0 failed=0
EXIT=0
captured=184 skipped=0 failed=0
EXIT=0
captured=184 skipped=0 failed=0
EXIT=0
EXIT=127
EXIT=127
EXIT=127
EXIT=127
EXIT=127
EXIT=127
EXIT=127
