pending=5484 shard=3/31 assigned=177
transport: canary vendor 'decodo_patchright'
2026-08-14 20:36:30,949 INFO vendor decodo_patchright: 64 prox(y/ies), sticky session re-minted -> session-cap1786754190w3
pending=5484 shard=6/31 assigned=177
transport: canary vendor 'decodo_patchright'
2026-08-14 20:36:31,054 INFO vendor decodo_patchright: 64 prox(y/ies), sticky session re-minted -> session-cap1786754191w6
pending=5484 shard=2/31 assigned=177
transport: canary vendor 'decodo_patchright'
2026-08-14 20:36:32,235 INFO vendor decodo_patchright: 64 prox(y/ies), sticky session re-minted -> session-cap1786754192w2
pending=5484 shard=9/31 assigned=177
transport: canary vendor 'decodo_patchright'
2026-08-14 20:36:32,497 INFO vendor decodo_patchright: 64 prox(y/ies), sticky session re-minted -> session-cap1786754192w9
pending=5484 shard=7/31 assigned=177
transport: canary vendor 'decodo_patchright'
2026-08-14 20:36:32,561 INFO vendor decodo_patchright: 64 prox(y/ies), sticky session re-minted -> session-cap1786754192w7
pending=5484 shard=16/31 assigned=177
transport: canary vendor 'decodo_patchright'
pending=5484 shard=4/31 assigned=177
transport: canary vendor 'decodo_patchright'
2026-08-14 20:36:32,839 INFO vendor decodo_patchright: 64 prox(y/ies), sticky session re-minted -> session-cap1786754192w16
2026-08-14 20:36:32,841 INFO vendor decodo_patchright: 64 prox(y/ies), sticky session re-minted -> session-cap1786754192w4
pending=5484 shard=8/31 assigned=177
transport: canary vendor 'decodo_patchright'
2026-08-14 20:36:33,478 INFO vendor decodo_patchright: 64 prox(y/ies), sticky session re-minted -> session-cap1786754193w8
pending=5484 shard=1/31 assigned=177
transport: canary vendor 'decodo_patchright'
2026-08-14 20:36:35,731 INFO vendor decodo_patchright: 64 prox(y/ies), sticky session re-minted -> session-cap1786754195w1
pending=5484 shard=0/31 assigned=177
transport: canary vendor 'decodo_patchright'
2026-08-14 20:36:35,894 INFO vendor decodo_patchright: 64 prox(y/ies), sticky session re-minted -> session-cap1786754195w0
pending=5484 shard=5/31 assigned=177
transport: canary vendor 'decodo_patchright'
2026-08-14 20:36:36,083 INFO vendor decodo_patchright: 64 prox(y/ies), sticky session re-minted -> session-cap1786754196w5
pending=5484 shard=20/31 assigned=177
transport: canary vendor 'decodo_patchright'
2026-08-14 20:36:36,118 INFO vendor decodo_patchright: 64 prox(y/ies), sticky session re-minted -> session-cap1786754196w20
pending=5484 shard=29/31 assigned=176
transport: canary vendor 'decodo_patchright'
2026-08-14 20:36:36,138 INFO vendor decodo_patchright: 64 prox(y/ies), sticky session re-minted -> session-cap1786754196w29
pending=5484 shard=27/31 assigned=177
transport: canary vendor 'decodo_patchright'
2026-08-14 20:36:36,254 INFO vendor decodo_patchright: 64 prox(y/ies), sticky session re-minted -> session-cap1786754196w27
pending=5484 shard=18/31 assigned=177
transport: canary vendor 'decodo_patchright'
pending=5484 shard=28/31 assigned=176
transport: canary vendor 'decodo_patchright'
2026-08-14 20:36:36,364 INFO vendor decodo_patchright: 64 prox(y/ies), sticky session re-minted -> session-cap1786754196w28
pending=5484 shard=26/31 assigned=177
transport: canary vendor 'decodo_patchright'
2026-08-14 20:36:36,392 INFO vendor decodo_patchright: 64 prox(y/ies), sticky session re-minted -> session-cap1786754196w26
2026-08-14 20:36:36,380 INFO vendor decodo_patchright: 64 prox(y/ies), sticky session re-minted -> session-cap1786754196w18
pending=5484 shard=11/31 assigned=177
transport: canary vendor 'decodo_patchright'
2026-08-14 20:36:36,641 INFO vendor decodo_patchright: 64 prox(y/ies), sticky session re-minted -> session-cap1786754196w11
pending=5484 shard=19/31 assigned=177
transport: canary vendor 'decodo_patchright'
pending=5484 shard=21/31 assigned=177
transport: canary vendor 'decodo_patchright'
2026-08-14 20:36:36,926 INFO vendor decodo_patchright: 64 prox(y/ies), sticky session re-minted -> session-cap1786754196w21
pending=5484 shard=10/31 assigned=177
transport: canary vendor 'decodo_patchright'
2026-08-14 20:36:36,926 INFO vendor decodo_patchright: 64 prox(y/ies), sticky session re-minted -> session-cap1786754196w19
2026-08-14 20:36:36,947 INFO vendor decodo_patchright: 64 prox(y/ies), sticky session re-minted -> session-cap1786754196w10
pending=5484 shard=24/31 assigned=177
transport: canary vendor 'decodo_patchright'
2026-08-14 20:36:37,041 INFO vendor decodo_patchright: 64 prox(y/ies), sticky session re-minted -> session-cap1786754197w24
pending=5484 shard=15/31 assigned=177
transport: canary vendor 'decodo_patchright'
pending=5484 shard=12/31 assigned=177
transport: canary vendor 'decodo_patchright'
pending=5484 shard=23/31 assigned=177
transport: canary vendor 'decodo_patchright'
pending=5484 shard=22/31 assigned=177
transport: canary vendor 'decodo_patchright'
2026-08-14 20:36:37,354 INFO vendor decodo_patchright: 64 prox(y/ies), sticky session re-minted -> session-cap1786754197w15
2026-08-14 20:36:37,504 INFO vendor decodo_patchright: 64 prox(y/ies), sticky session re-minted -> session-cap1786754197w12
pending=5484 shard=17/31 assigned=177
transport: canary vendor 'decodo_patchright'
pending=5484 shard=13/31 assigned=177
transport: canary vendor 'decodo_patchright'
pending=5484 shard=14/31 assigned=177
transport: canary vendor 'decodo_patchright'
2026-08-14 20:36:37,856 INFO vendor decodo_patchright: 64 prox(y/ies), sticky session re-minted -> session-cap1786754197w23
pending=5484 shard=30/31 assigned=176
transport: canary vendor 'decodo_patchright'
pending=5484 shard=25/31 assigned=177
transport: canary vendor 'decodo_patchright'
2026-08-14 20:36:38,369 INFO vendor decodo_patchright: 64 prox(y/ies), sticky session re-minted -> session-cap1786754198w22
2026-08-14 20:36:38,526 INFO vendor decodo_patchright: 64 prox(y/ies), sticky session re-minted -> session-cap1786754198w25
2026-08-14 20:36:38,577 INFO vendor decodo_patchright: 64 prox(y/ies), sticky session re-minted -> session-cap1786754198w13
2026-08-14 20:36:39,113 INFO vendor decodo_patchright: 64 prox(y/ies), sticky session re-minted -> session-cap1786754199w30
2026-08-14 20:36:39,197 INFO vendor decodo_patchright: 64 prox(y/ies), sticky session re-minted -> session-cap1786754199w14
2026-08-14 20:36:39,282 INFO vendor decodo_patchright: 64 prox(y/ies), sticky session re-minted -> session-cap1786754199w17
2026-08-14 20:37:07,948 WARNING challenge not cleared for contest_id=624530 -- bundle not written
2026-08-14 20:37:08,134 WARNING challenge not cleared for contest_id=624779 -- bundle not written
2026-08-14 20:37:10,915 WARNING challenge not cleared for contest_id=624532 -- bundle not written
2026-08-14 20:37:12,719 WARNING challenge not cleared for contest_id=627880 -- bundle not written
2026-08-14 20:37:14,579 WARNING challenge not cleared for contest_id=624743 -- bundle not written
2026-08-14 20:37:16,739 WARNING challenge not cleared for contest_id=624531 -- bundle not written
2026-08-14 20:37:19,396 WARNING challenge not cleared for contest_id=627097 -- bundle not written
2026-08-14 20:37:48,806 WARNING challenge not cleared for contest_id=633919 -- bundle not written
captured=3 skipped=174 failed=0
EXIT=0
captured=3 skipped=174 failed=0
captured=3 skipped=174 failed=0
EXIT=0
EXIT=0
captured=3 skipped=174 failed=0
EXIT=0
captured=3 skipped=174 failed=0
EXIT=0
captured=3 skipped=174 failed=0
EXIT=0
captured=3 skipped=174 failed=0
EXIT=0
captured=3 skipped=173 failed=0
EXIT=0
captured=3 skipped=174 failed=0
EXIT=0
captured=3 skipped=173 failed=0
2026-08-14 20:38:23,674 WARNING challenge not cleared for contest_id=637523 -- bundle not written
EXIT=0
captured=3 skipped=173 failed=0
EXIT=0
captured=3 skipped=174 failed=0
EXIT=0
captured=3 skipped=173 failed=1
EXIT=0
captured=3 skipped=173 failed=1
EXIT=0
captured=4 skipped=173 failed=0
EXIT=0
captured=4 skipped=173 failed=0
EXIT=0
captured=3 skipped=173 failed=1
EXIT=0
captured=4 skipped=173 failed=0
EXIT=0
captured=3 skipped=174 failed=0
captured=4 skipped=173 failed=0
EXIT=0
EXIT=0
captured=4 skipped=173 failed=0
EXIT=0
captured=3 skipped=173 failed=1
captured=3 skipped=173 failed=1
EXIT=0
captured=4 skipped=173 failed=0
EXIT=0
EXIT=0
captured=4 skipped=173 failed=0
captured=3 skipped=173 failed=1
EXIT=0
EXIT=0
2026-08-14 20:38:57,793 WARNING challenge not cleared for contest_id=637149 -- bundle not written
captured=4 skipped=172 failed=1
EXIT=0
2026-08-14 20:39:20,919 WARNING challenge not cleared for contest_id=637684 -- bundle not written
captured=3 skipped=173 failed=1
EXIT=0
captured=4 skipped=172 failed=1
EXIT=0
captured=4 skipped=172 failed=1
EXIT=0
captured=4 skipped=172 failed=1
EXIT=0
