pending=5628 shard=1/32 assigned=176
transport: canary vendor 'decodo_patchright'
2026-08-14 00:37:36,027 INFO vendor decodo_patchright: 64 prox(y/ies), sticky session re-minted -> session-cap1786682256w1
pending=5628 shard=0/32 assigned=176
transport: canary vendor 'decodo_patchright'
2026-08-14 00:37:37,495 INFO vendor decodo_patchright: 64 prox(y/ies), sticky session re-minted -> session-cap1786682257w0
pending=5628 shard=2/32 assigned=176
transport: canary vendor 'decodo_patchright'
2026-08-14 00:37:40,276 INFO vendor decodo_patchright: 64 prox(y/ies), sticky session re-minted -> session-cap1786682260w2
2026-08-14 01:15:04,342 ERROR Error on reading from the event loop self pipe
loop: <ProactorEventLoop running=True closed=False debug=False>
Traceback (most recent call last):
  File "C:\Users\saiem\AppData\Roaming\uv\python\cpython-3.13.2-windows-x86_64-none\Lib\asyncio\proactor_events.py", line 792, in _loop_self_reading
    f.result()  # may raise
    ~~~~~~~~^^
  File "C:\Users\saiem\AppData\Roaming\uv\python\cpython-3.13.2-windows-x86_64-none\Lib\asyncio\windows_events.py", line 804, in _poll
    value = callback(transferred, key, ov)
  File "C:\Users\saiem\AppData\Roaming\uv\python\cpython-3.13.2-windows-x86_64-none\Lib\asyncio\windows_events.py", line 463, in finish_socket_func
    return ov.getresult()
           ~~~~~~~~~~~~^^
ConnectionAbortedError: [WinError 1236] The network connection was aborted by the local system
2026-08-14 01:15:04,345 ERROR Error on reading from the event loop self pipe
loop: <ProactorEventLoop running=True closed=False debug=False>
Traceback (most recent call last):
  File "C:\Users\saiem\AppData\Roaming\uv\python\cpython-3.13.2-windows-x86_64-none\Lib\asyncio\proactor_events.py", line 792, in _loop_self_reading
    f.result()  # may raise
    ~~~~~~~~^^
  File "C:\Users\saiem\AppData\Roaming\uv\python\cpython-3.13.2-windows-x86_64-none\Lib\asyncio\windows_events.py", line 804, in _poll
    value = callback(transferred, key, ov)
  File "C:\Users\saiem\AppData\Roaming\uv\python\cpython-3.13.2-windows-x86_64-none\Lib\asyncio\windows_events.py", line 463, in finish_socket_func
    return ov.getresult()
           ~~~~~~~~~~~~^^
ConnectionAbortedError: [WinError 1236] The network connection was aborted by the local system
2026-08-14 01:15:04,345 ERROR Error on reading from the event loop self pipe
loop: <ProactorEventLoop running=True closed=False debug=False>
Traceback (most recent call last):
  File "C:\Users\saiem\AppData\Roaming\uv\python\cpython-3.13.2-windows-x86_64-none\Lib\asyncio\proactor_events.py", line 792, in _loop_self_reading
    f.result()  # may raise
    ~~~~~~~~^^
  File "C:\Users\saiem\AppData\Roaming\uv\python\cpython-3.13.2-windows-x86_64-none\Lib\asyncio\windows_events.py", line 804, in _poll
    value = callback(transferred, key, ov)
  File "C:\Users\saiem\AppData\Roaming\uv\python\cpython-3.13.2-windows-x86_64-none\Lib\asyncio\windows_events.py", line 463, in finish_socket_func
    return ov.getresult()
           ~~~~~~~~~~~~^^
ConnectionAbortedError: [WinError 1236] The network connection was aborted by the local system
2026-08-14 01:15:26,794 ERROR Error on reading from the event loop self pipe
loop: <ProactorEventLoop running=True closed=False debug=False>
Traceback (most recent call last):
  File "C:\Users\saiem\AppData\Roaming\uv\python\cpython-3.13.2-windows-x86_64-none\Lib\asyncio\proactor_events.py", line 801, in _loop_self_reading
    f = self._proactor.recv(self._ssock, 4096)
  File "C:\Users\saiem\AppData\Roaming\uv\python\cpython-3.13.2-windows-x86_64-none\Lib\asyncio\windows_events.py", line 488, in recv
    ov.WSARecv(conn.fileno(), nbytes, flags)
    ~~~~~~~~~~^^^^^^^^^^^^^^^^^^^^^^^^^^^^^^
ConnectionResetError: [WinError 10054] An existing connection was forcibly closed by the remote host
2026-08-14 01:15:26,795 ERROR Error on reading from the event loop self pipe
loop: <ProactorEventLoop running=True closed=False debug=False>
Traceback (most recent call last):
  File "C:\Users\saiem\AppData\Roaming\uv\python\cpython-3.13.2-windows-x86_64-none\Lib\asyncio\proactor_events.py", line 801, in _loop_self_reading
    f = self._proactor.recv(self._ssock, 4096)
  File "C:\Users\saiem\AppData\Roaming\uv\python\cpython-3.13.2-windows-x86_64-none\Lib\asyncio\windows_events.py", line 488, in recv
    ov.WSARecv(conn.fileno(), nbytes, flags)
    ~~~~~~~~~~^^^^^^^^^^^^^^^^^^^^^^^^^^^^^^
ConnectionResetError: [WinError 10054] An existing connection was forcibly closed by the remote host
2026-08-14 01:15:28,328 ERROR Error on reading from the event loop self pipe
loop: <ProactorEventLoop running=True closed=False debug=False>
Traceback (most recent call last):
  File "C:\Users\saiem\AppData\Roaming\uv\python\cpython-3.13.2-windows-x86_64-none\Lib\asyncio\proactor_events.py", line 801, in _loop_self_reading
    f = self._proactor.recv(self._ssock, 4096)
  File "C:\Users\saiem\AppData\Roaming\uv\python\cpython-3.13.2-windows-x86_64-none\Lib\asyncio\windows_events.py", line 488, in recv
    ov.WSARecv(conn.fileno(), nbytes, flags)
    ~~~~~~~~~~^^^^^^^^^^^^^^^^^^^^^^^^^^^^^^
ConnectionResetError: [WinError 10054] An existing connection was forcibly closed by the remote host
2026-08-14 01:15:28,329 ERROR Error on reading from the event loop self pipe
loop: <ProactorEventLoop running=True closed=False debug=False>
Traceback (most recent call last):
  File "C:\Users\saiem\AppData\Roaming\uv\python\cpython-3.13.2-windows-x86_64-none\Lib\asyncio\proactor_events.py", line 801, in _loop_self_reading
    f = self._proactor.recv(self._ssock, 4096)
  File "C:\Users\saiem\AppData\Roaming\uv\python\cpython-3.13.2-windows-x86_64-none\Lib\asyncio\windows_events.py", line 488, in recv
    ov.WSARecv(conn.fileno(), nbytes, flags)
    ~~~~~~~~~~^^^^^^^^^^^^^^^^^^^^^^^^^^^^^^
ConnectionResetError: [WinError 10054] An existing connection was forcibly closed by the remote host
2026-08-14 01:15:30,776 ERROR Error on reading from the event loop self pipe
loop: <ProactorEventLoop running=True closed=False debug=False>
Traceback (most recent call last):
  File "C:\Users\saiem\AppData\Roaming\uv\python\cpython-3.13.2-windows-x86_64-none\Lib\asyncio\proactor_events.py", line 801, in _loop_self_reading
    f = self._proactor.recv(self._ssock, 4096)
  File "C:\Users\saiem\AppData\Roaming\uv\python\cpython-3.13.2-windows-x86_64-none\Lib\asyncio\windows_events.py", line 488, in recv
    ov.WSARecv(conn.fileno(), nbytes, flags)
    ~~~~~~~~~~^^^^^^^^^^^^^^^^^^^^^^^^^^^^^^
ConnectionResetError: [WinError 10054] An existing connection was forcibly closed by the remote host
2026-08-14 01:15:30,778 ERROR Error on reading from the event loop self pipe
loop: <ProactorEventLoop running=True closed=False debug=False>
Traceback (most recent call last):
  File "C:\Users\saiem\AppData\Roaming\uv\python\cpython-3.13.2-windows-x86_64-none\Lib\asyncio\proactor_events.py", line 801, in _loop_self_reading
    f = self._proactor.recv(self._ssock, 4096)
  File "C:\Users\saiem\AppData\Roaming\uv\python\cpython-3.13.2-windows-x86_64-none\Lib\asyncio\windows_events.py", line 488, in recv
    ov.WSARecv(conn.fileno(), nbytes, flags)
    ~~~~~~~~~~^^^^^^^^^^^^^^^^^^^^^^^^^^^^^^
ConnectionResetError: [WinError 10054] An existing connection was forcibly closed by the remote host
captured=176 skipped=0 failed=0
EXIT=0
captured=176 skipped=0 failed=0
EXIT=0
captured=176 skipped=0 failed=0
EXIT=0
