pending=5821 shard=4/31 assigned=188
transport: canary vendor 'decodo_patchright'
2026-08-14 18:39:15,607 INFO vendor decodo_patchright: 64 prox(y/ies), sticky session re-minted -> session-cap1786747155w4
pending=5821 shard=8/31 assigned=188
transport: canary vendor 'decodo_patchright'
2026-08-14 18:39:15,991 INFO vendor decodo_patchright: 64 prox(y/ies), sticky session re-minted -> session-cap1786747155w8
pending=5821 shard=7/31 assigned=188
transport: canary vendor 'decodo_patchright'
2026-08-14 18:39:16,017 INFO vendor decodo_patchright: 64 prox(y/ies), sticky session re-minted -> session-cap1786747156w7
pending=5821 shard=14/31 assigned=188
transport: canary vendor 'decodo_patchright'
2026-08-14 18:39:16,470 INFO vendor decodo_patchright: 64 prox(y/ies), sticky session re-minted -> session-cap1786747156w14
pending=5821 shard=18/31 assigned=188
transport: canary vendor 'decodo_patchright'
2026-08-14 18:39:16,546 INFO vendor decodo_patchright: 64 prox(y/ies), sticky session re-minted -> session-cap1786747156w18
pending=5821 shard=3/31 assigned=188
transport: canary vendor 'decodo_patchright'
2026-08-14 18:39:17,714 INFO vendor decodo_patchright: 64 prox(y/ies), sticky session re-minted -> session-cap1786747157w3
pending=5821 shard=11/31 assigned=188
transport: canary vendor 'decodo_patchright'
2026-08-14 18:39:17,872 INFO vendor decodo_patchright: 64 prox(y/ies), sticky session re-minted -> session-cap1786747157w11
pending=5821 shard=12/31 assigned=188
transport: canary vendor 'decodo_patchright'
2026-08-14 18:39:18,187 INFO vendor decodo_patchright: 64 prox(y/ies), sticky session re-minted -> session-cap1786747158w12
pending=5821 shard=17/31 assigned=188
transport: canary vendor 'decodo_patchright'
2026-08-14 18:39:18,244 INFO vendor decodo_patchright: 64 prox(y/ies), sticky session re-minted -> session-cap1786747158w17
pending=5821 shard=10/31 assigned=188
transport: canary vendor 'decodo_patchright'
pending=5821 shard=1/31 assigned=188
transport: canary vendor 'decodo_patchright'
2026-08-14 18:39:19,084 INFO vendor decodo_patchright: 64 prox(y/ies), sticky session re-minted -> session-cap1786747159w10
pending=5821 shard=0/31 assigned=188
transport: canary vendor 'decodo_patchright'
2026-08-14 18:39:19,082 INFO vendor decodo_patchright: 64 prox(y/ies), sticky session re-minted -> session-cap1786747159w0
2026-08-14 18:39:19,310 INFO vendor decodo_patchright: 64 prox(y/ies), sticky session re-minted -> session-cap1786747159w1
pending=5821 shard=24/31 assigned=187
transport: canary vendor 'decodo_patchright'
pending=5821 shard=20/31 assigned=188
transport: canary vendor 'decodo_patchright'
2026-08-14 18:39:19,520 INFO vendor decodo_patchright: 64 prox(y/ies), sticky session re-minted -> session-cap1786747159w24
2026-08-14 18:39:19,671 INFO vendor decodo_patchright: 64 prox(y/ies), sticky session re-minted -> session-cap1786747159w20
pending=5821 shard=2/31 assigned=188
transport: canary vendor 'decodo_patchright'
2026-08-14 18:39:19,832 INFO vendor decodo_patchright: 64 prox(y/ies), sticky session re-minted -> session-cap1786747159w2
pending=5821 shard=16/31 assigned=188
transport: canary vendor 'decodo_patchright'
pending=5821 shard=9/31 assigned=188
transport: canary vendor 'decodo_patchright'
pending=5821 shard=13/31 assigned=188
transport: canary vendor 'decodo_patchright'
2026-08-14 18:39:20,558 INFO vendor decodo_patchright: 64 prox(y/ies), sticky session re-minted -> session-cap1786747160w13
pending=5821 shard=19/31 assigned=188
transport: canary vendor 'decodo_patchright'
2026-08-14 18:39:20,736 INFO vendor decodo_patchright: 64 prox(y/ies), sticky session re-minted -> session-cap1786747160w16
2026-08-14 18:39:20,737 INFO vendor decodo_patchright: 64 prox(y/ies), sticky session re-minted -> session-cap1786747160w19
pending=5821 shard=6/31 assigned=188
transport: canary vendor 'decodo_patchright'
pending=5821 shard=5/31 assigned=188
transport: canary vendor 'decodo_patchright'
2026-08-14 18:39:20,798 INFO vendor decodo_patchright: 64 prox(y/ies), sticky session re-minted -> session-cap1786747160w9
2026-08-14 18:39:20,973 INFO vendor decodo_patchright: 64 prox(y/ies), sticky session re-minted -> session-cap1786747160w6
pending=5821 shard=26/31 assigned=187
transport: canary vendor 'decodo_patchright'
pending=5821 shard=27/31 assigned=187
transport: canary vendor 'decodo_patchright'
pending=5821 shard=23/31 assigned=188
transport: canary vendor 'decodo_patchright'
pending=5821 shard=21/31 assigned=188
transport: canary vendor 'decodo_patchright'
2026-08-14 18:39:21,198 INFO vendor decodo_patchright: 64 prox(y/ies), sticky session re-minted -> session-cap1786747161w5
pending=5821 shard=29/31 assigned=187
transport: canary vendor 'decodo_patchright'
2026-08-14 18:39:21,421 INFO vendor decodo_patchright: 64 prox(y/ies), sticky session re-minted -> session-cap1786747161w21
pending=5821 shard=28/31 assigned=187
transport: canary vendor 'decodo_patchright'
2026-08-14 18:39:21,750 INFO vendor decodo_patchright: 64 prox(y/ies), sticky session re-minted -> session-cap1786747161w27
2026-08-14 18:39:21,908 INFO vendor decodo_patchright: 64 prox(y/ies), sticky session re-minted -> session-cap1786747161w29
pending=5821 shard=15/31 assigned=188
transport: canary vendor 'decodo_patchright'
pending=5821 shard=22/31 assigned=188
transport: canary vendor 'decodo_patchright'
2026-08-14 18:39:22,255 INFO vendor decodo_patchright: 64 prox(y/ies), sticky session re-minted -> session-cap1786747162w15
2026-08-14 18:39:22,354 INFO vendor decodo_patchright: 64 prox(y/ies), sticky session re-minted -> session-cap1786747162w23
2026-08-14 18:39:22,471 INFO vendor decodo_patchright: 64 prox(y/ies), sticky session re-minted -> session-cap1786747162w22
2026-08-14 18:39:22,635 INFO vendor decodo_patchright: 64 prox(y/ies), sticky session re-minted -> session-cap1786747162w26
2026-08-14 18:39:22,872 INFO vendor decodo_patchright: 64 prox(y/ies), sticky session re-minted -> session-cap1786747162w28
pending=5821 shard=25/31 assigned=187
transport: canary vendor 'decodo_patchright'
2026-08-14 18:39:23,483 INFO vendor decodo_patchright: 64 prox(y/ies), sticky session re-minted -> session-cap1786747163w25
2026-08-14 18:40:00,572 WARNING challenge not cleared for contest_id=2320649 -- bundle not written
captured=10 skipped=178 failed=0
EXIT=0
captured=10 skipped=178 failed=0
EXIT=0
captured=10 skipped=178 failed=0
EXIT=0
captured=10 skipped=178 failed=0
EXIT=0
captured=10 skipped=178 failed=0
EXIT=0
captured=10 skipped=178 failed=0
EXIT=0
captured=11 skipped=177 failed=0
EXIT=0
captured=11 skipped=177 failed=0
EXIT=0
captured=11 skipped=177 failed=0
EXIT=0
captured=12 skipped=176 failed=0
EXIT=0
captured=12 skipped=175 failed=0
EXIT=0
captured=12 skipped=176 failed=0
EXIT=0
captured=11 skipped=177 failed=0
EXIT=0
captured=13 skipped=175 failed=0
EXIT=0
captured=12 skipped=175 failed=0
EXIT=0
captured=12 skipped=176 failed=0
EXIT=0
captured=11 skipped=177 failed=0
captured=12 skipped=175 failed=0
EXIT=0
EXIT=0
captured=13 skipped=175 failed=0
EXIT=0
captured=13 skipped=175 failed=0
EXIT=0
captured=12 skipped=174 failed=1
EXIT=0
captured=13 skipped=175 failed=0
EXIT=0
captured=12 skipped=176 failed=0
EXIT=0
captured=13 skipped=175 failed=0
EXIT=0
captured=14 skipped=174 failed=0
EXIT=0
captured=14 skipped=174 failed=0
EXIT=0
captured=12 skipped=175 failed=0
EXIT=0
captured=14 skipped=174 failed=0
EXIT=0
captured=12 skipped=175 failed=0
EXIT=0
EXIT=127
