pending=5897 shard=10/31 assigned=190
transport: canary vendor 'decodo_patchright'
2026-08-14 18:17:43,836 INFO vendor decodo_patchright: 64 prox(y/ies), sticky session re-minted -> session-cap1786745863w10
pending=5897 shard=7/31 assigned=190
transport: canary vendor 'decodo_patchright'
2026-08-14 18:17:44,351 INFO vendor decodo_patchright: 64 prox(y/ies), sticky session re-minted -> session-cap1786745864w7
pending=5897 shard=12/31 assigned=190
transport: canary vendor 'decodo_patchright'
2026-08-14 18:17:44,935 INFO vendor decodo_patchright: 64 prox(y/ies), sticky session re-minted -> session-cap1786745864w12
pending=5897 shard=3/31 assigned=191
transport: canary vendor 'decodo_patchright'
2026-08-14 18:17:44,997 INFO vendor decodo_patchright: 64 prox(y/ies), sticky session re-minted -> session-cap1786745864w3
pending=5897 shard=6/31 assigned=191
transport: canary vendor 'decodo_patchright'
2026-08-14 18:17:45,538 INFO vendor decodo_patchright: 64 prox(y/ies), sticky session re-minted -> session-cap1786745865w6
pending=5897 shard=8/31 assigned=190
transport: canary vendor 'decodo_patchright'
2026-08-14 18:17:45,566 INFO vendor decodo_patchright: 64 prox(y/ies), sticky session re-minted -> session-cap1786745865w8
pending=5897 shard=1/31 assigned=191
transport: canary vendor 'decodo_patchright'
2026-08-14 18:17:47,310 INFO vendor decodo_patchright: 64 prox(y/ies), sticky session re-minted -> session-cap1786745867w1
pending=5897 shard=2/31 assigned=191
transport: canary vendor 'decodo_patchright'
2026-08-14 18:17:47,557 INFO vendor decodo_patchright: 64 prox(y/ies), sticky session re-minted -> session-cap1786745867w2
pending=5897 shard=15/31 assigned=190
transport: canary vendor 'decodo_patchright'
2026-08-14 18:17:47,733 INFO vendor decodo_patchright: 64 prox(y/ies), sticky session re-minted -> session-cap1786745867w15
pending=5897 shard=4/31 assigned=191
transport: canary vendor 'decodo_patchright'
2026-08-14 18:17:47,891 INFO vendor decodo_patchright: 64 prox(y/ies), sticky session re-minted -> session-cap1786745867w4
pending=5897 shard=13/31 assigned=190
transport: canary vendor 'decodo_patchright'
2026-08-14 18:17:48,161 INFO vendor decodo_patchright: 64 prox(y/ies), sticky session re-minted -> session-cap1786745868w13
pending=5897 shard=11/31 assigned=190
transport: canary vendor 'decodo_patchright'
2026-08-14 18:17:48,191 INFO vendor decodo_patchright: 64 prox(y/ies), sticky session re-minted -> session-cap1786745868w11
pending=5897 shard=9/31 assigned=190
transport: canary vendor 'decodo_patchright'
2026-08-14 18:17:48,244 INFO vendor decodo_patchright: 64 prox(y/ies), sticky session re-minted -> session-cap1786745868w9
pending=5897 shard=17/31 assigned=190
transport: canary vendor 'decodo_patchright'
2026-08-14 18:17:48,715 INFO vendor decodo_patchright: 64 prox(y/ies), sticky session re-minted -> session-cap1786745868w17
pending=5897 shard=0/31 assigned=191
transport: canary vendor 'decodo_patchright'
2026-08-14 18:17:49,712 INFO vendor decodo_patchright: 64 prox(y/ies), sticky session re-minted -> session-cap1786745869w0
pending=5897 shard=5/31 assigned=191
transport: canary vendor 'decodo_patchright'
pending=5897 shard=16/31 assigned=190
transport: canary vendor 'decodo_patchright'
2026-08-14 18:17:50,698 INFO vendor decodo_patchright: 64 prox(y/ies), sticky session re-minted -> session-cap1786745870w5
pending=5897 shard=14/31 assigned=190
transport: canary vendor 'decodo_patchright'
2026-08-14 18:17:50,950 INFO vendor decodo_patchright: 64 prox(y/ies), sticky session re-minted -> session-cap1786745870w16
2026-08-14 18:17:50,903 INFO vendor decodo_patchright: 64 prox(y/ies), sticky session re-minted -> session-cap1786745870w14
captured=30 skipped=161 failed=0
EXIT=0
captured=30 skipped=160 failed=0
EXIT=0
captured=29 skipped=162 failed=0
EXIT=0
captured=30 skipped=161 failed=0
EXIT=0
captured=30 skipped=161 failed=0
EXIT=0
captured=32 skipped=158 failed=0
EXIT=0
captured=30 skipped=160 failed=0
EXIT=0
captured=30 skipped=160 failed=0
EXIT=0
captured=31 skipped=159 failed=0
EXIT=0
captured=30 skipped=161 failed=0
EXIT=0
captured=30 skipped=161 failed=0
EXIT=0
captured=31 skipped=159 failed=0
EXIT=0
captured=31 skipped=159 failed=0
EXIT=0
captured=31 skipped=159 failed=0
EXIT=0
captured=31 skipped=159 failed=0
EXIT=0
captured=31 skipped=160 failed=0
EXIT=0
captured=30 skipped=160 failed=0
EXIT=0
captured=30 skipped=160 failed=0
EXIT=0
