pending=5484 shard=5/31 assigned=177
transport: canary vendor 'decodo_patchright'
2026-08-14 20:40:49,998 INFO vendor decodo_patchright: 64 prox(y/ies), sticky session re-minted -> session-cap1786754449w5
pending=5484 shard=1/31 assigned=177
transport: canary vendor 'decodo_patchright'
2026-08-14 20:40:50,514 INFO vendor decodo_patchright: 64 prox(y/ies), sticky session re-minted -> session-cap1786754450w1
pending=5484 shard=2/31 assigned=177
transport: canary vendor 'decodo_patchright'
2026-08-14 20:40:50,965 INFO vendor decodo_patchright: 64 prox(y/ies), sticky session re-minted -> session-cap1786754450w2
pending=5484 shard=6/31 assigned=177
transport: canary vendor 'decodo_patchright'
2026-08-14 20:40:51,046 INFO vendor decodo_patchright: 64 prox(y/ies), sticky session re-minted -> session-cap1786754451w6
captured=0 skipped=177 failed=0
pending=5484 shard=8/31 assigned=177
transport: canary vendor 'decodo_patchright'
2026-08-14 20:40:51,058 INFO vendor decodo_patchright: 64 prox(y/ies), sticky session re-minted -> session-cap1786754451w8
captured=0 skipped=177 failed=0
pending=5484 shard=4/31 assigned=177
transport: canary vendor 'decodo_patchright'
2026-08-14 20:40:51,395 INFO vendor decodo_patchright: 64 prox(y/ies), sticky session re-minted -> session-cap1786754451w4
pending=5484 shard=0/31 assigned=177
transport: canary vendor 'decodo_patchright'
2026-08-14 20:40:51,403 INFO vendor decodo_patchright: 64 prox(y/ies), sticky session re-minted -> session-cap1786754451w0
captured=0 skipped=177 failed=0
pending=5484 shard=11/31 assigned=177
transport: canary vendor 'decodo_patchright'
2026-08-14 20:40:51,688 INFO vendor decodo_patchright: 64 prox(y/ies), sticky session re-minted -> session-cap1786754451w11
captured=0 skipped=177 failed=0
pending=5484 shard=3/31 assigned=177
transport: canary vendor 'decodo_patchright'
2026-08-14 20:40:51,786 INFO vendor decodo_patchright: 64 prox(y/ies), sticky session re-minted -> session-cap1786754451w3
EXIT=0
EXIT=0
EXIT=0
EXIT=0
pending=5484 shard=18/31 assigned=177
transport: canary vendor 'decodo_patchright'
2026-08-14 20:40:53,417 INFO vendor decodo_patchright: 64 prox(y/ies), sticky session re-minted -> session-cap1786754453w18
pending=5484 shard=17/31 assigned=177
transport: canary vendor 'decodo_patchright'
2026-08-14 20:40:53,472 INFO vendor decodo_patchright: 64 prox(y/ies), sticky session re-minted -> session-cap1786754453w17
pending=5484 shard=24/31 assigned=177
transport: canary vendor 'decodo_patchright'
2026-08-14 20:40:53,646 INFO vendor decodo_patchright: 64 prox(y/ies), sticky session re-minted -> session-cap1786754453w24
captured=0 skipped=177 failed=0
pending=5484 shard=7/31 assigned=177
transport: canary vendor 'decodo_patchright'
2026-08-14 20:40:53,700 INFO vendor decodo_patchright: 64 prox(y/ies), sticky session re-minted -> session-cap1786754453w7
captured=0 skipped=177 failed=0
pending=5484 shard=16/31 assigned=177
transport: canary vendor 'decodo_patchright'
2026-08-14 20:40:53,743 INFO vendor decodo_patchright: 64 prox(y/ies), sticky session re-minted -> session-cap1786754453w16
captured=0 skipped=177 failed=0
pending=5484 shard=14/31 assigned=177
transport: canary vendor 'decodo_patchright'
2026-08-14 20:40:53,835 INFO vendor decodo_patchright: 64 prox(y/ies), sticky session re-minted -> session-cap1786754453w14
captured=0 skipped=177 failed=0
pending=5484 shard=19/31 assigned=177
transport: canary vendor 'decodo_patchright'
2026-08-14 20:40:54,067 INFO vendor decodo_patchright: 64 prox(y/ies), sticky session re-minted -> session-cap1786754454w19
captured=0 skipped=177 failed=0
pending=5484 shard=29/31 assigned=176
transport: canary vendor 'decodo_patchright'
2026-08-14 20:40:54,171 INFO vendor decodo_patchright: 64 prox(y/ies), sticky session re-minted -> session-cap1786754454w29
captured=0 skipped=176 failed=0
pending=5484 shard=20/31 assigned=177
transport: canary vendor 'decodo_patchright'
2026-08-14 20:40:54,316 INFO vendor decodo_patchright: 64 prox(y/ies), sticky session re-minted -> session-cap1786754454w20
EXIT=0
pending=5484 shard=10/31 assigned=177
transport: canary vendor 'decodo_patchright'
2026-08-14 20:40:54,702 INFO vendor decodo_patchright: 64 prox(y/ies), sticky session re-minted -> session-cap1786754454w10
captured=0 skipped=177 failed=0
pending=5484 shard=21/31 assigned=177
transport: canary vendor 'decodo_patchright'
EXIT=0
2026-08-14 20:40:54,738 INFO vendor decodo_patchright: 64 prox(y/ies), sticky session re-minted -> session-cap1786754454w21
captured=0 skipped=177 failed=0
pending=5484 shard=23/31 assigned=177
transport: canary vendor 'decodo_patchright'
2026-08-14 20:40:54,791 INFO vendor decodo_patchright: 64 prox(y/ies), sticky session re-minted -> session-cap1786754454w23
captured=0 skipped=177 failed=0
EXIT=0
pending=5484 shard=27/31 assigned=177
transport: canary vendor 'decodo_patchright'
pending=5484 shard=9/31 assigned=177
transport: canary vendor 'decodo_patchright'
pending=5484 shard=13/31 assigned=177
transport: canary vendor 'decodo_patchright'
pending=5484 shard=25/31 assigned=177
transport: canary vendor 'decodo_patchright'
2026-08-14 20:40:54,975 INFO vendor decodo_patchright: 64 prox(y/ies), sticky session re-minted -> session-cap1786754454w25
2026-08-14 20:40:54,980 INFO vendor decodo_patchright: 64 prox(y/ies), sticky session re-minted -> session-cap1786754454w9
captured=0 skipped=177 failed=0
pending=5484 shard=30/31 assigned=176
transport: canary vendor 'decodo_patchright'
2026-08-14 20:40:55,090 INFO vendor decodo_patchright: 64 prox(y/ies), sticky session re-minted -> session-cap1786754455w27
captured=0 skipped=177 failed=0
2026-08-14 20:40:55,152 INFO vendor decodo_patchright: 64 prox(y/ies), sticky session re-minted -> session-cap1786754455w13
2026-08-14 20:40:55,148 INFO vendor decodo_patchright: 64 prox(y/ies), sticky session re-minted -> session-cap1786754455w30
pending=5484 shard=26/31 assigned=177
transport: canary vendor 'decodo_patchright'
2026-08-14 20:40:55,182 INFO vendor decodo_patchright: 64 prox(y/ies), sticky session re-minted -> session-cap1786754455w26
captured=0 skipped=177 failed=0
captured=0 skipped=176 failed=0
captured=0 skipped=177 failed=0
EXIT=0
pending=5484 shard=15/31 assigned=177
transport: canary vendor 'decodo_patchright'
2026-08-14 20:40:55,259 INFO vendor decodo_patchright: 64 prox(y/ies), sticky session re-minted -> session-cap1786754455w15
pending=5484 shard=22/31 assigned=177
transport: canary vendor 'decodo_patchright'
2026-08-14 20:40:55,314 INFO vendor decodo_patchright: 64 prox(y/ies), sticky session re-minted -> session-cap1786754455w22
captured=0 skipped=177 failed=0
pending=5484 shard=12/31 assigned=177
transport: canary vendor 'decodo_patchright'
2026-08-14 20:40:55,333 INFO vendor decodo_patchright: 64 prox(y/ies), sticky session re-minted -> session-cap1786754455w12
pending=5484 shard=28/31 assigned=176
transport: canary vendor 'decodo_patchright'
2026-08-14 20:40:55,434 INFO vendor decodo_patchright: 64 prox(y/ies), sticky session re-minted -> session-cap1786754455w28
captured=0 skipped=176 failed=0
EXIT=0
EXIT=0
EXIT=0
EXIT=0
EXIT=0
EXIT=0
EXIT=0
EXIT=0
EXIT=0
EXIT=0
EXIT=0
EXIT=0
2026-08-14 20:41:24,147 WARNING challenge not cleared for contest_id=624532 -- bundle not written
captured=0 skipped=176 failed=1
EXIT=0
2026-08-14 20:41:25,658 WARNING challenge not cleared for contest_id=624779 -- bundle not written
captured=0 skipped=176 failed=1
EXIT=0
2026-08-14 20:41:26,323 WARNING challenge not cleared for contest_id=624531 -- bundle not written
captured=0 skipped=176 failed=1
EXIT=0
2026-08-14 20:41:27,889 WARNING challenge not cleared for contest_id=624743 -- bundle not written
captured=0 skipped=176 failed=1
2026-08-14 20:41:28,169 WARNING challenge not cleared for contest_id=627097 -- bundle not written
2026-08-14 20:41:28,218 WARNING challenge not cleared for contest_id=627880 -- bundle not written
EXIT=0
captured=0 skipped=176 failed=1
captured=0 skipped=176 failed=1
EXIT=0
EXIT=0
2026-08-14 20:41:30,460 WARNING challenge not cleared for contest_id=637523 -- bundle not written
2026-08-14 20:41:30,455 WARNING challenge not cleared for contest_id=633919 -- bundle not written
captured=0 skipped=176 failed=1
captured=0 skipped=176 failed=1
EXIT=0
2026-08-14 20:41:30,906 WARNING challenge not cleared for contest_id=624530 -- bundle not written
EXIT=0
captured=0 skipped=176 failed=1
2026-08-14 20:41:31,217 WARNING challenge not cleared for contest_id=637149 -- bundle not written
EXIT=0
captured=0 skipped=176 failed=1
EXIT=0
2026-08-14 20:41:51,921 WARNING challenge not cleared for contest_id=637684 -- bundle not written
captured=0 skipped=176 failed=1
EXIT=0
