pending=5588 shard=4/32 assigned=175
transport: canary vendor 'decodo_patchright'
2026-08-14 08:31:33,471 INFO vendor decodo_patchright: 64 prox(y/ies), sticky session re-minted -> session-cap1786710693w4
pending=5588 shard=13/32 assigned=175
transport: canary vendor 'decodo_patchright'
2026-08-14 08:31:33,944 INFO vendor decodo_patchright: 64 prox(y/ies), sticky session re-minted -> session-cap1786710693w13
pending=5588 shard=8/32 assigned=175
transport: canary vendor 'decodo_patchright'
2026-08-14 08:31:34,387 INFO vendor decodo_patchright: 64 prox(y/ies), sticky session re-minted -> session-cap1786710694w8
pending=5588 shard=2/32 assigned=175
transport: canary vendor 'decodo_patchright'
2026-08-14 08:31:34,461 INFO vendor decodo_patchright: 64 prox(y/ies), sticky session re-minted -> session-cap1786710694w2
pending=5588 shard=7/32 assigned=175
transport: canary vendor 'decodo_patchright'
2026-08-14 08:31:34,461 INFO vendor decodo_patchright: 64 prox(y/ies), sticky session re-minted -> session-cap1786710694w7
pending=5588 shard=0/32 assigned=175
transport: canary vendor 'decodo_patchright'
2026-08-14 08:31:34,482 INFO vendor decodo_patchright: 64 prox(y/ies), sticky session re-minted -> session-cap1786710694w0
pending=5588 shard=3/32 assigned=175
transport: canary vendor 'decodo_patchright'
2026-08-14 08:31:34,486 INFO vendor decodo_patchright: 64 prox(y/ies), sticky session re-minted -> session-cap1786710694w3
pending=5588 shard=9/32 assigned=175
transport: canary vendor 'decodo_patchright'
2026-08-14 08:31:36,599 INFO vendor decodo_patchright: 64 prox(y/ies), sticky session re-minted -> session-cap1786710696w9
pending=5588 shard=26/32 assigned=174
transport: canary vendor 'decodo_patchright'
2026-08-14 08:31:36,868 INFO vendor decodo_patchright: 64 prox(y/ies), sticky session re-minted -> session-cap1786710696w26
pending=5588 shard=21/32 assigned=174
transport: canary vendor 'decodo_patchright'
pending=5588 shard=27/32 assigned=174
transport: canary vendor 'decodo_patchright'
2026-08-14 08:31:37,335 INFO vendor decodo_patchright: 64 prox(y/ies), sticky session re-minted -> session-cap1786710697w27
pending=5588 shard=15/32 assigned=175
transport: canary vendor 'decodo_patchright'
pending=5588 shard=19/32 assigned=175
transport: canary vendor 'decodo_patchright'
2026-08-14 08:31:37,329 INFO vendor decodo_patchright: 64 prox(y/ies), sticky session re-minted -> session-cap1786710697w19
pending=5588 shard=10/32 assigned=175
transport: canary vendor 'decodo_patchright'
2026-08-14 08:31:37,318 INFO vendor decodo_patchright: 64 prox(y/ies), sticky session re-minted -> session-cap1786710697w10
pending=5588 shard=18/32 assigned=175
transport: canary vendor 'decodo_patchright'
pending=5588 shard=24/32 assigned=174
transport: canary vendor 'decodo_patchright'
2026-08-14 08:31:37,732 INFO vendor decodo_patchright: 64 prox(y/ies), sticky session re-minted -> session-cap1786710697w15
pending=5588 shard=30/32 assigned=174
transport: canary vendor 'decodo_patchright'
pending=5588 shard=12/32 assigned=175
transport: canary vendor 'decodo_patchright'
2026-08-14 08:31:37,874 INFO vendor decodo_patchright: 64 prox(y/ies), sticky session re-minted -> session-cap1786710697w12
2026-08-14 08:31:37,882 INFO vendor decodo_patchright: 64 prox(y/ies), sticky session re-minted -> session-cap1786710697w30
2026-08-14 08:31:38,046 INFO vendor decodo_patchright: 64 prox(y/ies), sticky session re-minted -> session-cap1786710698w21
pending=5588 shard=17/32 assigned=175
transport: canary vendor 'decodo_patchright'
2026-08-14 08:31:38,139 INFO vendor decodo_patchright: 64 prox(y/ies), sticky session re-minted -> session-cap1786710698w18
pending=5588 shard=28/32 assigned=174
transport: canary vendor 'decodo_patchright'
pending=5588 shard=25/32 assigned=174
transport: canary vendor 'decodo_patchright'
pending=5588 shard=5/32 assigned=175
transport: canary vendor 'decodo_patchright'
pending=5588 shard=22/32 assigned=174
transport: canary vendor 'decodo_patchright'
2026-08-14 08:31:38,197 INFO vendor decodo_patchright: 64 prox(y/ies), sticky session re-minted -> session-cap1786710698w17
pending=5588 shard=20/32 assigned=174
transport: canary vendor 'decodo_patchright'
pending=5588 shard=14/32 assigned=175
transport: canary vendor 'decodo_patchright'
2026-08-14 08:31:38,231 INFO vendor decodo_patchright: 64 prox(y/ies), sticky session re-minted -> session-cap1786710698w14
2026-08-14 08:31:38,225 INFO vendor decodo_patchright: 64 prox(y/ies), sticky session re-minted -> session-cap1786710698w24
2026-08-14 08:31:38,232 INFO vendor decodo_patchright: 64 prox(y/ies), sticky session re-minted -> session-cap1786710698w20
2026-08-14 08:31:38,265 INFO vendor decodo_patchright: 64 prox(y/ies), sticky session re-minted -> session-cap1786710698w28
2026-08-14 08:31:38,302 INFO vendor decodo_patchright: 64 prox(y/ies), sticky session re-minted -> session-cap1786710698w25
pending=5588 shard=16/32 assigned=175
transport: canary vendor 'decodo_patchright'
2026-08-14 08:31:38,438 INFO vendor decodo_patchright: 64 prox(y/ies), sticky session re-minted -> session-cap1786710698w5
2026-08-14 08:31:38,455 INFO vendor decodo_patchright: 64 prox(y/ies), sticky session re-minted -> session-cap1786710698w16
pending=5588 shard=31/32 assigned=174
transport: canary vendor 'decodo_patchright'
2026-08-14 08:31:38,515 INFO vendor decodo_patchright: 64 prox(y/ies), sticky session re-minted -> session-cap1786710698w22
pending=5588 shard=11/32 assigned=175
transport: canary vendor 'decodo_patchright'
2026-08-14 08:31:38,633 INFO vendor decodo_patchright: 64 prox(y/ies), sticky session re-minted -> session-cap1786710698w11
2026-08-14 08:31:38,655 INFO vendor decodo_patchright: 64 prox(y/ies), sticky session re-minted -> session-cap1786710698w31
pending=5588 shard=1/32 assigned=175
transport: canary vendor 'decodo_patchright'
pending=5588 shard=6/32 assigned=175
transport: canary vendor 'decodo_patchright'
pending=5588 shard=23/32 assigned=174
transport: canary vendor 'decodo_patchright'
pending=5588 shard=29/32 assigned=174
transport: canary vendor 'decodo_patchright'
2026-08-14 08:31:39,449 INFO vendor decodo_patchright: 64 prox(y/ies), sticky session re-minted -> session-cap1786710699w1
2026-08-14 08:31:39,802 INFO vendor decodo_patchright: 64 prox(y/ies), sticky session re-minted -> session-cap1786710699w23
2026-08-14 08:31:39,831 INFO vendor decodo_patchright: 64 prox(y/ies), sticky session re-minted -> session-cap1786710699w6
2026-08-14 08:31:39,877 INFO vendor decodo_patchright: 64 prox(y/ies), sticky session re-minted -> session-cap1786710699w29
2026-08-14 09:19:51,453 WARNING challenge not cleared for contest_id=548953 -- bundle not written
2026-08-14 09:51:42,578 WARNING challenge not cleared for contest_id=555052 -- bundle not written
captured=175 skipped=0 failed=0
EXIT=0
captured=174 skipped=0 failed=0
EXIT=0
captured=175 skipped=0 failed=0
EXIT=0
captured=175 skipped=0 failed=0
EXIT=0
captured=174 skipped=0 failed=0
EXIT=0
captured=174 skipped=0 failed=0
EXIT=0
captured=174 skipped=0 failed=0
EXIT=0
captured=175 skipped=0 failed=0
EXIT=0
captured=175 skipped=0 failed=0
EXIT=0
captured=175 skipped=0 failed=0
EXIT=0
captured=174 skipped=0 failed=1
EXIT=0
captured=174 skipped=0 failed=0
EXIT=0
captured=173 skipped=0 failed=1
EXIT=0
captured=174 skipped=0 failed=0
EXIT=0
captured=175 skipped=0 failed=0
EXIT=0
captured=175 skipped=0 failed=0
EXIT=0
captured=175 skipped=0 failed=0
EXIT=0
captured=175 skipped=0 failed=0
EXIT=0
captured=174 skipped=0 failed=0
EXIT=0
captured=175 skipped=0 failed=0
EXIT=0
captured=174 skipped=0 failed=0
EXIT=0
captured=175 skipped=0 failed=0
EXIT=0
captured=175 skipped=0 failed=0
EXIT=0
captured=174 skipped=0 failed=0
EXIT=0
captured=174 skipped=0 failed=0
EXIT=0
captured=175 skipped=0 failed=0
EXIT=0
captured=175 skipped=0 failed=0
EXIT=0
captured=175 skipped=0 failed=0
EXIT=0
captured=175 skipped=0 failed=0
EXIT=0
captured=175 skipped=0 failed=0
EXIT=0
captured=174 skipped=0 failed=0
EXIT=0
captured=175 skipped=0 failed=0
EXIT=0
