pending=5960 shard=2/31 assigned=193
transport: canary vendor 'decodo_patchright'
2026-08-14 18:11:47,319 INFO vendor decodo_patchright: 64 prox(y/ies), sticky session re-minted -> session-cap1786745507w2
pending=5960 shard=13/31 assigned=192
transport: canary vendor 'decodo_patchright'
2026-08-14 18:11:47,420 INFO vendor decodo_patchright: 64 prox(y/ies), sticky session re-minted -> session-cap1786745507w13
pending=5960 shard=7/31 assigned=193
transport: canary vendor 'decodo_patchright'
2026-08-14 18:11:48,627 INFO vendor decodo_patchright: 64 prox(y/ies), sticky session re-minted -> session-cap1786745508w7
pending=5960 shard=0/31 assigned=193
transport: canary vendor 'decodo_patchright'
2026-08-14 18:11:48,627 INFO vendor decodo_patchright: 64 prox(y/ies), sticky session re-minted -> session-cap1786745508w0
pending=5960 shard=20/31 assigned=192
transport: canary vendor 'decodo_patchright'
2026-08-14 18:11:48,865 INFO vendor decodo_patchright: 64 prox(y/ies), sticky session re-minted -> session-cap1786745508w20
pending=5960 shard=19/31 assigned=192
transport: canary vendor 'decodo_patchright'
2026-08-14 18:11:50,827 INFO vendor decodo_patchright: 64 prox(y/ies), sticky session re-minted -> session-cap1786745510w19
pending=5960 shard=4/31 assigned=193
transport: canary vendor 'decodo_patchright'
2026-08-14 18:11:51,031 INFO vendor decodo_patchright: 64 prox(y/ies), sticky session re-minted -> session-cap1786745511w4
pending=5960 shard=25/31 assigned=192
transport: canary vendor 'decodo_patchright'
2026-08-14 18:11:51,162 INFO vendor decodo_patchright: 64 prox(y/ies), sticky session re-minted -> session-cap1786745511w25
pending=5960 shard=11/31 assigned=192
transport: canary vendor 'decodo_patchright'
2026-08-14 18:11:51,410 INFO vendor decodo_patchright: 64 prox(y/ies), sticky session re-minted -> session-cap1786745511w11
pending=5960 shard=5/31 assigned=193
transport: canary vendor 'decodo_patchright'
2026-08-14 18:11:51,471 INFO vendor decodo_patchright: 64 prox(y/ies), sticky session re-minted -> session-cap1786745511w5
pending=5960 shard=6/31 assigned=193
transport: canary vendor 'decodo_patchright'
2026-08-14 18:11:51,730 INFO vendor decodo_patchright: 64 prox(y/ies), sticky session re-minted -> session-cap1786745511w6
pending=5960 shard=1/31 assigned=193
transport: canary vendor 'decodo_patchright'
2026-08-14 18:11:51,962 INFO vendor decodo_patchright: 64 prox(y/ies), sticky session re-minted -> session-cap1786745511w1
pending=5960 shard=24/31 assigned=192
transport: canary vendor 'decodo_patchright'
2026-08-14 18:11:52,390 INFO vendor decodo_patchright: 64 prox(y/ies), sticky session re-minted -> session-cap1786745512w24
pending=5960 shard=12/31 assigned=192
transport: canary vendor 'decodo_patchright'
2026-08-14 18:11:53,216 INFO vendor decodo_patchright: 64 prox(y/ies), sticky session re-minted -> session-cap1786745513w12
pending=5960 shard=27/31 assigned=192
transport: canary vendor 'decodo_patchright'
2026-08-14 18:11:53,787 INFO vendor decodo_patchright: 64 prox(y/ies), sticky session re-minted -> session-cap1786745513w27
pending=5960 shard=18/31 assigned=192
transport: canary vendor 'decodo_patchright'
pending=5960 shard=30/31 assigned=192
transport: canary vendor 'decodo_patchright'
pending=5960 shard=26/31 assigned=192
transport: canary vendor 'decodo_patchright'
pending=5960 shard=16/31 assigned=192
transport: canary vendor 'decodo_patchright'
pending=5960 shard=8/31 assigned=192
transport: canary vendor 'decodo_patchright'
2026-08-14 18:11:53,872 INFO vendor decodo_patchright: 64 prox(y/ies), sticky session re-minted -> session-cap1786745513w18
2026-08-14 18:11:53,912 INFO vendor decodo_patchright: 64 prox(y/ies), sticky session re-minted -> session-cap1786745513w16
2026-08-14 18:11:54,183 INFO vendor decodo_patchright: 64 prox(y/ies), sticky session re-minted -> session-cap1786745514w8
2026-08-14 18:11:54,194 INFO vendor decodo_patchright: 64 prox(y/ies), sticky session re-minted -> session-cap1786745514w30
2026-08-14 18:11:54,185 INFO vendor decodo_patchright: 64 prox(y/ies), sticky session re-minted -> session-cap1786745514w26
pending=5960 shard=9/31 assigned=192
transport: canary vendor 'decodo_patchright'
pending=5960 shard=29/31 assigned=192
transport: canary vendor 'decodo_patchright'
2026-08-14 18:11:54,598 INFO vendor decodo_patchright: 64 prox(y/ies), sticky session re-minted -> session-cap1786745514w29
2026-08-14 18:11:54,613 INFO vendor decodo_patchright: 64 prox(y/ies), sticky session re-minted -> session-cap1786745514w9
pending=5960 shard=28/31 assigned=192
transport: canary vendor 'decodo_patchright'
2026-08-14 18:11:54,756 INFO vendor decodo_patchright: 64 prox(y/ies), sticky session re-minted -> session-cap1786745514w28
pending=5960 shard=3/31 assigned=193
transport: canary vendor 'decodo_patchright'
pending=5960 shard=17/31 assigned=192
transport: canary vendor 'decodo_patchright'
2026-08-14 18:11:54,782 INFO vendor decodo_patchright: 64 prox(y/ies), sticky session re-minted -> session-cap1786745514w17
2026-08-14 18:11:54,917 INFO vendor decodo_patchright: 64 prox(y/ies), sticky session re-minted -> session-cap1786745514w3
pending=5960 shard=14/31 assigned=192
transport: canary vendor 'decodo_patchright'
2026-08-14 18:11:55,054 INFO vendor decodo_patchright: 64 prox(y/ies), sticky session re-minted -> session-cap1786745515w14
pending=5960 shard=23/31 assigned=192
transport: canary vendor 'decodo_patchright'
2026-08-14 18:11:55,317 INFO vendor decodo_patchright: 64 prox(y/ies), sticky session re-minted -> session-cap1786745515w23
pending=5960 shard=15/31 assigned=192
transport: canary vendor 'decodo_patchright'
2026-08-14 18:11:55,350 INFO vendor decodo_patchright: 64 prox(y/ies), sticky session re-minted -> session-cap1786745515w15
pending=5960 shard=10/31 assigned=192
transport: canary vendor 'decodo_patchright'
2026-08-14 18:11:55,406 INFO vendor decodo_patchright: 64 prox(y/ies), sticky session re-minted -> session-cap1786745515w10
pending=5960 shard=22/31 assigned=192
transport: canary vendor 'decodo_patchright'
2026-08-14 18:11:55,511 INFO vendor decodo_patchright: 64 prox(y/ies), sticky session re-minted -> session-cap1786745515w22
pending=5960 shard=21/31 assigned=192
transport: canary vendor 'decodo_patchright'
2026-08-14 18:11:55,534 INFO vendor decodo_patchright: 64 prox(y/ies), sticky session re-minted -> session-cap1786745515w21
captured=5 skipped=188 failed=0
EXIT=0
captured=5 skipped=187 failed=0
EXIT=0
captured=5 skipped=188 failed=0
EXIT=0
captured=5 skipped=187 failed=0
EXIT=0
captured=5 skipped=187 failed=0
EXIT=0
captured=5 skipped=187 failed=0
captured=5 skipped=187 failed=0
captured=5 skipped=187 failed=0
EXIT=0
EXIT=0
EXIT=0
captured=5 skipped=188 failed=0
captured=5 skipped=187 failed=0
EXIT=0
EXIT=0
captured=5 skipped=187 failed=0
EXIT=0
captured=5 skipped=187 failed=0
EXIT=0
captured=5 skipped=188 failed=0
captured=5 skipped=187 failed=0
EXIT=0
EXIT=0
captured=5 skipped=187 failed=0
EXIT=0
captured=5 skipped=187 failed=0
EXIT=0
captured=5 skipped=187 failed=0
captured=5 skipped=187 failed=0
EXIT=0
EXIT=0
captured=5 skipped=187 failed=0
EXIT=0
captured=5 skipped=187 failed=0
captured=6 skipped=187 failed=0
EXIT=0
captured=5 skipped=187 failed=0
EXIT=0
EXIT=0
captured=5 skipped=187 failed=0
EXIT=0
captured=6 skipped=186 failed=0
EXIT=0
captured=6 skipped=187 failed=0
EXIT=0
captured=6 skipped=186 failed=0
EXIT=0
captured=6 skipped=187 failed=0
EXIT=0
captured=6 skipped=186 failed=0
EXIT=0
captured=6 skipped=186 failed=0
EXIT=0
captured=6 skipped=187 failed=0
EXIT=0
captured=6 skipped=186 failed=0
EXIT=0
