pending=5821 shard=25/31 assigned=187
transport: canary vendor 'decodo_patchright'
2026-08-14 19:00:19,473 INFO vendor decodo_patchright: 64 prox(y/ies), sticky session re-minted -> session-cap1786748419w25
captured=0 skipped=187 failed=0
pending=5821 shard=23/31 assigned=188
transport: canary vendor 'decodo_patchright'
pending=5821 shard=20/31 assigned=188
transport: canary vendor 'decodo_patchright'
2026-08-14 19:00:20,709 INFO vendor decodo_patchright: 64 prox(y/ies), sticky session re-minted -> session-cap1786748420w20
captured=0 skipped=188 failed=0
2026-08-14 19:00:20,754 INFO vendor decodo_patchright: 64 prox(y/ies), sticky session re-minted -> session-cap1786748420w23
captured=0 skipped=188 failed=0
pending=5821 shard=21/31 assigned=188
transport: canary vendor 'decodo_patchright'
2026-08-14 19:00:20,833 INFO vendor decodo_patchright: 64 prox(y/ies), sticky session re-minted -> session-cap1786748420w21
captured=0 skipped=188 failed=0
pending=5821 shard=26/31 assigned=187
transport: canary vendor 'decodo_patchright'
2026-08-14 19:00:20,971 INFO vendor decodo_patchright: 64 prox(y/ies), sticky session re-minted -> session-cap1786748420w26
captured=0 skipped=187 failed=0
pending=5821 shard=30/31 assigned=187
transport: canary vendor 'decodo_patchright'
2026-08-14 19:00:21,099 INFO vendor decodo_patchright: 64 prox(y/ies), sticky session re-minted -> session-cap1786748421w30
captured=0 skipped=187 failed=0
pending=5821 shard=24/31 assigned=187
transport: canary vendor 'decodo_patchright'
2026-08-14 19:00:21,197 INFO vendor decodo_patchright: 64 prox(y/ies), sticky session re-minted -> session-cap1786748421w24
captured=0 skipped=187 failed=0
pending=5821 shard=29/31 assigned=187
transport: canary vendor 'decodo_patchright'
2026-08-14 19:00:21,344 INFO vendor decodo_patchright: 64 prox(y/ies), sticky session re-minted -> session-cap1786748421w29
captured=0 skipped=187 failed=0
pending=5821 shard=28/31 assigned=187
transport: canary vendor 'decodo_patchright'
2026-08-14 19:00:21,462 INFO vendor decodo_patchright: 64 prox(y/ies), sticky session re-minted -> session-cap1786748421w28
pending=5821 shard=27/31 assigned=187
transport: canary vendor 'decodo_patchright'
2026-08-14 19:00:21,498 INFO vendor decodo_patchright: 64 prox(y/ies), sticky session re-minted -> session-cap1786748421w27
captured=0 skipped=187 failed=0
EXIT=0
EXIT=0
EXIT=0
EXIT=0
EXIT=0
EXIT=0
EXIT=0
EXIT=0
EXIT=0
2026-08-14 19:00:54,741 WARNING challenge not cleared for contest_id=2320649 -- bundle not written
captured=0 skipped=186 failed=1
EXIT=0
