pending=5628 shard=13/31 assigned=182
transport: canary vendor 'decodo_patchright'
2026-08-14 20:11:50,452 INFO vendor decodo_patchright: 64 prox(y/ies), sticky session re-minted -> session-cap1786752710w13
captured=0 skipped=182 failed=0
pending=5628 shard=0/31 assigned=182
transport: canary vendor 'decodo_patchright'
2026-08-14 20:11:50,655 INFO vendor decodo_patchright: 64 prox(y/ies), sticky session re-minted -> session-cap1786752710w0
captured=0 skipped=182 failed=0
pending=5628 shard=5/31 assigned=182
transport: canary vendor 'decodo_patchright'
2026-08-14 20:11:51,161 INFO vendor decodo_patchright: 64 prox(y/ies), sticky session re-minted -> session-cap1786752711w5
captured=0 skipped=182 failed=0
pending=5628 shard=1/31 assigned=182
transport: canary vendor 'decodo_patchright'
2026-08-14 20:11:51,945 INFO vendor decodo_patchright: 64 prox(y/ies), sticky session re-minted -> session-cap1786752711w1
captured=0 skipped=182 failed=0
pending=5628 shard=9/31 assigned=182
transport: canary vendor 'decodo_patchright'
2026-08-14 20:11:51,982 INFO vendor decodo_patchright: 64 prox(y/ies), sticky session re-minted -> session-cap1786752711w9
captured=0 skipped=182 failed=0
pending=5628 shard=10/31 assigned=182
transport: canary vendor 'decodo_patchright'
2026-08-14 20:11:52,331 INFO vendor decodo_patchright: 64 prox(y/ies), sticky session re-minted -> session-cap1786752712w10
captured=0 skipped=182 failed=0
pending=5628 shard=4/31 assigned=182
transport: canary vendor 'decodo_patchright'
2026-08-14 20:11:52,419 INFO vendor decodo_patchright: 64 prox(y/ies), sticky session re-minted -> session-cap1786752712w4
captured=0 skipped=182 failed=0
pending=5628 shard=3/31 assigned=182
transport: canary vendor 'decodo_patchright'
2026-08-14 20:11:52,985 INFO vendor decodo_patchright: 64 prox(y/ies), sticky session re-minted -> session-cap1786752712w3
captured=0 skipped=182 failed=0
pending=5628 shard=7/31 assigned=182
transport: canary vendor 'decodo_patchright'
2026-08-14 20:11:53,098 INFO vendor decodo_patchright: 64 prox(y/ies), sticky session re-minted -> session-cap1786752713w7
captured=0 skipped=182 failed=0
EXIT=0
EXIT=0
EXIT=0
EXIT=0
EXIT=0
EXIT=0
pending=5628 shard=11/31 assigned=182
transport: canary vendor 'decodo_patchright'
2026-08-14 20:11:54,089 INFO vendor decodo_patchright: 64 prox(y/ies), sticky session re-minted -> session-cap1786752714w11
captured=0 skipped=182 failed=0
pending=5628 shard=12/31 assigned=182
transport: canary vendor 'decodo_patchright'
2026-08-14 20:11:54,157 INFO vendor decodo_patchright: 64 prox(y/ies), sticky session re-minted -> session-cap1786752714w12
captured=0 skipped=182 failed=0
EXIT=0
pending=5628 shard=2/31 assigned=182
transport: canary vendor 'decodo_patchright'
2026-08-14 20:11:54,286 INFO vendor decodo_patchright: 64 prox(y/ies), sticky session re-minted -> session-cap1786752714w2
captured=0 skipped=182 failed=0
pending=5628 shard=6/31 assigned=182
transport: canary vendor 'decodo_patchright'
2026-08-14 20:11:54,374 INFO vendor decodo_patchright: 64 prox(y/ies), sticky session re-minted -> session-cap1786752714w6
captured=0 skipped=182 failed=0
pending=5628 shard=8/31 assigned=182
transport: canary vendor 'decodo_patchright'
2026-08-14 20:11:54,737 INFO vendor decodo_patchright: 64 prox(y/ies), sticky session re-minted -> session-cap1786752714w8
captured=0 skipped=182 failed=0
EXIT=0
EXIT=0
EXIT=0
EXIT=0
EXIT=0
EXIT=0
EXIT=0
