seasons=all bundles=90119 pending=5370 force=False shard=10/16 assigned=33522026-08-14 17:54:23,937 INFO ncaa_identity: contest_id=1343398 season=2010 league=wbb -- teams rosters not built; ids emitted as nulls22026-08-14 17:54:24,028 INFO ncaa_identity: contest_id=1343414 season=2010 league=wbb -- teams rosters not built; ids emitted as nulls22026-08-14 17:54:24,133 INFO ncaa_identity: contest_id=1343430 season=2010 league=wbb -- teams rosters not built; ids emitted as nulls22026-08-14 17:54:24,195 INFO ncaa_identity: contest_id=1343446 season=2010 league=wbb -- teams rosters not built; ids emitted as nulls22026-08-14 17:54:24,460 INFO ncaa_identity: contest_id=1343462 season=2010 league=wbb -- teams rosters not built; ids emitted as nulls22026-08-14 17:54:24,549 INFO ncaa_identity: contest_id=1343479 season=2010 league=wbb -- teams rosters not built; ids emitted as nulls2026-08-14 17:54:24,638 INFO ncaa_identity: contest_id=1343490 season=2010 league=wbb -- teams rosters not built; ids emitted as nulls
2026-08-14 17:54:24,713 INFO ncaa_identity: contest_id=1343502 season=2010 league=wbb -- teams rosters not built; ids emitted as nulls
2026-08-14 17:54:24,782 INFO ncaa_identity: contest_id=1343522 season=2010 league=wbb -- teams rosters not built; ids emitted as nulls
2026-08-14 17:54:24,859 INFO ncaa_identity: contest_id=1343539 season=2010 league=wbb -- teams rosters not built; ids emitted as nulls
2026-08-14 17:54:24,945 INFO ncaa_identity: contest_id=1343556 season=2010 league=wbb -- teams rosters not built; ids emitted as nulls
2026-08-14 17:54:25,026 INFO ncaa_identity: contest_id=1343590 season=2010 league=wbb -- teams rosters not built; ids emitted as nulls
2026-08-14 17:54:25,107 INFO ncaa_identity: contest_id=1343635 season=2010 league=wbb -- teams rosters not built; ids emitted as nulls
2026-08-14 17:54:25,188 INFO ncaa_identity: contest_id=1343680 season=2010 league=wbb -- teams rosters not built; ids emitted as nulls
2026-08-14 17:54:25,274 INFO ncaa_identity: contest_id=1343699 season=2010 league=wbb -- teams rosters not built; ids emitted as nulls
2026-08-14 17:54:25,395 INFO ncaa_identity: contest_id=1343751 season=2010 league=wbb -- teams rosters not built; ids emitted as nulls
2026-08-14 17:54:25,472 INFO ncaa_identity: contest_id=1343795 season=2010 league=wbb -- teams rosters not built; ids emitted as nulls
2026-08-14 17:54:25,541 INFO ncaa_identity: contest_id=1343855 season=2010 league=wbb -- teams rosters not built; ids emitted as nulls
2026-08-14 17:54:25,957 INFO ncaa_identity: contest_id=1343910 season=2010 league=wbb -- teams rosters not built; ids emitted as nulls
2026-08-14 17:54:26,049 INFO ncaa_identity: contest_id=1343967 season=2010 league=wbb -- teams rosters not built; ids emitted as nulls
2026-08-14 17:54:26,138 INFO ncaa_identity: contest_id=1344041 season=2010 league=wbb -- teams rosters not built; ids emitted as nulls
2026-08-14 17:54:26,203 INFO ncaa_identity: contest_id=1344059 season=2010 league=wbb -- teams rosters not built; ids emitted as nulls
2026-08-14 17:54:26,917 INFO ncaa_identity: contest_id=1344093 season=2010 league=wbb -- teams rosters not built; ids emitted as nulls
22026-08-14 17:54:27,202 INFO ncaa_identity: contest_id=1344144 season=2010 league=wbb -- teams rosters not built; ids emitted as nulls
2026-08-14 17:54:27,212 INFO ncaa_identity: contest_id=1344144 teams 0/2752 matched, players 0/1082 matched
2026-08-14 17:54:27,323 INFO ncaa_identity: contest_id=1344167 season=2010 league=wbb -- teams rosters not built; ids emitted as nulls
2026-08-14 17:54:27,423 INFO ncaa_identity: contest_id=1344220 season=2010 league=wbb -- teams rosters not built; ids emitted as nulls
2026-08-14 17:54:27,630 INFO ncaa_identity: contest_id=1344291 season=2010 league=wbb -- teams rosters not built; ids emitted as nulls
2026-08-14 17:54:27,699 INFO ncaa_identity: contest_id=1344353 season=2010 league=wbb -- teams rosters not built; ids emitted as nulls
2026-08-14 17:54:27,775 INFO ncaa_identity: contest_id=1344464 season=2010 league=wbb -- teams rosters not built; ids emitted as nulls
2026-08-14 17:54:27,846 INFO ncaa_identity: contest_id=1344549 season=2010 league=wbb -- teams rosters not built; ids emitted as nulls
2026-08-14 17:54:27,918 INFO ncaa_identity: contest_id=1344617 season=2010 league=wbb -- teams rosters not built; ids emitted as nulls
2026-08-14 17:54:28,006 IN2026-08-14 17:54:28,087 INFO ncaa_identity: contest_id=1344813 season=2010 league=wbb -- teams rosters not bui2026-08-14 17:54:28,089 IN2026-08-14 17:54:28,092 INFO ncaa_identity: contest_id=1344813 teams 0/2680 matched, players 0/1035 matched
2026-08-14 17:54:28,175 INFO ncaa_identity: contest_id=1344853 season=2010 league=wbb -- teams rosters not built; ids emitted as nulls
2026-08-14 17:54:28,263 INFO ncaa_identity: contest_id=1344888 season=2010 league=wbb -- teams rosters not built; ids emitted as nulls
2026-08-14 17:54:28,343 INFO ncaa_identity: contest_id=1344912 season=2010 league=wbb -- teams rosters not built; ids emitted as nulls
2026-08-14 17:54:28,412 INFO ncaa_identity: contest_id=1344962 season=2010 league=wbb -- teams rosters not built; ids emitted as nulls
2026-08-14 17:54:28,486 INFO ncaa_identity: contest_id=1344997 season=2010 league=wbb -- teams rosters not built; ids emitted as nulls
2026-08-14 17:54:28,553 INFO ncaa_identity: contest_id=1345023 season=2010 league=wbb -- teams rosters not built; ids emitted as nulls
2026-08-14 17:54:28,629 INFO ncaa_identity: contest_id=1345120 season=2010 league=wbb -- teams rosters not built; ids emitted as nulls
2026-08-14 17:54:28,692 INFO ncaa_identity: contest_id=1345152 season=2010 league=wbb -- teams rosters not built; ids emitted as nulls
2026-08-14 17:54:28,763 INFO ncaa_identity: contest_id=1345222 season=2010 league=wbb -- teams rosters not built; ids emitted as nulls
22026-08-14 17:54:29,001 INFO ncaa_identity: contest_id=1345330 season=2010 league=wbb -- teams rosters not built; ids emitted as nulls2026-08-14 17:54:29,097 INFO ncaa_identity: contest_id=1345346 season=2010 league=wbb -- teams rosters not built; ids emitted as nulls
2026-08-14 17:54:29,186 INFO ncaa_identity: contest_id=1345371 season=2010 league=wbb -- teams rosters not built; ids emitted as nulls
2026-08-14 17:54:29,269 INFO ncaa_identity: contest_id=1345393 season=2010 league=wbb -- teams rosters not built; ids emitted as nulls
2026-08-14 17:54:29,354 INFO ncaa_identity: contest_id=1345425 season=2010 league=wbb -- teams rosters not built; ids emitted as nulls
2026-08-14 17:54:29,425 INFO ncaa_identity: contest_id=1345447 season=2010 league=wbb -- teams rosters not built; ids emitted as nulls
2026-08-14 17:54:29,494 INFO ncaa_identity: contest_id=1345474 season=2010 league=wbb -- teams rosters not built; ids emitted as nulls
2026-08-14 17:54:29,567 INFO ncaa_identity: contest_id=1345499 season=2010 league=wbb -- teams rosters not built; ids emitted as nulls
2026-08-14 17:54:29,649 INFO ncaa_identity: contest_id=1345529 season=2010 league=wbb -- teams rosters not built; ids emitted as nulls
2026-08-14 17:54:29,710 INFO ncaa_identity: contest_id=1345555 season=2010 league=wbb -- teams rosters not built; ids emitted as nulls
2026-08-14 17:54:29,770 INFO ncaa_identity: contest_id=1345588 season=2010 league=wbb -- teams rosters not built; ids emitted as nulls
2026-08-14 17:54:29,829 INFO ncaa_identity: contest_id=1345666 season=2010 league=wbb -- teams rosters not built; ids emitted as nulls
2026-08-14 17:54:29,906 INFO ncaa_identity: contest_id=1345695 season=2010 league=wbb -- teams rosters not built; ids emitted as nulls
2026-08-14 17:54:29,980 INF2026-08-14 17:54:30,261 INFO ncaa_identity: contest_id=1345771 season=2010 league=wbb -- teams rosters not built; ids emitted as nulls
2026-08-14 17:54:30,267 INFO ncaa_identity: contest_id=1345771 teams 0/2706 matched, players 0/901 matched
202026-08-14 17:54:30,347 INFO ncaa_identity: contest_id=1345819 season=2010 league=wbb -- teams rosters not built; ids emitted as nulls2026-08-14 17:54:30,556 INFO ncaa_identity: contest_id=1345842 season=2010 league=wbb -- teams rosters not built; ids emitted as nulls
2026-08-14 17:54:30,667 INFO ncaa_identity: contest_id=1345891 season=2010 league=wbb -- teams rosters not built; ids emitted as nulls
2026-08-14 17:54:30,740 INFO ncaa_identity: contest_id=1345925 season=2010 league=wbb -- teams rosters not built; ids emitted as nulls
2026-08-14 17:54:30,852 INFO ncaa_identity: contest_id=1345985 season=2010 league=wbb -- teams rosters not built; ids emitted as nulls
2026-08-14 17:54:30,933 INFO ncaa_identity: contest_id=1346051 season=2010 league=wbb -- teams rosters not built; ids emitted as nulls
2026-08-14 17:54:31,027 INFO ncaa_identity: contest_id=1346114 season=2010 league=wbb -- teams rosters not built; ids emitted as nulls
2026-08-14 17:54:31,139 INFO ncaa_identity: contest_id=1346182 season=2010 league=wbb -- teams rosters not built; ids emitted as nulls
2026-08-14 17:54:31,275 INFO ncaa_identity: contest_id=1346239 season=2010 league=wbb -- teams rosters not built; ids emitted as nulls
2026-08-14 17:54:31,380 INFO ncaa_identity: contest_id=1346268 season=2010 league=wbb -- teams rosters not built; ids emitted as nulls
2026-08-14 17:54:31,449 INFO ncaa_identity: contest_id=1346322 season=2010 league=wbb -- teams rosters not built; ids emitted as nulls
2026-08-14 17:54:31,548 INFO ncaa_identity: contest_id=1346363 season=2010 league=wbb -- teams rosters not built; ids emitted as nulls
2026-08-14 17:54:31,622 INFO ncaa_identity: contest_id=1346414 season=2010 league=wbb -- teams rosters not built; ids emitted as nulls
2026-08-14 17:54:31,691 INFO ncaa_identity: contest_id=1346485 season=2010 league=wbb -- teams rosters not built; ids emitted as nulls
2026-08-14 17:54:31,797 INFO2026-08-14 17:54:31,849 INFO ncaa_identity: contest_id=1346604 season=2010 league=wbb -- teams rosters not b2026-08-14 17:54:31,884 INFO ncaa_identity: contest_id=1346603 season=2010 league=wbb -- teams rosters not built; ids emitted as nulls
2026-08-14 17:54:32,094 INFO ncaa_identity: contest_id=1346619 season=2010 league=wbb -- teams rosters not built; ids emitted as nulls
2026-08-14 17:54:32,170 INFO ncaa_identity: contest_id=1346660 season=2010 league=wbb -- teams rosters not built; ids emitted as nulls
2026-08-14 17:54:32,265 INFO ncaa_identity: contest_id=1346738 season=2010 league=wbb -- teams rosters not built; ids emitted as nulls
2026-08-14 17:54:32,328 INFO ncaa_identity: contest_id=1346842 season=2010 league=wbb -- teams rosters not built; ids emitted as nulls
2026-08-14 17:54:32,412 INFO ncaa_identity: contest_id=1346885 season=2010 league=wbb -- teams rosters not built; ids emitted as nulls
2026-08-14 17:54:32,491 INFO ncaa_identity: contest_id=1346991 season=2010 league=wbb -- teams rosters not built; ids emitted as nulls
2026-08-14 17:54:32,575 INFO ncaa_identity: contest_id=1347008 season=2010 league=wbb -- teams rosters not built; ids emitted as nulls
2026-08-14 17:54:32,623 INFO ncaa_identity: contest_id=1347036 season=2010 league=wbb -- teams rosters not built; ids emitted as nulls
2026-08-14 17:54:32,694 INFO ncaa_identity: contest_id=1347054 season=2010 league=wbb -- teams rosters not built; ids emitted as nulls
2026-08-14 17:54:32,769 INFO ncaa_identity: contest_id=1347100 season=2010 league=wbb -- teams rosters not built; ids emitted as nulls
2026-08-14 17:54:32,830 INFO2026-08-14 17:54:33,156 INFO ncaa_identity: contest_id=1347229 season=2010 league=wbb -- teams rosters not built; ids emitted as nulls
2026-08-14 17:54:33,162 INFO ncaa_identity: contest_id=1347229 teams 0/2390 matched, players 0/839 matched
2026-08-14 17:54:33,254 INFO ncaa_identity: contest_id=1347255 season=2010 league=wbb -- teams rosters not built; ids emitted as nulls
2026-08-14 17:54:33,988 INFO ncaa_identity: contest_id=1347298 season=2010 league=wbb -- teams rosters not built; ids emitted as nulls
2026-08-14 17:54:33,992 INFO ncaa_identity: contest_id=1347298 teams 0/2252 matched, players 0/715 matched
2026-08-14 17:54:34,089 INFO ncaa_identity: contest_id=1347350 season=2010 league=wbb -- teams rosters not built; ids emitted as nulls
2026-08-14 17:54:34,162 INFO ncaa_identity: contest_id=1347445 season=2010 league=wbb -- teams rosters not built; ids emitted as nulls
2026-08-14 17:54:34,250 INFO ncaa_identity: contest_id=1347518 season=2010 league=wbb -- teams rosters not built; ids emitted as nulls
2026-08-14 17:54:34,322 INFO ncaa_identity: contest_id=1347594 season=2010 league=wbb -- teams rosters not built; ids emitted as nulls
2026-08-14 17:54:34,414 INFO ncaa_identity: contest_id=1347658 season=2010 league=wbb -- teams rosters not built; ids emitted as nulls
2026-08-14 17:54:34,476 INFO ncaa_identity: contest_id=1347707 season=2010 league=wbb -- teams rosters not built; ids emitted as nulls
2026-08-14 17:54:34,565 INFO ncaa_identity: contest_id=1347786 season=2010 league=wbb -- teams rosters not built; ids emitted as nulls
2026-08-14 17:54:34,653 INFO ncaa_identity: contest_id=1347809 season=2010 league=wbb -- teams rosters not built; ids emitted as nulls
2026-08-14 17:54:34,739 INFO ncaa_identity: contest_id=1347832 season=2010 league=wbb -- teams rosters not built; ids emitted as nulls
2026-08-14 17:54:34,816 INFO ncaa_identity: contest_id=1347876 season=2010 league=wbb -- teams rosters not built; ids emitted as nulls
2026-08-14 17:54:34,911 INFO ncaa_identity: contest_id=1347916 season=2010 league=wbb -- teams rosters not built; ids emitted as nulls
2026-08-14 17:54:34,991 INFO ncaa_identity: contest_id=1347958 season=2010 league=wbb -- teams rosters not built; ids emitted as nulls
2026-08-14 17:54:35,071 INFO ncaa_identity: contest_id=1347981 season=2010 league=wbb -- teams rosters not built; ids emitted as nulls
2026-08-14 17:54:35,287 INFO ncaa_identity: contest_id=1348025 season=2010 league=wbb -- teams rosters not built; ids emitted as nulls
2026-08-14 17:54:35,367 INFO ncaa_identity: contest_id=1348070 season=2010 league=wbb -- teams rosters not built; ids emitted as nulls
2026-08-14 17:54:35,447 INFO ncaa_identity: contest_id=1348115 season=2010 league=wbb -- teams rosters not built; ids emitted as nulls
2026-08-14 17:54:35,543 INFO ncaa_identity: contest_id=1348176 season=2010 league=wbb -- teams rosters not built; ids emitted as nulls
2026-08-14 17:54:35,617 INFO ncaa_identity: contest_id=1348198 season=2010 league=wbb -- teams rosters not built; ids emitted as nulls
2026-08-14 17:54:35,700 INFO ncaa_identity: contest_id=1348233 season=2010 league=wbb -- teams rosters not built; ids emitted as nulls
2026-08-14 17:54:35,793 INFO ncaa_identity: contest_id=1348304 season=2010 league=wbb -- teams rosters not built; ids emitted as nulls
2026-08-14 17:54:35,900 INFO ncaa_identity: contest_id=1348329 season=2010 league=wbb -- teams rosters not built; ids emitted as nulls
2026-08-14 17:54:35,992 INFO ncaa_identity: contest_id=1348347 season=2010 league=wbb -- teams rosters not built; ids emitted as nulls
2026-08-14 17:54:36,083 INFO ncaa_identity: contest_id=1348368 season=2010 league=wbb -- teams rosters not built; ids emitted as nulls
2026-08-14 17:54:36,164 INFO ncaa_identity: contest_id=1348404 season=2010 league=wbb -- teams rosters not built; ids emitted as nulls
2026-08-14 17:54:36,231 INFO ncaa_identity: contest_id=1348432 season=2010 league=wbb -- teams rosters not built; ids emitted as nulls
2026-08-14 17:54:36,308 INFO ncaa_identity: contest_id=1348457 season=2010 league=wbb -- teams rosters not built; ids emitted as nulls
2026-08-14 17:54:36,375 INFO ncaa_identity: contest_id=1348474 season=2010 league=wbb -- teams rosters not built; ids emitted as nulls
2026-08-14 17:54:36,433 INFO ncaa_identity: contest_id=1348514 season=2010 league=wbb -- teams rosters not built; ids emitted as nulls
2026-08-14 17:54:36,637 INFO ncaa_identity: contest_id=1348536 season=2010 league=wbb -- teams rosters not built; ids emitted as nulls
2026-08-14 17:54:36,713 INFO ncaa_identity: contest_id=1348552 season=2010 league=wbb -- teams rosters not built; ids emitted as nulls
2026-08-14 17:54:36,790 INFO ncaa_identity: contest_id=1348581 season=2010 league=wbb -- teams rosters not built; ids emitted as nulls
2026-08-14 17:54:36,854 INFO ncaa_identity: contest_id=1348606 season=2010 league=wbb -- teams rosters not built; ids emitted as nulls
2026-08-14 17:54:36,949 INFO ncaa_identity: contest_id=1348625 season=2010 league=wbb -- teams rosters not built; ids emitted as nulls
2026-08-14 17:54:37,015 INFO ncaa_identity: contest_id=1348642 season=2010 league=wbb -- teams rosters not built; ids emitted as nulls
2026-08-14 17:54:37,091 INFO ncaa_identity: contest_id=1348685 season=2010 league=wbb -- teams rosters not built; ids emitted as nulls
2026-08-14 17:54:37,160 INFO ncaa_identity: contest_id=1348705 season=2010 league=wbb -- teams rosters not built; ids emitted as nulls
2026-08-14 17:54:37,249 INFO ncaa_identity: contest_id=1348735 season=2010 league=wbb -- teams rosters not built; ids emitted as nulls
2026-08-14 17:54:37,345 INFO ncaa_identity: contest_id=1348765 season=2010 league=wbb -- teams rosters not built; ids emitted as nulls
2026-08-14 17:54:37,430 INFO ncaa_identity: contest_id=1348810 season=2010 league=wbb -- teams rosters not built; ids emitted as nulls
2026-08-14 17:54:37,544 INFO ncaa_identity: contest_id=1348860 season=2010 league=wbb -- teams rosters not built; ids emitted as nulls
2026-08-14 17:54:37,624 INFO ncaa_identity: contest_id=1348902 season=2010 league=wbb -- teams rosters not built; ids emitted as nulls
2026-08-14 17:54:37,702 INFO ncaa_identity: contest_id=1348919 season=2010 league=wbb -- teams rosters not built; ids emitted as nulls
2026-08-14 17:54:37,772 INFO ncaa_identity: contest_id=1348943 season=2010 league=wbb -- teams rosters not built; ids emitted as nulls
2026-08-14 17:54:37,998 INFO ncaa_identity: contest_id=1348964 season=2010 league=wbb -- teams rosters not built; ids emitted as nulls
2026-08-14 17:54:38,073 INFO ncaa_identity: contest_id=1349049 season=2010 league=wbb -- teams rosters not built; ids emitted as nulls
2026-08-14 17:54:38,151 INFO ncaa_identity: contest_id=1349067 season=2010 league=wbb -- teams rosters not built; ids emitted as nulls
2026-08-14 17:54:38,240 INFO ncaa_identity: contest_id=1349112 season=2010 league=wbb -- teams rosters not built; ids emitted as nulls
2026-08-14 17:54:38,294 INFO ncaa_identity: contest_id=1349177 season=2010 league=wbb -- teams rosters not built; ids emitted as nulls
2026-08-14 17:54:38,375 INFO ncaa_identity: contest_id=1349204 season=2010 league=wbb -- teams rosters not built; ids emitted as nulls
2026-08-14 17:54:38,436 INFO ncaa_identity: contest_id=1349220 season=2010 league=wbb -- teams rosters not built; ids emitted as nulls
2026-08-14 17:54:38,529 INFO ncaa_identity: contest_id=1349251 season=2010 league=wbb -- teams rosters not built; ids emitted as nulls
2026-08-14 17:54:38,618 INFO ncaa_identity: contest_id=1349287 season=2010 league=wbb -- teams rosters not built; ids emitted as nulls
2026-08-14 17:54:38,688 INFO ncaa_identity: contest_id=1349415 season=2010 league=wbb -- teams rosters not built; ids emitted as nulls
2026-08-14 17:54:38,761 INFO ncaa_identity: contest_id=1349442 season=2010 league=wbb -- teams rosters not built; ids emitted as nulls
2026-08-14 17:54:38,824 INFO ncaa_identity: contest_id=1349518 season=2010 league=wbb -- teams rosters not built; ids emitted as nulls
2026-08-14 17:54:38,896 INFO ncaa_identity: contest_id=1349542 season=2010 league=wbb -- teams rosters not built; ids emitted as nulls
2026-08-14 17:54:38,974 INFO ncaa_identity: contest_id=1349567 season=2010 league=wbb -- teams rosters not built; ids emitted as nulls
2026-08-14 17:54:39,065 INFO ncaa_identity: contest_id=1349604 season=2010 league=wbb -- teams rosters not built; ids emitted as nulls
2026-08-14 17:54:39,278 INFO ncaa_identity: contest_id=1349658 season=2010 league=wbb -- teams rosters not built; ids emitted as nulls
2026-08-14 17:54:39,358 INFO ncaa_identity: contest_id=1349706 season=2010 league=wbb -- teams rosters not built; ids emitted as nulls
2026-08-14 17:54:39,423 INFO ncaa_identity: contest_id=1349772 season=2010 league=wbb -- teams rosters not built; ids emitted as nulls
2026-08-14 17:54:39,499 INFO ncaa_identity: contest_id=1349858 season=2010 league=wbb -- teams rosters not built; ids emitted as nulls
2026-08-14 17:54:40,471 INFO ncaa_identity: contest_id=1349901 season=2010 league=wbb -- teams rosters not built; ids emitted as nulls
2026-08-14 17:54:40,478 INFO ncaa_identity: contest_id=1349901 teams 0/2776 matched, players 0/1064 matched
2026-08-14 17:54:40,555 INFO ncaa_identity: contest_id=1349951 season=2010 league=wbb -- teams rosters not built; ids emitted as nulls
2026-08-14 17:54:40,633 INFO ncaa_identity: contest_id=1350000 season=2010 league=wbb -- teams rosters not built; ids emitted as nulls
2026-08-14 17:54:40,695 INFO ncaa_identity: contest_id=1350016 season=2010 league=wbb -- teams rosters not built; ids emitted as nulls
2026-08-14 17:54:40,772 INFO ncaa_identity: contest_id=1350091 season=2010 league=wbb -- teams rosters not built; ids emitted as nulls
2026-08-14 17:54:41,062 INFO ncaa_identity: contest_id=1350166 season=2010 league=wbb -- teams rosters not built; ids emitted as nulls
2026-08-14 17:54:41,122 INFO ncaa_identity: contest_id=1350243 season=2010 league=wbb -- teams rosters not built; ids emitted as nulls
2026-08-14 17:54:41,179 INFO ncaa_identity: contest_id=1350286 season=2010 league=wbb -- teams rosters not built; ids emitted as nulls
2026-08-14 17:54:41,247 INFO ncaa_identity: contest_id=1350319 season=2010 league=wbb -- teams rosters not built; ids emitted as nulls
2026-08-14 17:54:41,316 INFO ncaa_identity: contest_id=1350391 season=2010 league=wbb -- teams rosters not built; ids emitted as nulls
2026-08-14 17:54:41,391 INFO ncaa_identity: contest_id=1350417 season=2010 league=wbb -- teams rosters not built; ids emitted as nulls
2026-08-14 17:54:41,462 INFO ncaa_identity: contest_id=1350468 season=2010 league=wbb -- teams rosters not built; ids emitted as nulls
2026-08-14 17:54:41,527 INFO ncaa_identity: contest_id=1350565 season=2010 league=wbb -- teams rosters not built; ids emitted as nulls
2026-08-14 17:54:41,594 INFO ncaa_identity: contest_id=1350587 season=2010 league=wbb -- teams rosters not built; ids emitted as nulls
2026-08-14 17:54:41,675 INFO ncaa_identity: contest_id=1350624 season=2010 league=wbb -- teams rosters not built; ids emitted as nulls
2026-08-14 17:54:41,757 INFO ncaa_identity: contest_id=1350670 season=2010 league=wbb -- teams rosters not built; ids emitted as nulls
2026-08-14 17:54:41,827 INFO ncaa_identity: contest_id=1350734 season=2010 league=wbb -- teams rosters not built; ids emitted as nulls
2026-08-14 17:54:41,884 INFO ncaa_identity: contest_id=1350820 season=2010 league=wbb -- teams rosters not built; ids emitted as nulls
2026-08-14 17:54:41,960 INFO ncaa_identity: contest_id=1350867 season=2010 league=wbb -- teams rosters not built; ids emitted as nulls
2026-08-14 17:54:42,041 INFO ncaa_identity: contest_id=1350942 season=2010 league=wbb -- teams rosters not built; ids emitted as nulls
2026-08-14 17:54:42,138 INFO ncaa_identity: contest_id=1351000 season=2010 league=wbb -- teams rosters not built; ids emitted as nulls
2026-08-14 17:54:42,331 INFO ncaa_identity: contest_id=1351037 season=2010 league=wbb -- teams rosters not built; ids emitted as nulls
2026-08-14 17:54:42,415 INFO ncaa_identity: contest_id=1351083 season=2010 league=wbb -- teams rosters not built; ids emitted as nulls
2026-08-14 17:54:42,499 INFO ncaa_identity: contest_id=1351110 season=2010 league=wbb -- teams rosters not built; ids emitted as nulls
2026-08-14 17:54:42,580 INFO ncaa_identity: contest_id=1351245 season=2010 league=wbb -- teams rosters not built; ids emitted as nulls
2026-08-14 17:54:42,661 INFO ncaa_identity: contest_id=1351270 season=2010 league=wbb -- teams rosters not built; ids emitted as nulls
2026-08-14 17:54:42,726 INFO ncaa_identity: contest_id=1351286 season=2010 league=wbb -- teams rosters not built; ids emitted as nulls
2026-08-14 17:54:42,801 INFO ncaa_identity: contest_id=1351330 season=2010 league=wbb -- teams rosters not built; ids emitted as nulls
2026-08-14 17:54:42,884 INFO ncaa_identity: contest_id=1351447 season=2010 league=wbb -- teams rosters not built; ids emitted as nulls
2026-08-14 17:54:42,973 INFO ncaa_identity: contest_id=1351476 season=2010 league=wbb -- teams rosters not built; ids emitted as nulls
2026-08-14 17:54:43,054 INFO ncaa_identity: contest_id=1351492 season=2010 league=wbb -- teams rosters not built; ids emitted as nulls
2026-08-14 17:54:43,134 INFO ncaa_identity: contest_id=1351551 season=2010 league=wbb -- teams rosters not built; ids emitted as nulls
2026-08-14 17:54:43,212 INFO ncaa_identity: contest_id=1351665 season=2010 league=wbb -- teams rosters not built; ids emitted as nulls
2026-08-14 17:54:43,277 INFO ncaa_identity: contest_id=1351685 season=2010 league=wbb -- teams rosters not built; ids emitted as nulls
2026-08-14 17:54:43,352 INFO ncaa_identity: contest_id=1351721 season=2010 league=wbb -- teams rosters not built; ids emitted as nulls
2026-08-14 17:54:43,431 INFO ncaa_identity: contest_id=1351738 season=2010 league=wbb -- teams rosters not built; ids emitted as nulls
2026-08-14 17:54:43,641 INFO ncaa_identity: contest_id=1351842 season=2010 league=wbb -- teams rosters not built; ids emitted as nulls
2026-08-14 17:54:43,708 INFO ncaa_identity: contest_id=1351964 season=2010 league=wbb -- teams rosters not built; ids emitted as nulls
2026-08-14 17:54:43,776 INFO ncaa_identity: contest_id=1352021 season=2010 league=wbb -- teams rosters not built; ids emitted as nulls
2026-08-14 17:54:43,848 INFO ncaa_identity: contest_id=1352061 season=2010 league=wbb -- teams rosters not built; ids emitted as nulls
2026-08-14 17:54:43,921 INFO ncaa_identity: contest_id=1352148 season=2010 league=wbb -- teams rosters not built; ids emitted as nulls
2026-08-14 17:54:44,013 INFO ncaa_identity: contest_id=1352191 season=2010 league=wbb -- teams rosters not built; ids emitted as nulls
2026-08-14 17:54:44,079 INFO ncaa_identity: contest_id=1352213 season=2010 league=wbb -- teams rosters not built; ids emitted as nulls
2026-08-14 17:54:44,182 INFO ncaa_identity: contest_id=1352279 season=2010 league=wbb -- teams rosters not built; ids emitted as nulls
2026-08-14 17:54:44,256 INFO ncaa_identity: contest_id=1352467 season=2010 league=wbb -- teams rosters not built; ids emitted as nulls
2026-08-14 17:54:44,327 INFO ncaa_identity: contest_id=1352538 season=2010 league=wbb -- teams rosters not built; ids emitted as nulls
2026-08-14 17:54:44,426 INFO ncaa_identity: contest_id=1352559 season=2010 league=wbb -- teams rosters not built; ids emitted as nulls
2026-08-14 17:54:44,511 INFO ncaa_identity: contest_id=1352593 season=2010 league=wbb -- teams rosters not built; ids emitted as nulls
2026-08-14 17:54:44,580 INFO ncaa_identity: contest_id=1352616 season=2010 league=wbb -- teams rosters not built; ids emitted as nulls
2026-08-14 17:54:44,661 INFO ncaa_identity: contest_id=1352661 season=2010 league=wbb -- teams rosters not built; ids emitted as nulls
2026-08-14 17:54:44,735 INFO ncaa_identity: contest_id=1352683 season=2010 league=wbb -- teams rosters not built; ids emitted as nulls
2026-08-14 17:54:44,959 INFO ncaa_identity: contest_id=1352776 season=2010 league=wbb -- teams rosters not built; ids emitted as nulls
2026-08-14 17:54:45,029 INFO ncaa_identity: contest_id=1352794 season=2010 league=wbb -- teams rosters not built; ids emitted as nulls
2026-08-14 17:54:45,146 INFO ncaa_identity: contest_id=1352819 season=2010 league=wbb -- teams rosters not built; ids emitted as nulls
2026-08-14 17:54:45,231 INFO ncaa_identity: contest_id=1352857 season=2010 league=wbb -- teams rosters not built; ids emitted as nulls
2026-08-14 17:54:45,304 INFO ncaa_identity: contest_id=1352915 season=2010 league=wbb -- teams rosters not built; ids emitted as nulls
2026-08-14 17:54:45,376 INFO ncaa_identity: contest_id=1353017 season=2010 league=wbb -- teams rosters not built; ids emitted as nulls
2026-08-14 17:54:45,443 INFO ncaa_identity: contest_id=1353106 season=2010 league=wbb -- teams rosters not built; ids emitted as nulls
2026-08-14 17:54:45,520 INFO ncaa_identity: contest_id=1353126 season=2010 league=wbb -- teams rosters not built; ids emitted as nulls
2026-08-14 17:54:45,624 INFO ncaa_identity: contest_id=1353189 season=2010 league=wbb -- teams rosters not built; ids emitted as nulls
2026-08-14 17:54:45,697 INFO ncaa_identity: contest_id=1353205 season=2010 league=wbb -- teams rosters not built; ids emitted as nulls
2026-08-14 17:54:45,762 INFO ncaa_identity: contest_id=1353241 season=2010 league=wbb -- teams rosters not built; ids emitted as nulls
2026-08-14 17:54:45,827 INFO ncaa_identity: contest_id=1353304 season=2010 league=wbb -- teams rosters not built; ids emitted as nulls
2026-08-14 17:54:45,902 INFO ncaa_identity: contest_id=1353398 season=2010 league=wbb -- teams rosters not built; ids emitted as nulls
2026-08-14 17:54:45,960 INFO ncaa_identity: contest_id=1353471 season=2010 league=wbb -- teams rosters not built; ids emitted as nulls
2026-08-14 17:54:46,064 INFO ncaa_identity: contest_id=1353488 season=2010 league=wbb -- teams rosters not built; ids emitted as nulls
2026-08-14 17:54:46,130 INFO ncaa_identity: contest_id=1353519 season=2010 league=wbb -- teams rosters not built; ids emitted as nulls
2026-08-14 17:54:46,337 INFO ncaa_identity: contest_id=1353590 season=2010 league=wbb -- teams rosters not built; ids emitted as nulls
2026-08-14 17:54:46,400 INFO ncaa_identity: contest_id=1353653 season=2010 league=wbb -- teams rosters not built; ids emitted as nulls
2026-08-14 17:54:46,465 INFO ncaa_identity: contest_id=1353684 season=2010 league=wbb -- teams rosters not built; ids emitted as nulls
2026-08-14 17:54:46,519 INFO ncaa_identity: contest_id=1353723 season=2010 league=wbb -- teams rosters not built; ids emitted as nulls
2026-08-14 17:54:46,587 INFO ncaa_identity: contest_id=1353838 season=2010 league=wbb -- teams rosters not built; ids emitted as nulls
2026-08-14 17:54:46,657 INFO ncaa_identity: contest_id=1353862 season=2010 league=wbb -- teams rosters not built; ids emitted as nulls
2026-08-14 17:54:46,734 INFO ncaa_identity: contest_id=1353879 season=2010 league=wbb -- teams rosters not built; ids emitted as nulls
2026-08-14 17:54:46,795 INFO ncaa_identity: contest_id=1353935 season=2010 league=wbb -- teams rosters not built; ids emitted as nulls
2026-08-14 17:54:46,862 INFO ncaa_identity: contest_id=1353988 season=2010 league=wbb -- teams rosters not built; ids emitted as nulls
2026-08-14 17:54:46,951 INFO ncaa_identity: contest_id=1354131 season=2010 league=wbb -- teams rosters not built; ids emitted as nulls
2026-08-14 17:54:47,020 INFO ncaa_identity: contest_id=1354203 season=2010 league=wbb -- teams rosters not built; ids emitted as nulls
2026-08-14 17:54:47,088 INFO ncaa_identity: contest_id=1354226 season=2010 league=wbb -- teams rosters not built; ids emitted as nulls
2026-08-14 17:54:47,152 INFO ncaa_identity: contest_id=1354306 season=2010 league=wbb -- teams rosters not built; ids emitted as nulls
2026-08-14 17:54:47,223 INFO ncaa_identity: contest_id=1354358 season=2010 league=wbb -- teams rosters not built; ids emitted as nulls
2026-08-14 17:54:47,308 INFO ncaa_identity: contest_id=1354382 season=2010 league=wbb -- teams rosters not built; ids emitted as nulls
2026-08-14 17:54:47,390 INFO ncaa_identity: contest_id=1354422 season=2010 league=wbb -- teams rosters not built; ids emitted as nulls
2026-08-14 17:54:47,613 INFO ncaa_identity: contest_id=1354510 season=2010 league=wbb -- teams rosters not built; ids emitted as nulls
2026-08-14 17:54:47,686 INFO ncaa_identity: contest_id=1354535 season=2010 league=wbb -- teams rosters not built; ids emitted as nulls
2026-08-14 17:54:47,771 INFO ncaa_identity: contest_id=1354552 season=2010 league=wbb -- teams rosters not built; ids emitted as nulls
2026-08-14 17:54:47,840 INFO ncaa_identity: contest_id=1354587 season=2010 league=wbb -- teams rosters not built; ids emitted as nulls
2026-08-14 17:54:47,902 INFO ncaa_identity: contest_id=1354614 season=2010 league=wbb -- teams rosters not built; ids emitted as nulls
2026-08-14 17:54:47,997 INFO ncaa_identity: contest_id=1354666 season=2010 league=wbb -- teams rosters not built; ids emitted as nulls
2026-08-14 17:54:48,068 INFO ncaa_identity: contest_id=1354710 season=2010 league=wbb -- teams rosters not built; ids emitted as nulls
2026-08-14 17:54:48,144 INFO ncaa_identity: contest_id=1354854 season=2010 league=wbb -- teams rosters not built; ids emitted as nulls
2026-08-14 17:54:48,207 INFO2026-08-14 17:54:48,251 INFO ncaa_identity: contest_id=1354897 season=2010 league=wbb -- teams rosters not b2026-08-14 17:54:48,277 INFO ncaa_identity: contest_id=1354899 season=2010 league=wbb -- teams rosters not built; ids emitted as nulls
2026-08-14 17:54:48,347 INFO ncaa_identity: contest_id=1354938 season=2010 league=wbb -- teams rosters not built; ids emitted as nulls
2026-08-14 17:54:48,418 INFO ncaa_identity: contest_id=1354956 season=2010 league=wbb -- teams rosters not built; ids emitted as nulls
2026-08-14 17:54:48,490 INFO ncaa_identity: contest_id=1355026 season=2010 league=wbb -- teams rosters not built; ids emitted as nulls
2026-08-14 17:54:48,562 INFO ncaa_identity: contest_id=1355123 season=2010 league=wbb -- teams rosters not built; ids emitted as nulls
2026-08-14 17:54:48,639 INFO ncaa_identity: contest_id=1355140 season=2010 league=wbb -- teams rosters not built; ids emitted as nulls
2026-08-14 17:54:48,859 INFO ncaa_identity: contest_id=1355223 season=2010 league=wbb -- teams rosters not built; ids emitted as nulls
2026-08-14 17:54:48,940 INFO ncaa_identity: contest_id=1355250 season=2010 league=wbb -- teams rosters not built; ids emitted as nulls
2026-08-14 17:54:49,016 INFO ncaa_identity: contest_id=1355267 season=2010 league=wbb -- teams rosters not built; ids emitted as nulls
2026-08-14 17:54:49,109 INFO ncaa_identity: contest_id=1355283 season=2010 league=wbb -- teams rosters not built; ids emitted as nulls
2026-08-14 17:54:49,185 INFO ncaa_identity: contest_id=1355413 season=2010 league=wbb -- teams rosters not built; ids emitted as nulls
2026-08-14 17:54:49,251 INFO ncaa_identity: contest_id=1355516 season=2010 league=wbb -- teams rosters not built; ids emitted as nulls
2026-08-14 17:54:49,311 INFO ncaa_identity: contest_id=1355539 season=2010 league=wbb -- teams rosters not built; ids emitted as nulls
2026-08-14 17:54:49,380 INFO ncaa_identity: contest_id=1355558 season=2010 league=wbb -- teams rosters not built; ids emitted as nulls
2026-08-14 17:54:49,459 INFO ncaa_identity: contest_id=1355592 season=2010 league=wbb -- teams rosters not built; ids emitted as nulls
2026-08-14 17:54:49,535 INFO ncaa_identity: contest_id=1355611 season=2010 league=wbb -- teams rosters not built; ids emitted as nulls
2026-08-14 17:54:49,620 INFO ncaa_identity: contest_id=1355715 season=2010 league=wbb -- teams rosters not built; ids emitted as nulls
2026-08-14 17:54:50,730 INFO ncaa_identity: contest_id=1355810 season=2010 league=wbb -- teams rosters not built; ids emitted as nulls
2026-08-14 17:54:50,735 INFO ncaa_identity: contest_id=1355810 teams 0/2276 matched, players 0/827 matched
2026-08-14 17:54:50,808 INFO ncaa_identity: contest_id=1355907 season=2010 league=wbb -- teams rosters not built; ids emitted as nulls
2026-08-14 17:54:50,870 INFO ncaa_identity: contest_id=1355954 season=2010 league=wbb -- teams rosters not built; ids emitted as nulls
2026-08-14 17:54:50,958 INFO ncaa_identity: contest_id=1355982 season=2010 league=wbb -- teams rosters not built; ids emitted as nulls
2026-08-14 17:54:51,020 INFO ncaa_identity: contest_id=1356001 season=2010 league=wbb -- teams rosters not built; ids emitted as nulls
2026-08-14 17:54:51,097 INFO ncaa_identity: contest_id=1356045 season=2010 league=wbb -- teams rosters not built; ids emitted as nulls
2026-08-14 17:54:51,153 INFO ncaa_identity: contest_id=1356134 season=2010 league=wbb -- teams rosters not built; ids emitted as nulls
2026-08-14 17:54:51,218 INFO ncaa_identity: contest_id=1356216 season=2010 league=wbb -- teams rosters not built; ids emitted as nulls
2026-08-14 17:54:51,279 INFO ncaa_identity: contest_id=1356334 season=2010 league=wbb -- teams rosters not built; ids emitted as nulls
2026-08-14 17:54:51,349 INFO ncaa_identity: contest_id=1356372 season=2010 league=wbb -- teams rosters not built; ids emitted as nulls
2026-08-14 17:54:51,445 INFO ncaa_identity: contest_id=1356401 season=2010 league=wbb -- teams rosters not built; ids emitted as nulls
2026-08-14 17:54:51,511 INFO ncaa_identity: contest_id=1356436 season=2010 league=wbb -- teams rosters not built; ids emitted as nulls
2026-08-14 17:54:51,570 INFO ncaa_identity: contest_id=1356494 season=2010 league=wbb -- teams rosters not built; ids emitted as nulls
2026-08-14 17:54:51,803 INFO ncaa_identity: contest_id=1356571 season=2010 league=wbb -- teams rosters not built; ids emitted as nulls
2026-08-14 17:54:52,549 INFO ncaa_identity: contest_id=1356653 season=2010 league=wbb -- teams rosters not built; ids emitted as nulls
2026-08-14 17:54:52,554 INFO ncaa_identity: contest_id=1356653 teams 0/2180 matched, players 0/633 matched
2026-08-14 17:54:52,634 INFO ncaa_identity: contest_id=1356692 season=2010 league=wbb -- teams rosters not built; ids emitted as nulls
2026-08-14 17:54:52,700 INFO ncaa_identity: contest_id=1356810 season=2010 league=wbb -- teams rosters not built; ids emitted as nulls
2026-08-14 17:54:52,778 INFO ncaa_identity: contest_id=1356875 season=2010 league=wbb -- teams rosters not built; ids emitted as nulls
2026-08-14 17:54:52,852 INFO ncaa_identity: contest_id=1356933 season=2010 league=wbb -- teams rosters not built; ids emitted as nulls
2026-08-14 17:54:52,915 INFO ncaa_identity: contest_id=1356961 season=2010 league=wbb -- teams rosters not built; ids emitted as nulls
2026-08-14 17:54:53,011 INFO ncaa_identity: contest_id=1356978 season=2010 league=wbb -- teams rosters not built; ids emitted as nulls
2026-08-14 17:54:53,074 INFO ncaa_identity: contest_id=1357016 season=2010 league=wbb -- teams rosters not built; ids emitted as nulls
2026-08-14 17:54:53,139 INFO ncaa_identity: contest_id=1357039 season=2010 league=wbb -- teams rosters not built; ids emitted as nulls
2026-08-14 17:54:53,215 INFO ncaa_identity: contest_id=1357074 season=2010 league=wbb -- teams rosters not built; ids emitted as nulls
2026-08-14 17:54:53,432 INFO ncaa_identity: contest_id=1357096 season=2010 league=wbb -- teams rosters not built; ids emitted as nulls
2026-08-14 17:54:53,507 INFO ncaa_identity: contest_id=1357143 season=2010 league=wbb -- teams rosters not built; ids emitted as nulls
2026-08-14 17:54:53,584 INFO ncaa_identity: contest_id=1357234 season=2010 league=wbb -- teams rosters not built; ids emitted as nulls
2026-08-14 17:54:53,675 INFO ncaa_identity: contest_id=1357278 season=2010 league=wbb -- teams rosters not built; ids emitted as nulls
2026-08-14 17:54:53,766 INFO ncaa_identity: contest_id=1357347 season=2010 league=wbb -- teams rosters not built; ids emitted as nulls
2026-08-14 17:54:53,846 INFO ncaa_identity: contest_id=1357364 season=2010 league=wbb -- teams rosters not built; ids emitted as nulls
2026-08-14 17:54:53,899 INFO ncaa_identity: contest_id=1357393 season=2010 league=wbb -- teams rosters not built; ids emitted as nulls
2026-08-14 17:54:53,981 INFO ncaa_identity: contest_id=1357443 season=2010 league=wbb -- teams rosters not built; ids emitted as nulls
2026-08-14 17:54:54,049 INFO ncaa_identity: contest_id=1357473 season=2010 league=wbb -- teams rosters not built; ids emitted as nulls
2026-08-14 17:54:54,130 INFO ncaa_identity: contest_id=1357555 season=2010 league=wbb -- teams rosters not built; ids emitted as nulls
2026-08-14 17:54:54,189 INFO ncaa_identity: contest_id=1357606 season=2010 league=wbb -- teams rosters not built; ids emitted as nulls
2026-08-14 17:54:54,240 INFO ncaa_identity: contest_id=1357640 season=2010 league=wbb -- teams rosters not built; ids emitted as nulls
2026-08-14 17:54:54,318 INFO ncaa_identity: contest_id=1357657 season=2010 league=wbb -- teams rosters not built; ids emitted as nulls
2026-08-14 17:54:54,396 INFO ncaa_identity: contest_id=1357711 season=2010 league=wbb -- teams rosters not built; ids emitted as nulls
2026-08-14 17:54:54,450 INFO ncaa_identity: contest_id=1357731 season=2010 league=wbb -- teams rosters not built; ids emitted as nulls
2026-08-14 17:54:54,687 INFO ncaa_identity: contest_id=1357776 season=2010 league=wbb -- teams rosters not built; ids emitted as nulls
2026-08-14 17:54:54,762 INFO ncaa_identity: contest_id=1357798 season=2010 league=wbb -- teams rosters not built; ids emitted as nulls
2026-08-14 17:54:54,830 INFO ncaa_identity: contest_id=1357851 season=2010 league=wbb -- teams rosters not built; ids emitted as nulls
2026-08-14 17:54:54,907 INFO ncaa_identity: contest_id=1357883 season=2010 league=wbb -- teams rosters not built; ids emitted as nulls
2026-08-14 17:54:54,988 INFO ncaa_identity: contest_id=1357911 season=2010 league=wbb -- teams rosters not built; ids emitted as nulls
2026-08-14 17:54:55,054 INFO ncaa_identity: contest_id=1357932 season=2010 league=wbb -- teams rosters not built; ids emitted as nulls
2026-08-14 17:54:55,115 INFO ncaa_identity: contest_id=1357984 season=2010 league=wbb -- teams rosters not built; ids emitted as nulls
2026-08-14 17:54:55,186 INFO ncaa_identity: contest_id=1358016 season=2010 league=wbb -- teams rosters not built; ids emitted as nulls
2026-08-14 17:54:55,240 INFO ncaa_identity: contest_id=1358048 season=2010 league=wbb -- teams rosters not built; ids emitted as nulls
2026-08-14 17:54:55,291 INFO ncaa_identity: contest_id=1358069 season=2010 league=wbb -- teams rosters not built; ids emitted as nulls
2026-08-14 17:54:55,348 INFO ncaa_identity: contest_id=1358097 season=2010 league=wbb -- teams rosters not built; ids emitted as nulls
2026-08-14 17:54:55,380 INFO ncaa_identity: contest_id=1358140 season=2010 league=wbb -- teams rosters not built; ids emitted as nulls
2026-08-14 17:54:55,427 INFO ncaa_identity: contest_id=1358178 season=2010 league=wbb -- teams rosters not built; ids emitted as nulls
2026-08-14 17:54:55,480 INFO ncaa_identity: contest_id=1358210 season=2010 league=wbb -- teams rosters not built; ids emitted as nulls
2026-08-14 17:54:55,529 INFO ncaa_identity: contest_id=1358234 season=2010 league=wbb -- teams rosters not built; ids emitted as nulls
2026-08-14 17:54:55,584 INFO ncaa_identity: contest_id=1358255 season=2010 league=wbb -- teams rosters not built; ids emitted as nulls
2026-08-14 17:54:55,833 INFO ncaa_identity: contest_id=1358284 season=2010 league=wbb -- teams rosters not built; ids emitted as nulls
2026-08-14 17:54:55,886 INFO ncaa_identity: contest_id=1358323 season=2010 league=wbb -- teams rosters not built; ids emitted as nulls
2026-08-14 17:54:55,925 INFO ncaa_identity: contest_id=1358349 season=2010 league=wbb -- teams rosters not built; ids emitted as nulls
2026-08-14 17:54:55,984 INFO ncaa_identity: contest_id=1358373 season=2010 league=wbb -- teams rosters not built; ids emitted as nulls
2026-08-14 17:54:56,025 INFO ncaa_identity: contest_id=1358397 season=2010 league=wbb -- teams rosters not built; ids emitted as nulls
2026-08-14 17:54:56,070 INFO ncaa_identity: contest_id=1358420 season=2010 league=wbb -- teams rosters not built; ids emitted as nulls
2026-08-14 17:54:56,103 INFO ncaa_identity: contest_id=1358439 season=2010 league=wbb -- teams rosters not built; ids emitted as nulls
2026-08-14 17:54:56,137 INFO ncaa_identity: contest_id=1358455 season=2010 league=wbb -- teams rosters not built; ids emitted as nulls
2026-08-14 17:54:56,176 INFO ncaa_identity: contest_id=1358473 season=2010 league=wbb -- teams rosters not built; ids emitted as nulls
2026-08-14 17:54:56,213 INFO ncaa_identity: contest_id=1358492 season=2010 league=wbb -- teams rosters not built; ids emitted as nulls
2026-08-14 17:54:56,257 INFO ncaa_identity: contest_id=1358515 season=2010 league=wbb -- teams rosters not built; ids emitted as nulls
2026-08-14 17:54:56,304 INFO ncaa_identity: contest_id=1358562 season=2010 league=wbb -- teams rosters not built; ids emitted as nulls
2026-08-14 17:54:56,338 INFO ncaa_identity: contest_id=1358589 season=2010 league=wbb -- teams rosters not built; ids emitted as nulls
2026-08-14 17:54:56,371 INFO ncaa_identity: contest_id=1358622 season=2010 league=wbb -- teams rosters not built; ids emitted as nulls
2026-08-14 17:54:56,410 INFO ncaa_identity: contest_id=1358653 season=2010 league=wbb -- teams rosters not built; ids emitted as nulls
2026-08-14 17:54:56,446 INFO ncaa_identity: contest_id=1358669 season=2010 league=wbb -- teams rosters not built; ids emitted as nulls
2026-08-14 17:54:56,582 INFO ncaa_identity: contest_id=1358686 season=2010 league=wbb -- teams rosters not built; ids emitted as nulls
2026-08-14 17:54:56,619 INFO ncaa_identity: contest_id=1358706 season=2010 league=wbb -- teams rosters not built; ids emitted as nulls
2026-08-14 17:54:56,652 INFO ncaa_identity: contest_id=1358724 season=2010 league=wbb -- teams rosters not built; ids emitted as nulls
2026-08-14 17:54:56,693 INFO ncaa_identity: contest_id=1358741 season=2010 league=wbb -- teams rosters not built; ids emitted as nulls
2026-08-14 17:54:56,723 INFO ncaa_identity: contest_id=1358760 season=2010 league=wbb -- teams rosters not built; ids emitted as nulls
2026-08-14 17:54:56,758 INFO ncaa_identity: contest_id=1358781 season=2010 league=wbb -- teams rosters not built; ids emitted as nulls
2026-08-14 17:54:56,792 INFO ncaa_identity: contest_id=1358798 season=2010 league=wbb -- teams rosters not built; ids emitted as nulls
parsed=336 failed=0
EXIT=0
