seasons=2015 bundles=5592 pending=5592 force=True shard=5/10 assigned=559
2026-08-19 04:25:41,211 INFO ncaa_identity: contest_id=385663 teams 2690/2690 matched, players 6019/7600 matched
2026-08-19 04:25:44,384 INFO ncaa_identity: contest_id=385712 teams 2237/2237 matched, players 5955/6325 matched
2026-08-19 04:25:46,799 INFO ncaa_identity: contest_id=385737 teams 2781/2781 matched, players 7668/7824 matched
2026-08-19 04:25:47,577 INFO ncaa_identity: contest_id=385747 teams 2632/2632 matched, players 6966/7432 matched
2026-08-19 04:25:48,537 INFO ncaa_identity: contest_id=385765 teams 1427/2917 matched, players 3827/8218 matched
2026-08-19 04:25:49,367 INFO ncaa_identity: contest_id=385829 teams 2713/2713 matched, players 7107/7589 matched
2026-08-19 04:25:51,292 INFO ncaa_identity: contest_id=385933 teams 2779/2779 matched, players 7149/7829 matched
2026-08-19 04:25:52,511 INFO ncaa_identity: contest_id=386062 teams 1120/2225 matched, players 3099/6177 matched
2026-08-19 04:25:55,125 INFO ncaa_identity: contest_id=386258 teams 3095/3095 matched, players 7383/8717 matched
2026-08-19 04:25:55,870 INFO ncaa_identity: contest_id=386270 teams 2165/2165 matched, players 696/750 matched
2026-08-19 04:25:57,338 INFO ncaa_identity: contest_id=386299 teams 2433/2433 matched, players 6752/6871 matched
202026-08-19 04:25:58,259 INFO ncaa_identity: contest_id=386348 teams 2713/2713 matched, players 6451/7637 matched2026-08-19 04:25:59,012 INFO ncaa_identity: contest_id=386449 teams 2616/2616 matched, players 6656/7353 matched
202026-08-19 04:26:00,590 INFO ncaa_identity: contest_id=386479 teams 2276/2276 matched, players 6417/6459 matched202026-08-19 04:26:02,235 INFO ncaa_identity: contest_id=386528 teams 1050/1914 matched, players 393/706 matched
2026-08-19 04:26:03,088 INFO ncaa_identity: contest_id=386546 teams 2275/2275 matched, players 6035/6391 matched
2026-08-19 04:26:04,809 INFO ncaa_identity: contest_id=386570 teams 2226/2226 matched, players 5749/6278 matched
2026-08-19 04:26:06,138 INFO ncaa_identity: contest_id=386627 teams 1410/2711 matched, players 3851/7577 matched
2026-08-19 04:26:08,608 INFO ncaa_identity: contest_id=386725 teams 2555/2555 matched, players 6525/7215 matched
2026-08-19 04:26:09,440 INFO ncaa_identity: contest_id=386745 teams 2595/2595 matched, players 6878/7317 matched
202026-08-19 04:26:11,790 INFO ncaa_identity: contest_id=386873 teams 1480/2855 matched, players 3981/8042 matched
2026-08-19 04:26:12,733 INFO ncaa_identity: contest_id=386890 teams 2771/2771 matched, players 7561/7833 matched
2026-08-19 04:26:13,518 INFO ncaa_identity: contest_id=386911 teams 2669/2669 matched, players 7182/7507 matched202026-08-19 04:26:14,309 INFO ncaa_identity: contest_id=386942 teams 1104/2235 matched, players 3169/6321 matched202026-08-19 04:26:15,799 INFO ncaa_identity: contest_id=386983 teams 2146/2146 matched, players 5811/6050 matched2026-08-19 04:26:17,052 INFO ncaa_identity: contest_id=387005 teams 2378/2378 matched, players 6289/6684 matched
202026-08-19 04:26:19,201 INFO ncaa_identity: contest_id=387136 teams 2269/2269 matched, players 6148/6398 matched202026-08-19 04:26:20,697 INFO ncaa_identity: contest_id=387208 teams 1292/2544 matched, players 3585/7058 match2026-08-19 04:26:22,428 INFO ncaa_identity: contest_id=387258 teams 2440/2440 matched, players 6226/6913 matched
2026-08-19 04:26:26,471 INFO ncaa_identity: contest_id=387513 teams 2352/2352 matched, players 6236/6665 matched
2026-08-19 04:26:27,188 INFO ncaa_identity: contest_id=387526 teams 2368/2368 matched, players 6310/6672 matched
2026-08-19 04:26:28,049 INFO ncaa_identity: contest_id=387538 teams 2858/2858 matched, players 7556/8082 matched
2026-08-19 04:26:30,775 INFO ncaa_identity: contest_id=387643 teams 1506/2974 matched, players 4162/8281 matched
2026-08-19 04:26:31,634 INFO ncaa_identity: contest_id=387675 teams 1294/2479 matched, players 3555/6946 matched
2026-08-19 04:26:33,245 INFO ncaa_identity: contest_id=387729 teams 2582/2582 matched, players 6958/7247 matched
2026-08-19 04:26:33,992 INFO ncaa_identity: contest_id=387752 teams 2493/2493 matched, players 6731/7008 matched
2026-08-19 04:26:34,821 INFO ncaa_identity: contest_id=387778 teams 2207/2207 matched, players 6071/6105 matched
2026-08-19 04:26:35,616 INFO ncaa_identity: contest_id=387848 teams 2449/2449 matched, players 6832/6834 matched
2026-08-19 04:26:36,362 INFO ncaa_identity: contest_id=387918 teams 2273/2273 matched, players 5820/6378 matched
2026-08-19 04:26:38,882 INFO ncaa_identity: contest_id=387979 teams 2809/2809 matched, players 7379/7945 matched
2026-08-19 04:26:39,619 INFO ncaa_identity: contest_id=388007 teams 2228/2228 matched, players 6012/6223 matched
202026-08-19 04:26:41,053 INFO ncaa_identity: contest_id=388018 teams 2985/2985 matched, players 7523/8468 matched2026-08-19 04:26:42,254 INFO ncaa_identity: contest_id=388042 teams 2711/2711 matched, players 7327/7602 matched
2026-08-19 04:26:44,137 INFO ncaa_identity: contest_id=388086 teams 3799/3799 matched, players 9415/10769 matched2026-08-19 04:26:45,042 INFO ncaa_identity: contest_id=388103 teams 2150/2150 matched, players 5885/6093 matched
2026-08-19 04:26:47,324 INFO ncaa_identity: contest_id=388144 teams 2478/2478 matched, players 6121/6973 matched
2026-08-19 04:26:49,450 INFO ncaa_identity: contest_id=388201 teams 1426/2823 matched, players 3945/7821 matched
22026-08-19 04:26:51,135 INFO ncaa_identity: contest_id=388257 teams 1282/2582 matched, players 3671/7273 matched22026-08-19 04:26:51,851 INFO ncaa_identity: contest_id=388316 teams 2182/2182 matched, players 6073/6174 matched2026-08-19 04:26:57,359 INFO ncaa_identity: contest_id=388438 teams 2278/2278 matched, players 5189/6445 matched
2026-08-19 04:26:58,183 INFO ncaa_identity: contest_id=388455 teams 2087/2087 matched, players 5394/5796 matched
2026-08-19 04:26:58,819 INFO ncaa_identity: contest_id=388471 teams 2207/2207 matched, players 6025/6235 matched
2026-08-19 04:26:59,598 INFO ncaa_identity: contest_id=388498 teams 1110/2193 matched, players 3064/6167 matched
2026-08-19 04:27:00,260 INFO ncaa_identity: contest_id=388523 teams 1028/2101 matched, players 2913/5901 matched
2026-08-19 04:27:04,644 INFO ncaa_identity: contest_id=388659 teams 2934/2934 matched, players 7033/8262 matched
2026-08-19 04:27:06,090 INFO ncaa_identity: contest_id=388704 teams 1260/2369 matched, players 3351/6594 matched
2026-08-19 04:27:08,657 INFO ncaa_identity: contest_id=388793 teams 2392/2392 matched, players 6262/6720 matched
2026-08-19 04:27:09,491 INFO ncaa_identity: contest_id=388811 teams 2077/2077 matched, players 4779/5815 matched
2026-08-19 04:27:10,270 INFO ncaa_identity: contest_id=388832 teams 2220/2220 matched, players 5991/6247 matched
2026-08-19 04:27:11,126 INFO ncaa_identity: contest_id=388855 teams 2526/2526 matched, players 7141/7168 matched
2026-08-19 04:27:12,799 INFO ncaa_identity: contest_id=388973 teams 2726/2726 matched, players 7668/7672 matched
2026-08-19 04:27:13,710 INFO ncaa_identity: contest_id=388991 teams 2399/2399 matched, players 6564/6787 matched
2026-08-19 04:27:15,584 INFO ncaa_identity: contest_id=389084 teams 2392/2392 matched, players 6342/6729 matched
2026-08-19 04:27:18,175 INFO ncaa_identity: contest_id=389184 teams 2212/2212 matched, players 5631/6234 matched
2026-08-19 04:27:19,833 INFO ncaa_identity: contest_id=389243 teams 1271/2491 matched, players 3051/7039 matched
2026-08-19 04:27:22,338 INFO ncaa_identity: contest_id=389334 teams 2492/2492 matched, players 6822/6982 matched
2026-08-19 04:27:23,028 INFO ncaa_identity: contest_id=389353 teams 1071/2145 matched, players 3026/5996 matched
2026-08-19 04:27:25,531 INFO ncaa_identity: contest_id=389579 teams 2631/2631 matched, players 6855/7506 matched
2026-08-19 04:27:26,282 INFO ncaa_identity: contest_id=389590 teams 2126/2126 matched, players 5922/5999 matched
2026-08-19 04:27:27,835 INFO ncaa_identity: contest_id=389611 teams 2180/2180 matched, players 5775/6151 matched
2026-08-19 04:27:29,506 INFO ncaa_identity: contest_id=389634 teams 1200/2301 matched, players 3052/6459 matched
2026-08-19 04:27:30,306 INFO ncaa_identity: contest_id=389666 teams 2745/2745 matched, players 7637/7747 matched
2026-08-19 04:27:30,675 INFO ncaa_identity: contest_id=389686 teams 1392/2793 matched, players 3885/7769 matched
2026-08-19 04:27:31,581 INFO ncaa_identity: contest_id=389718 teams 2628/2628 matched, players 7258/7400 matched
2026-08-19 04:27:31,948 INFO ncaa_identity: contest_id=389757 teams 1151/2243 matched, players 3146/6227 matched
2026-08-19 04:27:32,859 INFO ncaa_identity: contest_id=389785 teams 1231/2396 matched, players 3290/6719 matched
2026-08-19 04:27:34,484 INFO ncaa_identity: contest_id=389824 teams 1274/2521 matched, players 3578/7114 matched
2026-08-19 04:27:35,258 INFO ncaa_identity: contest_id=389862 teams 2098/2098 matched, players 5744/5923 matched
2026-08-19 04:27:35,928 INFO ncaa_identity: contest_id=389881 teams 2085/2085 matched, players 5058/5878 ma2026-082026-08-19 04:27:37,509 INFO ncaa_identity: contest_id=389980 teams 2266/2266 matched, players 5726/6387 matched
2026-08-19 04:27:38,469 INFO ncaa_identity: contest_id=389996 teams 2690/2690 matched, players 7123/7560 ma2026-082026-08-19 04:27:40,719 INFO ncaa_identity: contest_id=390125 teams 2528/2528 matched, players 4721/7090 matched
2026-08-19 04:27:41,435 INFO ncaa_identity: contest_id=390208 teams 2473/2473 matched, players 6451/6990 matched
2026-08-19 04:27:42,164 INFO ncaa_identity: contest_id=390223 teams 1978/1978 matched, players 5340/5605 matched
2026-08-19 04:27:43,932 INFO ncaa_identity: contest_id=390248 teams 2983/2983 matched, players 8215/8506 matched
2026-08-19 04:27:44,670 INFO ncaa_identity: contest_id=390260 teams 2514/2514 matched, players 6633/7053 matched
22026-08-19 04:27:46,496 INFO ncaa_identity: contest_id=390259 teams 2320/2320 matched, players 6222/6499 matched
2026-08-19 04:27:47,330 INFO ncaa_identity: contest_id=390270 teams 2828/2828 matched, players 7653/7976 matched
2026-08-19 04:27:49,015 INFO ncaa_identity: contest_id=390311 teams 2631/2631 matched, players 6996/7425 matched
2026-08-19 04:27:50,008 INFO ncaa_identity: contest_id=390335 teams 2635/2635 matc2026-08-19 04:27:50,970 INFO ncaa_identity: contest_id=390480 teams 2936/2936 matched, players 7985/8299 matched
2026-08-19 04:27:51,643 INFO nca2026-08-19 04:27:52,873 INFO ncaa_identity: contest_id=390442 teams 2199/2199 matched, players 5683/6232 matched
2026-08-19 04:27:54,537 INFO ncaa_identity: contest_id=390511 teams 2324/2324 matched, players 793/862 matched
2026-08-19 04:27:56,266 INFO ncaa_identity: contest_id=390541 teams 2913/2913 matched, players 7097/8227 matched
22026-08-19 04:27:57,612 INFO ncaa_identity: contest_id=390703 teams 2231/2231 matched, players 5809/6328 matched22026-08-19 04:27:58,333 INFO ncaa_identity: contest_id=390718 teams 2347/2347 matched, players 6184/6625 matched2026-08-19 04:28:00,384 INFO ncaa_identity: contest_id=390701 teams 2494/2494 matched, players 6175/7039 mat2026-02026-08-19 04:28:02,049 INFO ncaa_identity: contest_id=390730 teams 2264/2264 matched, players 5740/6444 mat2026-08-19 04:28:04,075 INFO ncaa_identity: contest_id=390865 teams 2662/2662 matched, players 6828/7535 matched
2026-08-19 04:28:04,841 INFO ncaa_identity: contest_id=390878 teams 2522/2522 matched, players 6184/7124 matched
2026-022026-08-19 04:28:12,676 INFO ncaa_identity: contest_id=391144 teams 2282/2282 matched, players 6101/6395 matched
2026-08-19 04:28:14,814 INFO ncaa_identity: contest_id=391178 teams 2345/2345 matched, players 5779/6644 matched
2026-08-19 04:28:16,414 INFO ncaa_identity: contest_id=391211 teams 2238/2238 matched, players 5742/6305 matched
2026-08-19 04:28:17,363 INFO ncaa_identity: contest_id=391222 teams 2544/2544 matched, players 6577/7132 matched
2026-08-19 04:28:17,962 INFO ncaa_identity: contest_id=391232 teams 997/2065 matched, players 2926/5832 matched
2026-08-19 04:28:19,628 INFO ncaa_identity: contest_id=391252 teams 2217/2217 matched, players 6049/6266 matched
2026-08-19 04:28:20,297 INFO ncaa_identity: contest_id=391275 teams 2183/2183 matched, players 5724/6135 matched
2026-08-19 04:28:22,543 INFO ncaa_identity: contest_id=391312 teams 2846/2846 matched, players 7601/8034 matched
2026-08-19 04:28:23,377 INFO ncaa_identity: contest_id=391326 teams 2543/2543 matched, players 7106/7165 matched
2026-08-19 04:28:23,735 INFO ncaa_identity: contest_id=391347 teams 1306/2600 matched, players 2485/7225 matched
2026-08-19 04:28:24,640 INFO ncaa_identity: contest_id=391383 teams 2735/2735 matched, players 7100/7737 matched
2026-08-19 04:28:26,080 INFO ncaa_identity: contest_id=391429 teams 2365/2365 matched, players 6406/6644 matched
2026-08-19 04:28:27,324 INFO ncaa_identity: contest_id=391325 teams 2765/2765 matched, players 6762/7831 matched
2026-08-19 04:28:28,913 INFO ncaa_identity: contest_id=391375 teams 2674/2674 matched, players 7575/7576 matched
2026-08-19 04:28:30,587 INFO ncaa_identity: contest_id=391577 teams 2568/2568 matched, players 6527/7190 matched
2026-08-19 04:28:31,983 INFO ncaa_identity: contest_id=391451 teams 2083/2083 matched, players 5767/5867 matched
2026-08-19 04:28:32,751 INFO ncaa_identity: contest_id=391467 teams 1307/2675 matched, players 3603/7517 matched
2026-08-19 04:28:33,681 INFO ncaa_identity: contest_id=391688 teams 2349/2349 matched, players 6422/6602 mat2026-02026-08-19 04:28:36,990 INFO ncaa_identity: contest_id=391795 teams 2323/2323 matched, players 6247/6623 matched
2026-08-19 04:28:38,519 INFO ncaa_identity: contest_id=391847 teams 1287/2587 matched, players 3543/7261 matched
2026-08-19 04:28:39,311 INFO ncaa_identity: contest_id=391881 teams 2617/2617 matched, players 6801/7394 matched
2026-08-19 04:28:40,879 INFO ncaa_identity: contest_id=391921 teams 2291/2291 matched, players 6271/6451 matched
2026-08-19 04:28:42,193 INFO ncaa_identity: contest_id=391968 teams 2303/2303 matched, players 6213/6501 matched
2026-08-19 04:28:42,645 INFO ncaa_identity: contest_id=392087 teams 1129/2194 matched, players 3092/6124 matched
2026-08-19 04:28:43,283 INFO ncaa_identity: contest_id=392149 teams 2181/2181 matched, players 5725/6138 matched
2026-08-19 04:28:43,926 INFO ncaa_identity: contest_id=392162 teams 2222/2222 2026-08-19 04:28:44,025 INFO ncaa_id2026-08-19 04:28:45,423 INFO ncaa_identity: contest_id=392196 teams 2517/2517 matched, players 6515/7105 matched
2026-08-19 04:28:48,752 INFO ncaa_identity: contest_id=392284 teams 1559/3126 matched, players 3190/8819 matched
2026-08-19 04:28:50,393 INFO ncaa_identity: contest_id=392327 teams 2623/2623 matched, players 6929/7348 matched
2026-08-19 04:28:50,994 INFO ncaa_identity: contest_id=392374 teams 1073/2153 matched, players 3038/6078 matched
2026-08-19 04:28:53,902 INFO ncaa_identity: contest_id=392546 teams 2231/2231 matched, players 5985/6279 matched
2026-08-19 04:28:56,123 INFO ncaa_identity: contest_id=392682 teams 2628/2628 matched, players 6641/7396 matched
2026-08-19 04:28:56,859 INFO ncaa_identity: contest_id=392693 teams 2236/2236 matched, players 5824/6322 matched
2026-08-19 04:28:57,681 INFO ncaa_identity: contest_id=392708 teams 2719/2719 matched, players 7237/7696 matched
2026-08-19 04:28:59,200 INFO ncaa_identity: contest_id=392738 teams 2673/2673 matched, players 7376/7575 mat2026-02026-08-19 04:29:01,430 INFO ncaa_identity: contest_id=392868 teams 2123/2123 matched, players 5727/5983 mat2026-02026-08-19 04:29:02,090 INFO ncaa_identity: contest_id=392928 teams 2027/2027 matched, players 5170/5698 mat2026-02026-08-19 04:29:04,762 INFO ncaa_identity: contest_id=393013 teams 2535/2535 matched, players 5128/7104 mat2026-02026-08-19 04:29:06,202 INFO ncaa_identity: contest_id=393063 teams 2339/2339 matched, players 6389/6578 mat2026-02026-08-19 04:29:08,573 INFO ncaa_identity: contest_id=393133 teams 2208/2208 matched, players 6029/6211 mat2026-02026-08-19 04:29:09,896 INFO ncaa_identity: contest_id=393263 teams 2104/2104 matched, players 5638/5938 mat2026-02026-08-19 04:29:13,644 INFO ncaa_identity: contest_id=393400 teams 2327/2327 matched, players 5949/6546 mat2026-02026-08-19 04:29:14,438 INFO ncaa_identity: contest_id=393428 teams 2621/2621 matched, players 6481/7403 mat2026-02026-08-19 04:29:15,975 INFO ncaa_identity: contest_id=393462 teams 1853/1853 matched, players 5194/5196 mat2026-02026-08-19 04:29:17,669 INFO ncaa_identity: contest_id=393606 teams 2170/2170 matched, players 5653/6108 matched
2026-08-19 04:29:18,311 INFO ncaa_identity: contest_id=393649 teams 2331/2331 matched, players 6357/6560 mat2026-08-19 04:29:21,435 INFO ncaa_identity: contest_id=393657 teams 2527/2527 matche2026-08-19 04:29:23,137 INFO ncaa_id2026-08-19 04:29:27,059 INFO ncaa_identity: contest_id=393972 teams 2224/2224 matched, players 6084/6268 matched
2026-08-19 04:29:27,775 INFO ncaa_identity: contest_id=394034 teams 2137/2137 matched, players 5948/5985 matched
2026-08-19 04:29:28,494 INFO ncaa_identity: contest_id=394066 teams 2258/2258 matched, players 5826/6357 matched
2026-08-19 04:29:30,269 INFO ncaa_identity: contest_id=394122 teams 2607/2607 matched, players 7022/7290 matched
2026-08-19 04:29:31,037 INFO ncaa_identity: contest_id=394146 teams 2594/2594 matched, players 6079/7276 matched
2026-08-19 04:29:31,735 INFO ncaa_identity: contest_id=394163 teams 2619/2619 matched, players 6043/7365 matched
2026-08-19 04:29:33,357 INFO ncaa_identity: contest_id=394216 teams 2548/2548 matched, players 6352/7168 matched
2026-08-19 04:29:34,159 INFO ncaa_identity: contest_id=394237 teams 2100/2100 matched, players 830/832 matched
2026-08-19 04:29:36,276 INFO ncaa_identity: contest_id=394466 teams 2105/2105 matched, players 829/840 matched
2026-08-19 04:29:37,172 INFO ncaa_identity: contest_id=394476 teams 2637/2637 matched, players 6782/7440 matched
2026-08-19 04:29:37,913 INFO ncaa_identity: contest_id=394490 teams 2543/2543 matched, players 6694/7204 matched
2026-08-19 04:29:39,689 INFO ncaa_identity: contest_id=394521 teams 2783/2783 matched, players 7711/7868 matched
2026-08-19 04:29:40,423 INFO ncaa_identity: contest_id=394542 teams 2652/2652 matched, players 6293/7452 matched
2026-08-19 04:29:42,036 INFO ncaa_identity: contest_id=394570 teams 2642/2642 matched, players 7243/7402 matched
2026-08-19 04:29:43,324 INFO ncaa_identity: contest_id=394687 teams 1857/18572026-08-19 04:29:43,328 INFO ncaa_ide2026-08-19 04:29:43,958 INFO ncaa_identity: contest_id=394725 teams 2124/21242026-08-19 04:29:45,012 INFO ncaa_identity: contest_id=394901 teams 2756/2756 matched, players 6824/7870 matched
2026-08-19 04:29:46,658 INFO ncaa_ide2026-08-19 04:29:47,982 INFO ncaa_identity: contest_id=394906 teams 2109/2109 matched, players 5523/5997 matched
2026-08-19 04:29:50,286 INFO ncaa_identity: contest_id=394947 teams 2159/2159 matched, players 5784/6085 matched
2026-08-19 04:29:51,011 INFO ncaa_identity: contest_id=394994 teams 2368/2368 matched, players 5862/6661 matched
2026-08-19 04:29:53,160 INFO ncaa_identity: contest_id=395143 teams 2298/2298 matched, players 6210/6491 matched
2026-08-19 04:29:53,910 INFO ncaa_identity: contest_id=395172 teams 2254/2254 matched, players 5817/6312 matched
2026-08-19 04:29:55,312 INFO ncaa_identity: contest_id=395221 teams 2322/2322 matched, players 6214/6541 matched
2026-08-19 04:29:56,087 INFO ncaa_identity: contest_id=395243 teams 2274/2274 matched, players 6372/6408 matched
2026-08-19 04:30:00,184 INFO ncaa_identity: contest_id=395522 teams 2289/2289 matched, players 6088/6426 matched
2026-08-19 04:30:01,656 INFO ncaa_identity: contest_id=395565 teams 2219/2219 matched, players 5684/6264 matched
2026-08-19 04:30:02,412 INFO ncaa_identity: contest_id=395575 teams 2521/2521 matched, players 6568/7137 matched
2026-08-19 04:30:03,234 INFO ncaa_identity: contest_id=395585 teams 2384/2384 matched, players 6492/6736 matched
2026-08-19 04:30:04,802 INFO ncaa_identity: contest_id=395635 teams 2663/2663 matched, players 6418/7526 matched
2026-08-19 04:30:06,914 INFO ncaa_identity: contest_id=395709 teams 897/1782 matched, players 2533/5024 matched
2026-08-19 04:30:09,074 INFO ncaa_identity: contest_id=395890 teams 2317/2317 matched, players 6158/6519 matched
2026-08-19 04:30:11,084 INFO ncaa_identity: contest_id=395940 teams 1920/1920 matched, players 5084/5394 matched
2026-08-19 04:30:13,494 INFO ncaa_identity: contest_id=395984 teams 2409/2409 matched, players 6576/6837 matched
2026-08-19 04:30:14,156 INFO ncaa_identity: contest_id=396070 teams 2079/2079 matched, players 5456/5882 matched
2026-08-19 04:30:15,575 INFO ncaa_identity: contest_id=396155 teams 2576/2576 matched, players 7043/7254 matched
2026-08-19 04:30:17,887 INFO ncaa_identity: contest_id=396241 teams 2457/2457 matched, players 6462/6948 matched
2026-08-19 04:30:20,032 INFO ncaa_identity: contest_id=396312 teams 1065/2069 matched, players 2985/5847 matched
2026-08-19 04:30:20,795 INFO ncaa_identity: contest_id=396343 teams 2256/2256 matched, players 5723/6365 matched
2026-08-19 04:30:22,186 INFO ncaa_identity: contest_id=396383 teams 2461/2461 matched, players 6319/6946 matched
2026-08-19 04:30:24,501 INFO ncaa_identity: contest_id=396613 teams 2356/2356 matched, players 6001/6648 matched
2026-08-19 04:30:25,184 INFO ncaa_identity: contest_id=396626 teams 2455/2455 matched, players 6719/6944 matched
2026-08-19 04:30:26,586 INFO ncaa_identity: contest_id=396650 teams 2258/2258 matched, players 5940/6362 matched
2026-08-19 04:30:29,459 INFO ncaa_identity: contest_id=396760 teams 2310/2310 matched, players 5603/6506 matched
2026-08-19 04:30:30,233 INFO ncaa_identity: contest_id=396860 teams 2750/2750 matched, players 6614/7777 matched
2026-08-19 04:30:32,453 INFO ncaa_identity: contest_id=397013 teams 2240/2240 matched, players 6059/6268 matched
2026-08-19 04:30:34,799 INFO ncaa_identity: contest_id=397056 teams 2756/2756 matched, players 7557/7742 matched
2026-08-19 04:30:36,303 INFO ncaa_identity: contest_id=397086 teams 2705/2705 matched, players 5854/7637 matched
2026-08-19 04:30:37,090 INFO ncaa_identity: contest_id=397129 teams 1168/2388 matched, players 3383/6722 matched
2026-08-19 04:30:40,821 INFO ncaa_identity: contest_id=397306 teams 2100/2100 matched, players 5448/5909 matched
2026-08-19 04:30:43,130 INFO ncaa_identity: contest_id=397395 teams 2306/2306 matched, players 5473/6533 matched
2026-08-19 04:30:46,678 INFO ncaa_identity: contest_id=397587 teams 2271/2271 matched, players 5968/6448 matched
2026-08-19 04:30:49,627 INFO ncaa_identity: contest_id=397744 teams 2128/2128 matched, players 5798/5979 matched
2026-08-19 04:30:51,731 INFO ncaa_identity: contest_id=397797 teams 2505/2505 matched, players 5379/7054 matched
2026-08-19 04:30:55,321 INFO ncaa_identity: contest_id=397952 teams 2362/2362 matched, players 6328/6628 matched
2026-08-19 04:30:56,793 INFO ncaa_identity: contest_id=398111 teams 2610/2610 matched, players 7026/7379 matched
2026-08-19 04:30:58,872 INFO ncaa_identity: contest_id=398159 teams 2261/2261 matched, players 5550/6369 matched
2026-08-19 04:31:00,463 INFO ncaa_identity: contest_id=398189 teams 2664/2664 matched, players 6705/7510 matched
2026-08-19 04:31:03,463 INFO ncaa_identity: contest_id=398367 teams 2182/2182 matched, players 6067/6134 matched
2026-08-19 04:31:05,029 INFO ncaa_identity: contest_id=398429 teams 2572/2572 matched, players 6828/7225 matched
2026-08-19 04:31:06,641 INFO ncaa_identity: contest_id=398480 teams 2691/2691 matched, players 7067/7547 matched
2026-08-19 04:31:08,248 INFO ncaa_identity: contest_id=398519 teams 2377/2377 matched, players 6353/6681 matched
2026-08-19 04:31:09,048 INFO ncaa_identity: contest_id=398551 teams 2714/2714 matched, players 6860/7659 matched
2026-08-19 04:31:09,812 INFO ncaa_identity: contest_id=398566 teams 2630/2630 matched, players 7078/7398 matched
2026-08-19 04:31:10,661 INFO ncaa_identity: contest_id=398587 teams 1242/2474 matched, players 3436/7013 matched
2026-08-19 04:31:11,235 INFO ncaa_identity: contest_id=398743 teams 1984/1984 matched, players 4917/5548 matched
2026-08-19 04:31:12,672 INFO ncaa_identity: contest_id=398815 teams 2356/2356 matched, players 6226/6653 matched
2026-08-19 04:31:14,039 INFO ncaa_identity: contest_id=398837 teams 1886/1886 matched, players 4796/5291 matched
2026-08-19 04:31:14,756 INFO ncaa_identity: contest_id=398849 teams 2499/2499 matched, players 6490/7074 matched
2026-08-19 04:31:15,597 INFO ncaa_identity: contest_id=398885 teams 2424/2424 matched, players 5418/6859 matched
2026-08-19 04:31:16,273 INFO ncaa_identity: contest_id=398897 teams 2662/2662 matched, players 7323/7532 matched
2026-08-19 04:31:17,022 INFO ncaa_identity: contest_id=398941 teams 2427/2427 matched, players 5730/6965 matched
2026-08-19 04:31:18,574 INFO ncaa_identity: contest_id=399039 teams 2323/2323 matched, players 6133/6534 matched
2026-08-19 04:31:20,094 INFO ncaa_identity: contest_id=399104 teams 2722/2722 matched, players 7162/7724 matched
2026-08-19 04:31:21,747 INFO ncaa_identity: contest_id=399210 teams 2605/2605 matched, players 6577/7293 matched
2026-08-19 04:31:22,394 INFO ncaa_identity: contest_id=399231 teams 2171/2171 matched, players 5684/6124 matched
2026-08-19 04:31:24,586 INFO ncaa_identity: contest_id=399276 teams 222026-08-19 04:31:24,642 INFO ncaa_identity: 2026-08-19 04:31:25,416 INFO ncaa_identity: contest_id=399334 teams 252026-08-19 04:31:26,074 INFO ncaa_identity: contest_id=399461 teams 2446/2446 matched, players 6367/6932 matched
2026-08-19 04:31:27,555 INFO ncaa_identity: contest_id=399506 teams 2535/2535 matched, players 3512/7123 matched
2026-08-19 04:31:28,271 INFO ncaa_identity: contest_id=399533 teams 2500/2500 matched, players 6727/6993 matched
2026-08-19 04:31:29,053 INFO ncaa_identity: contest_id=399564 teams 2850/2850 matched, players 7630/8076 matched
2026-08-19 04:31:30,295 INFO ncaa_identity:2026-08-19 04:31:31,022 INFO ncaa_identity: contest_id=399570 teams 2632026-08-19 04:31:31,873 INFO ncaa_identity: contest_id=399632 teams 2321/2321 matched, players 6127/6500 matched
2026-08-19 04:31:34,758 INFO ncaa_identity: contest_id=399866 teams 2341/2341 matched, players 6354/6604 matched
2026-08-19 04:31:36,163 INFO ncaa_identity: contest_id=399894 teams 1811/1811 matched, players 4611/5099 matched
2026-08-19 04:31:36,754 INFO ncaa_identity: contest_id=399926 teams 1958/1958 matched, players 5319/5499 matched
2026-08-19 04:31:40,786 INFO ncaa_identity: contest_id=400100 teams 2261/2261 matched, players 6055/6337 matched
2026-08-19 04:31:44,524 INFO ncaa_identity: contest_id=400223 teams 2224/2224 matched, players 6094/6224 matched
2026-08-19 04:31:45,451 INFO ncaa_identity: contest_id=400237 teams 2945/2945 matched, players 7484/8303 matched
2026-08-19 04:31:46,102 INFO ncaa_identity: contest_id=400251 teams 2150/2150 matched, players 5461/5996 matched
2026-08-19 04:31:48,282 INFO ncaa_identity: contest_id=400347 teams 2693/2693 matched, players 7002/7609 matched
2026-08-19 04:31:49,027 INFO ncaa_identity: contest_id=400412 teams 2492/2492 matched, players 6092/7029 matched
2026-08-19 04:31:50,546 INFO ncaa_identity2026-08-19 04:31:53,768 INFO ncaa_identity: contest_id=400459 teams 2435/2435 matched, players 6611/6836 matched
2026-08-19 04:31:54,478 INFO ncaa_identity: contest_id=400469 teams 2167/2167 matched, players 5678/6054 matched
2026-08-19 04:31:58,310 INFO ncaa_identity: contest_id=400526 teams 3057/3057 matched, players 5888/8631 matched
2026-08-19 04:31:59,986 INFO ncaa_identity: contest_id=400673 teams 2326/2326 matched, players 5708/6556 matched
2026-08-19 04:32:00,906 INFO ncaa_identity: contest_id=400683 teams 2563/2563 matched, players 6978/7238 matched
2026-08-19 04:32:02,390 INFO ncaa_identity: contest_id=400703 teams 2137/2137 matched, players 5975/6025 matched
2026-08-19 04:32:03,177 INFO ncaa_identity: contest_id=400713 teams 2479/2479 matched, players 6492/6965 matched
2026-08-19 04:32:03,894 INFO ncaa_identity: contest_id=400746 teams 2308/2308 matched, players 5644/6505 matched
2026-08-19 04:32:04,813 INFO ncaa_identity: contest_id=400756 teams 2854/2854 matched, players 7955/8013 matched
2026-08-19 04:32:07,086 INFO ncaa_identity: contest_id=400815 teams 2424/2424 matched, players 6375/6833 matched
2026-08-19 04:32:07,824 INFO ncaa_identity: contest_id=400851 teams 1979/1979 matched, players 5552/5608 matched
2026-08-19 04:32:08,541 INFO ncaa_identity: contest_id=400861 teams 2432/2026-08-19 04:32:14,327 INFO ncaa_identity: contest_id=401052 teams 2778/2778 matched, players 7220/7861 matched
2026-08-19 04:32:16,785 INFO ncaa_identity: contest_id=401093 teams 1970/1970 matched, players 5246/5487 matched
2026-08-19 04:32:18,251 INFO ncaa_identity: contest_id=401114 teams 2589/2589 matched, players 6136/7296 matched
2026-08-19 04:32:19,699 INFO ncaa_identity: contest_id=401175 teams 2105/2105 matched, players 5263/5920 matched
2026-08-19 04:32:21,094 INFO ncaa_identity: contest_id=401207 teams 1960/1960 matched, players 5002/5496 matched
2026-08-19 04:32:22,530 INFO ncaa_identity: contest_id=401243 teams 2242/2242 matched, players 5790/6321 matched
2026-08-19 04:32:24,506 INFO ncaa_identity: contest_id=401275 teams 1828/1828 matched, players 3782/5151 matched
2026-08-19 04:32:26,900 INFO ncaa_identity: contest_id=401305 teams 3061/3061 matched, players 7158/8673 matched
2026-08-19 04:32:29,135 INFO ncaa_identity: contest_id=401339 teams 2558/2558 matched, players 6659/7245 matched
2026-08-19 04:32:32,439 INFO ncaa_identity: contest_id=401459 teams 975/1963 matched, players 2828/5532 matched
2026-08-19 04:32:33,505 INFO ncaa_identity: contest_id=401480 teams 3607/3607 matched, players 9718/10311 matched
2026-08-19 04:32:37,164 INFO ncaa_identity: contest_id=401537 teams 2477/2477 matched, players 5530/6954 matched
2026-08-19 04:32:38,585 INFO ncaa_identity: contest_id=401560 teams 2443/2443 matched, players 6904/6913 matched
2026-08-19 04:32:42,098 INFO ncaa_identity: contest_id=401617 teams 2451/2451 matched, players 6918/6958 matched
parsed=559 failed=0
067/7088 matched
2026-08-19 04:32:35,601 INFO ncaa_identity: contest_id=401452 teams 2081/2081 matched, players 5568/5801 matched
2026-08-19 04:32:37,151 INFO ncaa_identity: contest_id=401484 teams 2927/2927 matched, players 7598/8273 matched
2026-08-19 04:32:37,884 INFO ncaa_identity: contest_id=401494 teams 2416/2416 matched, players 6267/6795 matched
2026-08-19 04:32:38,668 INFO ncaa_identity: contest_id=401504 teams 2656/2656 matched, players 6825/7471 matched
2026-08-19 04:32:41,486 INFO ncaa_identity: contest_id=401553 teams 2559/2559 matched, players 5638/7202 matched
2026-08-19 04:32:43,155 INFO ncaa_identity: contest_id=401584 teams 2276/2276 matched, players 6189/6425 matched
2026-08-19 04:32:44,162 INFO ncaa_identity: contest_id=401610 teams 2141/2141 matched, players 5696/6047 matched
2026-08-19 04:32:44,784 INFO ncaa_identity: contest_id=401621 teams 2595/2595 matched, players 7165/7340 matched
parsed=559 failed=0
4:32:40,004 INFO ncaa_identity: contest_id=401493 teams 2279/2279 matched, players 6156/6411 matched
2026-08-19 04:32:41,282 INFO ncaa_identity: contest_id=401516 teams 1810/1810 matched, players 4967/5058 matched
2026-08-19 04:32:41,886 INFO ncaa_identity: contest_id=401527 teams 2423/2423 matched, players 6408/6840 matched
2026-08-19 04:32:43,354 INFO ncaa_identity: contest_id=401552 teams 2956/2956 matched, players 7263/8329 matched
2026-08-19 04:32:44,029 INFO ncaa_identity: contest_id=401563 teams 2424/2424 matched, players 6404/6774 matched
2026-08-19 04:32:44,524 INFO ncaa_identity: contest_id=401573 teams 2108/2108 matched, players 5829/5920 matched
2026-08-19 04:32:44,948 INFO ncaa_identity: contest_id=401583 teams 1951/1951 matched, players 5001/5493 matched
2026-08-19 04:32:46,867 INFO ncaa_identity: contest_id=401630 teams 1939/1939 matched, players 4956/5478 matched
parsed=560 failed=0
2332/2332 matched, players 6024/6535 matched
2026-08-19 04:32:43,840 INFO ncaa_identity: contest_id=401595 teams 2379/2379 matched, players 6710/6772 matched
2026-08-19 04:32:45,494 INFO ncaa_identity: contest_id=401628 teams 1969/1969 matched, players 4744/5544 matched
parsed=559 failed=0
y: contest_id=401391 teams 2626/2626 matched, players 7241/7420 matched
2026-08-19 04:32:33,695 INFO ncaa_identity: contest_id=401403 teams 1802/1802 matched, players 4238/5062 matched
2026-08-19 04:32:35,754 INFO ncaa_identity: contest_id=401461 teams 2467/2467 matched, players 6644/6938 matched
2026-08-19 04:32:37,109 INFO ncaa_identity: contest_id=401492 teams 2014/2014 matched, players 5598/5673 matched
2026-08-19 04:32:37,925 INFO ncaa_identity: contest_id=401502 teams 2645/2645 matched, players 7463/7476 matched
2026-08-19 04:32:39,319 INFO ncaa_identity: contest_id=401526 teams 2209parsed=559 failed=0
s 5747/6204 matched
2026-08-19 04:32:40,101 INFO ncaa_identity: contest_id=401539 teams 2218/2218 matched, players 6205/6268 matched
2026-08-19 04:32:40,618 INFO ncaa_identity: contest_id=401551 teams 1829/1829 matched, players 4890/5129 matched
2026-08-19 04:32:41,970 INFO ncaa_identity: contest_id=401572 teams 2625/2625 matched, players 6865/7428 matched
2026-08-19 04:32:42,653 INFO ncaa_identity: contest_id=401582 teams 2067/2067 matched, players 5081/5758 matched
2026-08-19 04:32:43,776 INFO ncaa_identity: contest_id=401608 teams 2381/2381 matched, players 6649/6709 matched
2026-08-19 04:32:44,881 INFO ncaa_identity: contest_id=401629 teams 2353/2353 matched, players 6317/6645 matched
parsed=560 failed=0

2026-08-19 04:32:38,708 INFO ncaa_identity: contest_id=401579 teams 2331/2331 matched, players 6086/6613 matched
parsed=559 failed=0
02/6565 matched
2026-08-19 04:32:31,354 INFO ncaa_identity: contest_id=401487 teams 2128/2128 matched, players 5744/5996 m2026-08-2026-08-19 04:32:34,309 INFO ncaa_identity: contest_id=401533 teams 2278/2278 matched, players 6098/6420 matched
2026-08-19 04:32:35,770 INFO ncaa_identity: contest_id=401557 teams 2958/2958 matched, players 7914/8430 m2026-08-2026-08-19 04:32:39,352 INFO ncaa_identity: contest_id=401614 teams 2020/2020 matched, players 5200/5700 matched
2026-08-19 04:32:39,878 INFO ncaa_identity: contest_id=401624 teams 2041/2041 matched, players 5288/5743 m2026-08-19 04:32:41,254 INFO ncaa_identity: contest_id=401585 teams 2642/2642 matched, players 6983/7472 matched
2026-08-19 04:32:41,328 INFO 5 starters not found for period 3; using estimate
2026-08-19 04:32:41,905 INFO ncaa_identity: contest_id=401601 teams 2480/2480 matched, players 6404/7046 matched
2026-08-19 04:32:42,516 INFO ncaa_identity: contest_id=401612 teams 2169/2169 matched, players 5407/6064 matched
parsed=559 failed=0
EXIT=0
