seasons=all bundles=57920 pending=5611 force=False shard=14/16 assigned=3502026-08-14 06:27:39,039 INFO ncaa_identity: contest_id=459427 teams 2355/2355 matched, players 6538/6652 matched
2026-08-14 06:27:43,604 INFO ncaa_identity: contest_id=459535 teams 2703/2703 matched, players 7275/7629 matched
2026-08-14 06:27:44,751 INFO ncaa_identity: contest_id=459568 teams 2192/2192 matched, players 5636/6156 matched
2026-08-14 06:27:46,863 INFO ncaa_identity: contest_id=459704 teams 2356/2356 matched, players 5952/6652 matched
2026-08-14 06:27:47,852 INFO ncaa_identity: contest_id=459778 teams 2072/2072 matched, players 657/727 matched
2022026-08-14 06:27:50,109 INFO ncaa_identity: contest_id=459991 teams 2706/2706 matched, players 7335/7666 matched
2026-08-14 06:27:51,990 INFO ncaa_identity: contest_id=460017 teams 3047/3047 matched, players 8105/8542 matched22026-08-14 06:27:53,018 INFO ncaa_identity: contest_id=460048 teams 2099/2099 matched, players 5870/5920 matche2026-08-14 06:27:53,848 INFO ncaa_identity: contest_id=460126 teams 2473/2473 matched, players 6020/6959 matched
202026-08-14 06:27:58,724 INFO ncaa_identity: contest_id=460184 teams 2805/2805 matched, players 7400/7919 matched
2026-08-14 06:27:59,928 INFO ncaa_identity: contest_id=460231 teams 2762/2762 matched, players 6596/7823 matched
2026-08-14 06:28:00,883 INFO ncaa_identity: contest_id=460266 teams 2287/2287 matched, players 5895/6418 matched202026-08-14 06:28:01,896 INFO ncaa_identity: contest_id=460354 teams 1171/2364 matched, players 3309/6666 matched2026-08-14 06:28:06,150 INFO ncaa_identity: contest_id=460582 teams 2368/2368 matched, players 4914/6652 matched
2026-08-14 06:28:07,429 INFO ncaa_identity: contest_id=460632 teams 2874/2874 matched, players 7687/8088 matched
2026-08-14 06:28:08,280 INFO ncaa_identity: contest_id=460667 teams 1418/2909 matched, players 4062/8301 matched
2026-08-14 06:28:10,379 INFO ncaa_identity: contest_id=460828 teams 2400/2400 matched, players 6542/6778 matched
2026-08-14 06:28:11,948 INFO ncaa_identity: contest_id=460936 teams 1355/2620 mat2026-08-14 06:28:14,111 INFO ncaa_i2026-08-14 06:28:14,790 INFO ncaa_identity: contest_id=460958 teams 2417/2417 m2026-08-14 06:28:15,260 INFO ncaa_i2026-08-14 06:28:16,015 INFO ncaa_identity: contest_id=461047 teams 2640/2640 m2026-08-14 06:28:17,229 INFO ncaa_i2026-08-14 06:28:18,101 INFO ncaa_identity: contest_id=461220 teams 2048/2048 m2026-08-14 06:28:18,643 INFO ncaa_i2026-08-14 06:28:19,270 INFO ncaa_identity: contest_id=461242 teams 2296/2296 m2026-08-14 06:28:19,318 INFO ncaa202026-08-14 06:28:21,574 INFO ncaa_identity: contest_id=461336 teams 1356/2695 matched, players 3818/7576 matched2026-08-14 06:28:23,805 INFO ncaa_identity: contest_id=461536 teams 2538/2538 matched, players 5426/7154 matched
2026-08-14 06:28:25,765 INFO ncaa_identity: contest_id=461695 teams 1125/2216 matched, players 3190/6247 matched
202026-08-14 06:28:27,401 INFO ncaa_identity: contest_id=461669 teams 2826/2826 matched, players 7179/7982 matched202026-08-14 06:28:28,591 INFO ncaa_identity: contest_id=461711 teams 2627/2627 matched, players 6935/7450 matched2026-08-14 06:28:33,047 INFO ncaa_identity: contest_id=461906 teams 2583/2583 matched, players 6765/7301 matched
2026-08-14 06:28:33,974 INFO ncaa_identity: contest_id=461957 teams 2430/2430 matched, players 6607/6756 matched
22026-08-14 06:28:34,908 INFO ncaa_identity: contest_id=461944 teams 2255/2255 matched, players 6237/6307 matched22026-08-14 06:28:36,274 INFO ncaa_identity: contest_id=461995 teams 1449/2753 matched, players 3969/7755 matched22026-08-14 06:28:40,073 INFO ncaa_identity: contest_id=462135 teams 1829/1829 matched, players 4387/5155 matched
2026-08-14 06:28:41,021 INFO ncaa_identity: contest_id=462162 teams 2198/2198 ma2026-08-14 06:28:41,573 INFO ncaa_22026-08-14 06:28:42,938 INFO ncaa_identity: contest_id=462122 teams 2261/2261 matched, players 6364/6378 matched22026-08-14 06:28:44,276 INFO ncaa_identity: contest_id=462285 teams 2459/2459 ma2026-08-14 06:28:44,506 INFO n20262026-08-14 06:28:46,522 INFO ncaa_identity: contest_id=462394 teams 1628/3259 matched, players 4137/9245 matched
2026-08-14 06:28:48,775 INFO ncaa_identity: contest_id=462491 teams 0/2380 matched, players 0/6604 matched
2026-08-14 06:28:50,847 INFO ncaa_identity: contest_id=462575 teams 2365/2365 matched,2026-08-14 06:28:51,921 INFO ncaa_i2026-08-14 06:28:53,665 INFO ncaa_identity: contest_id=462554 teams 2520/2520 matched, players 6021/7156 matched
2026-08-14 06:28:55,775 INFO ncaa_identity: contest_id=462635 teams 2495/2495 m2026-08-14 06:28:56,129 INFO ncaa_i2026-08-14 06:28:57,078 INFO ncaa_identity: contest_id=462716 teams 2393/2393 m2026-08-14 06:28:57,12026-08-14 06:2026-08-14 06:28:58,164 INFO ncaa_identity: contest_id=462753 teams 2473/2420262026-08-14 06:29:02,430 INFO ncaa_identity: contest_id=463382 teams 4142/4142 matched, players 11205/11934 matched
2026-08-14 06:29:05,519 INFO ncaa_identity: contest_id=463442 teams 2861/2861 matched, players 7562/8097 matched
2026-08-14 06:29:06,781 INFO ncaa_identity: contest_id=463482 teams 2898/2898 matched, players 7979/8148 matched
2026-08-14 06:29:08,411 INFO ncaa2026-08-14 06:29:08,839 INFO ncaa_identity: contest_id=463384 teams 2404/2404 mat2026-08-14 06:29:11,602 INFO ncaa_identity: contest_id=463737 teams 2424/2424 matched, players 5866/6832 matched
2026-08-14 06:29:12,761 INFO ncaa2026-08-14 06:29:13,088 INFO ncaa_identity: contest_id=463486 teams 2283/2283 mat2026-08-14 06:29:14,015 INFO ncaa2026-08-14 06:29:15,354 INFO ncaa_identity: contest_id=463592 teams 2202/2202 matched, players 5227/6202 matched
2026-08-14 06:29:17,494 INFO ncaa_identity: contest_id=463685 teams 2586/2586 matched, players 6553/7287 matched
2026-08-14 06:29:18,545 INFO ncaa_identity: contest_id=463746 teams 2659/2659 matched, players 7303/7490 matched
2026-08-14 06:29:22,909 INFO ncaa_identity: contest_id=464043 teams 2396/2396 matched, players 6427/6757 matched
2026-08-14 06:29:24,170 INFO ncaa_identity: contest_id=464101 teams 2413/2413 matched, players 6366/6788 matched
2026-08-14 06:29:29,939 INFO ncaa_identity: contest_id=464256 teams 1429/2793 matched, players 3676/7811 matched
2026-08-14 06:29:30,605 INFO ncaa_identity: contest_id=464298 teams 1209/2417 matched, players 2893/6689 matched
2026-08-14 06:29:33,736 INFO ncaa_identity: contest_id=464401 teams 2244/2244 matched, players 6119/6321 matched
2026-08-14 06:29:35,167 INFO ncaa_identity: contest_id=464454 teams 3002/3002 matched, players 8140/8545 matched
2026-08-14 06:29:36,223 INFO ncaa_identity: contest_id=464522 teams 2207/2207 matched, players 6165/6202 matched
2026-08-14 06:29:39,457 INFO ncaa_identity: contest_id=464635 teams 2216/2216 matched, players 5369/6255 matched
2026-08-14 06:29:40,477 INFO ncaa_identity: contest_id=464676 teams 2683/2683 matched, players 7578/7611 matche2022026-08-14 06:29:53,565 INFO ncaa_identity: contest_id=465070 teams 2279/2279 matched, players 5980/6416 matched
2026-08-14 06:29:54,809 INFO ncaa_identity: contest_id=465088 teams 2476/2476 matched, players 6924/6969 matched
2026-08-14 06:29:56,774 INFO ncaa_identity: contest_id=465126 teams 1034/2181 matched, players 3004/6044 matched
2026-08-14 06:29:57,761 INFO ncaa_identity: contest_id=465145 teams 2281/2281 matched, players 6059/6394 matched
2026-08-14 06:29:58,917 INFO ncaa_identity: contest_id=465184 teams 2479/2479 matched, players 6849/7036 matched
2026-08-14 06:30:00,078 INFO ncaa_identity: contest_id=465205 teams 2633/2633 matched, players 7265/7390 matched
2026-08-14 06:30:01,553 INFO ncaa_identity: contest_id=465230 teams 2900/2900 matched, players 7946/8185 matched
2026-08-14 06:30:05,189 INFO ncaa_identity: contest_id=465363 teams 1299/2616 matched, players 3659/7361 matched
2026-08-14 06:30:06,299 INFO ncaa_identity: contest_id=465384 teams 2516/2516 matched, players 6606/7157 matched
2026-08-14 06:30:07,230 INFO ncaa_identity: contest_id=465431 teams 2272/2272 matched, players 6400/6412 matched
2026-08-14 06:30:15,919 INFO ncaa_identity: contest_id=465779 teams 1380/2719 matched, players 3935/7673 matched
2026-08-14 06:30:17,090 INFO ncaa_identity: contest_id=465861 teams 1607/3277 matched, players 4469/9306 matched
2026-08-14 06:30:19,022 INFO ncaa_identity: contest_id=465942 teams 2201/2201 matched, players 6124/6217 matched
2026-08-14 06:30:20,071 INFO ncaa_identity: contest_id=465978 teams 2217/2217 matched, players 5944/6269 matched
2026-08-14 06:30:21,015 INFO ncaa_identity: contest_id=466022 teams 2141/2141 matched, players 5617/6008 matched
2026-08-14 06:30:23,013 INFO ncaa_identity: contest_id=466107 teams 2312/2312 matched, players 5583/6522 matched
2026-08-14 06:30:24,201 INFO ncaa_identity: contest_id=466192 teams 2611/2611 matched, players 6953/7378 matched
2026-08-14 06:30:25,432 INFO ncaa_identity: contest_id=466291 teams 2696/2696 matched, players 7284/7647 matched
2026-08-14 06:30:26,737 INFO ncaa_identity: contest_id=466356 teams 2810/2810 matched, players 7365/7970 matched
2026-08-14 06:30:27,763 INFO ncaa_identity: contest_id=466427 teams 2501/2501 matched, players 6886/7102 matched
2026-08-14 06:30:31,124 INFO ncaa_identity: contest_id=466520 teams 2777/2777 matched, players 7135/7830 matched
2026-08-14 06:30:32,189 INFO ncaa_identity: contest_id=466592 teams 2552/2552 matched, players 7122/7209 matched
2026-08-14 06:30:34,227 INFO ncaa_identity: contest_id=466699 teams 1260/2517 matched, players 2507/7079 matched
2026-08-14 06:30:35,435 INFO ncaa_identity: contest_id=466746 teams 2500/2500 matched, players 6220/7039 matched
2026-08-14 06:30:36,718 INFO ncaa_identity: contest_id=466853 teams 2014/2014 matched, players 5657/5696 matched
2026-08-14 06:30:37,812 INFO ncaa_identity: contest_id=466938 teams 2331/2331 matched, players 6120/6550 matched
2026-08-14 06:30:39,954 INFO ncaa_identity: contest_id=467095 teams 2535/2535 matched, players 6135/7086 matched
2026-08-14 06:30:41,091 INFO ncaa_identity: contest_id=467148 teams 2424/2424 matched, players 6726/6830 matched
2026-08-14 06:30:46,302 INFO ncaa_identity: contest_id=467371 teams 1082/2221 m2026-08-14 06:30:47,387 INFO ncaa_i2026-08-14 06:30:49,488 INFO ncaa_identity: contest_id=467571 teams 2225/2225 m2026-08-14 06:30:51,545 INFO ncaa_i2026-08-14 06:30:52,990 INFO ncaa_identity: contest_id=467694 teams 1922/1922 matched, players 4832/5427 matched
2026-08-14 06:30:54,034 INFO ncaa_identity: contest_id=467742 teams 2391/2391 matched, players 6227/6760 matched
2026-08-14 06:30:55,255 INFO ncaa_identity: contest_id=467818 teams 2435/2435 m2026-08-14 06:30:55,642 IN2026-08-12026-08-14 06:30:57,663 INFO ncaa_identity: contest_id=467897 teams 2792/2792 matched, players 6801/7902 matched
2026-08-14 06:31:02,563 INFO ncaa_identity: contest_id=468191 teams 2690/2690 matched, players 6900/7575 matched
2026-08-14 06:31:03,652 INFO ncaa_identity: contest_id=468260 teams 2332/2332 matched, players 6311/6571 matched
2026-08-14 06:31:04,660 INFO ncaa_identity: contest_id=468280 teams 1792/1792 matched, players 4697/5043 matched
2026-08-14 06:31:06,841 INFO ncaa_identity: contest_id=468321 teams 2362/2362 matched, players 6258/6631 matched
2026-08-14 06:31:12,109 INFO ncaa_identity: contest_id=468656 teams 2658/2658 matched, players 6723/7577 matched
2026-08-14 06:31:13,244 INFO ncaa_identity: contest_id=468705 teams 2323/2323 matched, players 6031/6499 matched
2026-08-14 06:31:16,147 INFO ncaa_identity: contest_id=468819 teams 2340/2340 matched, players 5194/6565 matched
2026-08-14 06:31:22,325 INFO ncaa_identity: contest_id=469190 teams 1940/1940 matched, players 679/792 matched
2026-08-14 06:31:23,411 INFO ncaa_identity: contest_id=469247 teams 2560/2560 matched, players 6779/7241 matched
2026-08-14 06:31:26,530 INFO ncaa_identity: contest_id=469331 teams 2308/2308 matched, players 6066/6508 matched
2026-08-14 06:31:30,758 INFO ncaa_identity: contest_id=469547 teams 2895/2895 matched, players 8099/8188 matched
2026-08-14 06:31:34,241 INFO ncaa_identity: contest_id=469748 teams 2615/2615 matched, players 6941/7383 matched
2026-08-14 06:31:36,278 INFO ncaa_identity: contest_id=469835 teams 2258/2258 matched, players 5835/6383 matched
2026-08-14 06:31:39,245 INFO ncaa_identity: contest_id=469986 teams 2271/2271 matched, players 6372/6411 matched
2026-08-14 06:31:42,576 INFO ncaa_identity: contest_id=470151 teams 2319/2319 matched, players 6277/6490 matched
2026-08-14 06:31:44,546 INFO ncaa_identity: contest_id=470298 teams 2048/2048 matched, players 5341/5751 matched
2026-08-14 06:31:45,468 INFO ncaa_identity: contest_id=470367 teams 2514/2514 matched, players 6751/7090 matched
2026-08-14 06:31:47,283 INFO ncaa_identity: contest_id=470442 teams 2505/2505 matched, players 6449/7024 matched
2026-08-14 06:31:48,134 INFO ncaa_identity: contest_id=470477 teams 1651/1651 matched, players 3805/4669 matched
2026-08-14 06:31:51,092 INFO ncaa_identity: contest_id=470686 teams 2045/2045 matched, players 5723/5767 matched
2026-08-14 06:31:53,758 INFO ncaa_identity: contest_id=470838 teams 2706/2706 matched, players 7055/7599 matched
2026-08-14 06:31:58,200 INFO ncaa_identity: contest_id=470993 teams 1786/1786 matched, players 486/506 matched
2026-08-14 06:32:00,308 INFO ncaa_identity: contest_id=471112 teams 2411/2411 matched, players 6690/6759 matched
2026-08-14 06:32:03,206 INFO ncaa_identity: contest_id=471290 teams 2381/2381 matched, players 6364/6753 matched
2026-08-14 06:32:04,453 INFO ncaa_identity: contest_id=471329 teams 2875/2875 matched, players 7506/8158 matched
2026-08-14 06:32:06,384 INFO ncaa_identity: contest_id=471490 teams 2119/2119 matched, players 5537/5986 matched
2026-08-14 06:32:10,688 INFO ncaa_identity: contest_id=471619 teams 2407/2407 matched, players 6509/6809 matched
2026-08-14 06:32:11,817 INFO ncaa_identity: contest_id=471651 teams 2558/2558 matched, players 7025/7170 matched
2026-08-14 06:32:13,158 INFO ncaa_identity: contest_id=471744 teams 2920/2920 matched, players 8243/8250 matched
2026-08-14 06:32:15,394 INFO ncaa_identity: contest_id=471897 teams 2041/2041 matched, players 5569/5748 matched
2026-08-14 06:32:19,992 INFO ncaa_identity: contest_id=472083 teams 1216/2544 matched, players 3493/7212 matched
2026-08-14 06:32:21,160 INFO ncaa_identity: contest_id=472113 teams 2569/2569 matched, players 6680/7218 matched
2026-08-14 06:32:22,378 INFO ncaa_identity: contest_id=472199 teams 2144/2144 matched, players 5608/6042 matched
2026-08-14 06:32:23,460 INFO ncaa_identity: contest_id=472248 teams 2312/2312 matched, players 6263/6481 matched
2026-08-14 06:32:24,633 INFO ncaa_identity: contest_id=472287 teams 2329/2329 matched, players 6021/6576 matched
2026-08-14 06:32:25,349 INFO ncaa_identity: contest_id=472337 teams 2089/2089 matched, players 5829/5860 matched
2026-08-14 06:32:28,930 INFO ncaa_identity: contest_id=472572 teams 2325/2325 matched, players 6458/6586 matched
2026-08-14 06:32:29,909 INFO ncaa_identity: contest_id=472642 teams 2501/2501 matched, players 6532/7051 matched
2026-08-14 06:32:33,166 INFO ncaa_identity: contest_id=472714 teams 2715/2715 matched, players 7612/7708 matched
2026-08-14 06:32:34,083 INFO ncaa_identity: contest_id=472742 teams 2267/2267 matched, players 5615/6342 matched
2026-08-14 06:32:35,067 INFO ncaa_identity: contest_id=472833 teams 2111/2111 matched, players 5940/5942 matched
2026-08-14 06:32:36,100 INFO ncaa_identity: contest_id=472912 teams 2525/2525 matched, players 6958/7115 matched
2026-08-14 06:32:36,969 INFO ncaa_identi2026-08-14 06:32:40,056 INFO ncaa_identity: contest_id=474103 teams 2512/22026-08-14 06:32:41,219 INFO ncaa_identi2026-08-14 06:32:44,625 INFO ncaa_identity: contest_id=474319 teams 2301/2301 matched, players 6107/6499 matched
2026-08-14 06:32:47,393 INFO ncaa_identity: contest_id=474391 teams 2532/2532 matched, players 6756/7121 matched
2026-08-14 06:32:48,307 INFO ncaa_identity: contest_id=474416 teams 2251/22026-08-14 06:32:50,034 INFO ncaa_identi2026-08-14 06:32:53,258 INFO ncaa_identity: contest_id=474611 teams 2488/2488 matched, players 6162/7041 matched
2026-08-14 06:32:55,262 INFO ncaa_identity: contest_id=474683 teams 2157/2157 matched, players 5937/6068 matched
2026-08-14 06:32:56,173 INFO ncaa_identity: contest_id=474699 teams 2386/2386 matched, players 6478/6738 matched
2026-08-14 06:32:59,700 INFO ncaa_identity: contest_id=474766 teams 2546/2546 matched, players 931/999 matched
2026-08-14 06:33:00,658 INFO ncaa_identity: contest_id=474798 teams 2554/2552026-08-14 06:33:05,119 INFO ncaa_identity: contest_id=474299 teams 2215/2215 matched, players 6062/6237 matched
2026-08-14 06:33:06,303 INFO ncaa_identity: contest_id=474317 teams 1350/2730 matched, players 3834/7675 matched
2026-08-14 06:33:07,322 INFO ncaa_identity: contest_id=474341 teams 1391/2756 matched, players 3337/7846 matched
2026-08-14 06:33:10,625 INFO ncaa_identity: contest_id=474414 teams 2422/2422 matched, players 6295/6811 matched
2026-08-14 06:33:11,710 INFO ncaa_identity: contest_id=474441 teams 2853/2853 matched, players 7614/8081 matched
2026-08-14 06:33:13,655 INFO ncaa_identity: contest_id=474554 teams 2171/2171 matched, players 6091/6141 matched
2026-08-14 06:33:15,797 INFO ncaa_identity: contest_id=474609 teams 1309/2692 matched, players 2858/7558 matched
2026-08-14 06:33:19,129 INFO ncaa_identity: contest_id=474697 teams 2563/2563 matched, players 7189/7191 matched
2026-08-14 06:33:28,509 INFO ncaa_identity: contest_id=474946 teams 2144/2144 matched, players 5900/6049 matched
2026-08-14 06:33:30,180 INFO ncaa_identity: contest_id=474978 teams 959/1875 matched, players 2589/5184 matched
2026-08-14 06:33:31,183 INFO ncaa_identity: contest_id=474994 teams 2503/2503 matched, players 6611/7082 matched
2026-08-14 06:33:33,920 INFO ncaa_identity: contest_id=475129 teams 1061/2111 matched, players 3012/5979 matched
2026-08-14 06:33:34,391 INFO ncaa_identity: contest_id=475145 teams 1963/1963 matched, players 4829/5548 matched
2026-08-14 06:33:34,990 INFO ncaa_identity: contest_id=475161 teams 2212/2212 matched, players 5974/6224 matched
2026-08-14 06:33:36,150 INFO ncaa_identity: contest_id=475193 teams 2675/2675 matched, players 5875/7595 matched
2026-08-14 06:33:36,706 INFO ncaa_identity: contest_id=475209 teams 2538/2538 matched, players 6837/7126 matched
2026-08-14 06:33:37,895 INFO ncaa_identity: contest_id=475257 teams 3177/3177 matched, players 7599/8963 matched
2026-08-14 06:33:38,524 INFO ncaa_identity: contest_id=475307 teams 2172/2172 matched, players 5967/5989 matched
2026-08-14 06:33:39,617 INFO ncaa_identity: contest_id=475369 teams 2647/2647 matched, players 6975/7477 matched
2026-08-14 06:33:40,559 INFO ncaa_identity: contest_id=475403 teams 2578/2578 matched, players 7126/7195 matched
2026-08-14 06:33:43,489 INFO ncaa_identity: contest_id=475493 teams 2686/2686 matched, players 5944/7607 matched
parsed=351 failed=0
ntity: contest_id=475482 teams 2122/2122 matched, players 5951/5959 matched
parsed=350 failed=0
ontest_id=475170 teams 2193/2193 matched, players 5711/6185 m2026-08-14 06:33:23,755 INFO ncaa_identity: contest_id=475210 teams 1731/3445 matched, players 4852/9774 matched
2026-08-14 06:33:27,955 INFO ncaa_identity: contest_id=475343 teams 2289/2289 matched, players 5677/6395 matched
2026-08-14 06:33:29,223 INFO ncaa_identity: contest_id=475370 teams 2575/2575 matched, players 6101/7211 matched
2026-08-14 06:33:31,240 INFO ncaa_identity: contest_id=475404 teams 2744/2744 matched, players 7451/7775 matched
2026-08-14 06:33:32,984 INFO ncaa_identity: contest_id=475436 teams 2665/2665 matched, players 6916/7533 matched
2026-08-14 06:33:34,196 INFO ncaa_identity: contest_id=475472 teams 2181/2181 matched, players 5617/6190 matched
2026-08-14 06:33:34,780 INFO ncaa_identity: contest_id=475494 teams 2160/2160 matched, players 6118/6124 matched
parsed=351 failed=0
iled=0
_id=475430 teams 2476/2476 matched, players 6917/7002 matched
2026-08-14 06:33:27,303 INFO ncaa_identity: contest_id=475466 teams 2323/2323 matched, players 5979/6532 matched
parsed=351 failed=0
2196 matched,2026-08-14 06:33:26,468 INFO2026-08-14 06:33:26,853 INFO ncaa_identity: contest_id=475358 teams 2321/2321 matched,2026-08-14 06:33:30,034 INFO ncaa_identity: contest_id=475487 teams 2544/2544 matched, players 7179/7195 matched
parsed=351 failed=0
tched
2026-08-14 06:33:29,906 INFO ncaa_identity: contest_id=475411 teams 2397/2397 matched, players 6560/6795 matched
2026-08-14 06:33:30,535 INFO ncaa_identity: contest_id=475427 teams 1043/2142 matched, players 2878/6034 matched
2026-08-14 06:33:32,903 INFO ncaa_identity: contest_id=475485 teams 2139/2139 matched, players 5676/6057 matched
2026-08-14 06:33:33,486 INFO ncaa_identity: contest_id=475501 teams 2219/2219 matched, players 5968/6211 matched
parsed=351 failed=0
31 teams 1981/1981 matched, players 5186/5573 matched
2026-08-14 06:33:30,278 INFO ncaa_identity: contest_id=475451 teams 2233/2233 matched, players 6282/6312 matched
2026-08-14 06:33:31,240 INFO ncaa_identity: contest_id=475467 teams 2584/2584 matched, players 7056/7218 matched
parsed=351 failed=0
7185 matched
parsed=350 failed=0
763 teams 2476/2476 matched, players 6863/6947 matched
2026-08-14 06:33:11,910 INFO ncaa_identity: contest_id=475038 teams 2051/2051 matched, players 5418/5734 matched
2026-08-14 06:33:14,757 INFO ncaa_identity: contest_id=475128 teams 2478/2478 matched, players 6922/6951 matched
2026-08-14 06:33:16,142 INFO ncaa_identity: contest_id=475144 teams 3551/3551 matched, players 9690/10142 matched
2026-08-14 06:33:18,046 INFO ncaa_identity: contest_id=475176 teams 1929/1929 matched, players 5159/5434 matched
2026-08-14 06:33:22,142 INFO ncaa_identity: contest_id=475256 teams 1943/1943 matched, players 5425/5488 matched
2026-08-14 06:33:26,471 INFO ncaa_identity: contest_id=475384 teams 2176/2176 matched, players 5640/6142 matched
2026-08-14 06:33:30,234 INFO ncaa_identity: contest_id=475454 teams 1311/2567 matched, players 3570/7220 matched
parsed=351 failed=0
EXIT=0
