seasons=2011 bundles=5440 pending=5440 force=True shard=3/6 assigned=907
2026-08-19 18:25:38,302 INFO ncaa_identity: contest_id=878045 teams 1357/2701 matched, players 3480/7617 matched
2026-08-19 18:25:42,485 INFO ncaa_identity: contest_id=878077 teams 1142/2316 matched, players 3226/6530 matched
2026-08-19 18:25:43,673 INFO ncaa_identity: contest_id=878082 teams 2512/2512 matched, players 6345/7112 matched
2026-08-19 18:25:44,865 INFO ncaa_identity: contest_id=878088 teams 2782/2782 matched, players 7675/7811 matched202026-08-19 18:25:46,629 INFO ncaa_identity: contest_id=878105 teams 1497/3009 matched, players 4271/8488 matched
2026-08-19 18:25:51,265 INFO ncaa_identity: contest_id=878132 teams 1445/2871 matched, players 4027/8067 matched
2026-08-19 18:25:53,132 INFO ncaa_identity: contest_id=878147 teams 3189/3189 matched, players 8756/9015 matched
2026-08-19 18:25:55,104 INFO ncaa_identity: contest_id=878164 teams 2095/2095 matched, players 5450/5914 matched
2026-08-19 18:25:57,135 INFO ncaa_identity: contest_id=878176 teams 2677/2677 matched, players 7414/7508 matched
2026-08-19 18:25:57,918 INFO ncaa_identity: contest_id=878191 teams 2293/2293 matched, players 6195/6465 matched202026-08-19 18:26:00,160 INFO ncaa_identity: contest_id=878221 teams 1181/2303 matched, players 2898/6479 matched
2026-08-19 18:26:00,962 INFO ncaa_identity: contest_id=878228 teams 773/1526 matched, players 184/417 matched
2022026-08-19 18:26:04,047 INFO ncaa_identity: contest_id=878252 teams 1142/2237 matched, players 2786/6287 matched202026-08-19 18:26:05,180 INFO ncaa_identity: contest_id=878258 teams 1230/2526 matched, players 3523/7097 matched202026-08-19 18:26:06,453 INFO ncaa_identity: contest_id=878278 teams 1335/2675 matched, players 3712/7507 matched2026-08-19 18:26:10,758 INFO ncaa_identity: contest_id=878332 teams 2209/2209 matched, players 6082/6231 matched
2026-08-19 18:26:15,546 INFO ncaa_identity: contest_id=878363 teams 2671/2671 matched, players 7486/7570 matched
2026-08-19 18:26:17,823 INFO ncaa_identity: contest_id=878378 teams 2425/2425 matched, players 6437/6777 matched
2026-08-19 18:26:18,796 INFO ncaa_identity: contest_id=878410 teams 2759/2759 matched, players 7404/7849 matched22026-08-19 18:26:20,099 INFO ncaa_identity: contest_id=878442 teams 2523/2523 matched, players 6627/7099 matched22026-08-19 18:26:23,493 INFO ncaa_identity: contest_id=878475 teams 2531/2531 matched, players 6660/7147 matched22026-08-19 18:26:25,386 INFO ncaa_identity: contest_id=878536 teams 2843/2843 matched, players 7872/8008 matched22026-08-19 18:26:27,517 INFO ncaa_identity: contest_id=878593 teams 1256/2530 matched, players 2998/7128 matched22026-08-19 18:26:29,634 INFO ncaa_identity: contest_id=878625 teams 1361/2625 matched, players 3823/7403 matche2022026-08-19 18:26:31,186 INFO ncaa_identity: contest_id=878641 teams 1285/2605 matched, players 3363/7312 matche2022026-08-19 18:26:32,311 INFO ncaa_identity: contest_id=878662 teams 1298/2589 matched, players 3726/7265 matche2022026-08-19 18:26:39,049 INFO ncaa_identity: contest_id=878766 teams 2459/2459 matched, players 6809/6925 matched
2026-08-19 18:26:40,894 INFO ncaa_identity: contest_id=878785 teams 2085/2085 matched, players 5487/5836 matched
2026-08-19 18:26:42,023 INFO ncaa_identity: contest_id=878796 teams 2313/2313 matched, players 5605/6501 matched
2026-08-19 18:26:42,957 INFO ncaa_identity: contest_id=878817 teams 2602/2602 matched, players 7073/7383 matche2022026-08-19 18:26:51,017 INFO ncaa_identity: contest_id=878910 teams 1287/2486 matched, players 3578/7040 matched
2026-08-19 18:26:51,819 INFO ncaa_identity: contest_id=878933 teams 1040/2078 matched, players 2444/5841 matched
2026-08-19 18:26:53,883 INFO ncaa_identity: contest_id=878963 teams 2567/2567 matched, players 7099/7230 matched
2026-08-19 18:26:55,927 INFO ncaa_identity: contest_id=878997 teams 2383/2383 matched, players 6575/6720 matched
2026-08-19 18:26:56,924 INFO ncaa_identity: contest_id=879020 teams 2450/2450 matched, players 6066/6919 matched
2026-08-19 18:26:58,052 INFO ncaa_identity: contest_id=879041 teams 2415/2415 matched, players 6698/6806 matched
2026-08-19 18:27:01,260 INFO ncaa_identity: contest_id=879177 teams 1212/2437 matched, players 3408/6875 matched202026-08-19 18:27:02,273 INFO ncaa_identity: contest_id=879192 teams 2673/2673 matched, players 7007/7528 matched202026-08-19 18:27:06,450 INFO ncaa_identity: contest_id=879289 teams 2492/2492 matched, players 6513/7033 matched2026-08-19 18:27:09,224 INFO ncaa_identity: contest_id=879378 teams 2122/2122 matched, players 5420/5987 matched
202026-08-19 18:27:12,588 INFO ncaa_identity: contest_id=879541 teams 2536/2536 matched, players 5863/7196 matched202026-08-19 18:27:14,550 INFO ncaa_identity: contest_id=879564 teams 2570/2570 matched, players 7051/7245 matched202026-08-19 18:27:17,193 INFO ncaa_identity: contest_id=879590 teams 2320/2320 matched, players 5942/6542 matched2026-08-19 18:27:22,094 INFO ncaa_identity: contest_id=879678 teams 1275/2592 matched, players 3339/7375 matched
2026-08-19 18:27:22,958 INFO ncaa_identity: contest_id=879692 teams 1933/1933 matched, players 726/758 matched
2026-08-19 18:27:23,991 INFO ncaa_identity: contest_id=879701 teams 1265/2521 matched, players 3397/7115 matched
20262026-08-19 18:27:27,321 INFO ncaa_identity: contest_id=879725 teams 1139/2329 matched, players 3249/6556 match20262026-08-19 18:27:33,228 INFO ncaa_identity: contest_id=879847 teams 2477/2477 matched, players 6718/6990 matched
2026-08-19 18:27:34,344 INFO ncaa_identity: contest_id=879877 teams 2882/2882 matched, players 7933/8134 matched
2026-08-19 18:27:35,442 INFO ncaa_identity: contest_id=879894 teams 0/2277 matched, players 0/6403 matched
2026-08-19 18:27:37,548 INFO ncaa_identity: contest_id=879972 teams 2854/2854 matched, players 7638/8034 matched
2026-08-19 18:27:39,535 INFO ncaa_identity: contest_id=880020 teams 2201/2201 matched, players 5763/6188 matched
2026-08-19 18:27:40,583 INFO ncaa_identity: contest_id=880028 teams 2657/2657 matched, players 7299/7563 matched
2026-08-19 18:27:42,655 INFO ncaa_identity: contest_id=880053 teams 2079/2079 matched, players 5609/5829 matched
2026-08-19 18:27:43,630 INFO ncaa_identity: contest_id=880063 teams 2585/2585 matched, players 6770/7263 matched
2026-08-19 18:27:47,641 INFO ncaa_identity: contest_id=880101 teams 2726/2726 matched, players 6798/7698 matched
2026-08-19 18:27:52,348 INFO ncaa_identity: contest_id=880153 teams 2315/2315 matched, players 6148/6488 matched
2026-08-19 18:27:53,376 INFO ncaa_identity: contest_id=880163 teams 2680/2680 matched, players 7445/7583 matched
2026-08-19 18:27:59,478 INFO ncaa_identity: contest_id=880217 teams 2329/2329 matched, players 6070/6601 matched
2026-08-19 18:28:00,678 INFO ncaa_identity: contest_id=880229 teams 2929/2929 matched, players 7846/8277 matched
2026-08-19 18:28:01,665 INFO ncaa_identity: contest_id=880265 teams 2249/2249 matched, players 5919/6278 matched
2026-08-19 18:28:03,660 INFO ncaa_identity: contest_id=880297 teams 2531/2531 matched, players 6099/7131 matched
2026-08-19 18:28:04,793 INFO ncaa_identity: contest_id=880305 teams 2550/2550 matched, players 6633/7172 matched
2026-08-19 18:28:05,845 INFO ncaa_identity: contest_id=880325 teams 2232/2232 matched, players 5784/6307 matched
2026-08-19 18:28:07,787 INFO ncaa_identity: contest_id=880374 teams 1145/2319 matched, players 3207/6521 matched
2026-08-19 18:28:08,700 INFO ncaa_identity: contest_id=880382 teams 1330/2578 matched, players 3696/7294 matched
2026-08-19 18:28:10,505 INFO ncaa_identity: contest_id=880412 teams 2560/2560 matched, players 6611/7227 matched
2026-08-19 18:28:16,296 INFO ncaa_identity: contest_id=880475 teams 2465/2465 matched, players 6259/6971 matched
2026-08-19 18:28:17,413 INFO ncaa_identity: contest_id=880486 teams 2473/2473 matched, players 6332/6962 matched
2026-08-19 18:28:17,922 WARNING ncaa_parse: family=lineups contest_id=880498 team=Sam Houston SKIPPED (1 parse error(s)): Duplicate players: [[PlayerCodeId(code='NyCarter', id=PlayerId(name='Carter, Nyha'), ncaa_id=None), PlayerCodeId(code='ClDavis', id=PlayerId(name='Davis, Clarke...
2026-08-19 18:28:18,144 INFO ncaa_identity: contest_id=880498 teams 2567/2567 matched, players 6572/7211 matched
2026-08-19 18:28:20,252 INFO ncaa_identity: contest_id=880522 teams 2831/2831 matched, players 7749/8030 matched
2026-08-19 18:28:21,124 INFO ncaa_identity: contest_id=880534 teams 2303/2303 matched, players 5754/6486 matched
2026-08-19 18:28:22,121 INFO ncaa_identity: contest_id=880547 teams 2323/2323 matched, players 6192/6574 matched
2026-08-19 18:28:23,011 INFO ncaa_identity: contest_id=880565 teams 1213/2393 matched, players 2856/6758 matched
2026-08-19 18:28:25,757 INFO ncaa_identity: contest_id=880602 teams 2013/2013 matched, players 5053/5678 matched
2026-08-19 18:28:26,910 INFO ncaa_identity: contest_id=880611 teams 1438/2720 matched, players 3565/7665 matched
2026-08-19 18:28:27,770 INFO ncaa_identity: contest_id=880639 teams 2067/2067 matched, players 5796/5852 matched
2026-08-19 18:28:28,881 INFO ncaa_identity: contest_id=880666 teams 2564/2564 matched, players 6767/7239 matched
2026-08-19 18:28:29,944 INFO ncaa_identity: contest_id=880689 teams 1533/3107 matched, players 4353/8755 matched
2026-08-19 18:28:31,980 INFO ncaa_identity: contest_id=880733 teams 1045/2051 matched, players 2883/5763 matched
2026-08-19 18:28:32,984 INFO ncaa_identity: contest_id=880747 teams 2195/2195 matched, players 5223/6198 matched22026-08-19 18:28:35,952 INFO ncaa_identity: contest_id=880838 teams 2334/2334 matched, players 6359/6584 matched
2026-08-19 18:28:36,886 INFO ncaa_identity: contest_id=880857 teams 2641/2641 matched, players 6481/7465 matched2026-08-19 18:28:38,330 INFO ncaa_identity: contest_id=880848 teams 0/2616 matched, players 0/7405 matched
2026-082026-08-19 18:28:39,722 INFO ncaa_identity: contest_id=880900 teams 2436/2436 matched, players 6640/6838 ma2026-082026-08-19 18:28:41,596 INFO ncaa_identity: contest_id=880925 teams 2020/2020 matched, players 4702/5692 ma2026-082026-08-19 18:28:44,610 INFO ncaa_identity: contest_id=880990 teams 2653/2653 matched, players 6702/7465 matched
2026-08-19 18:28:45,395 INFO ncaa_identity: contest_id=881018 teams 1979/1979 matched, players 5464/5535 ma2026-08-19 18:28:47,587 INFO ncaa_identity: contest_id=881016 teams 2359/2359 matched, players 6466/6642 matched
2026-08-19 18:28:55,453 INFO ncaa_identity: contest_id=881142 teams 2710/2710 matched, players 7458/7607 matched
2026-08-19 18:29:01,124 INFO ncaa_identity: contest_id=881288 teams 2352/2352 matched, players 6305/6639 matched
2026-08-19 18:29:05,679 INFO ncaa_identity: contest_id=881436 teams 1478/2888 matched, players 4189/8213 matched
2026-08-19 18:29:08,633 INFO ncaa_identity: contest_id=881521 teams 1164/2305 matched, players 3241/6535 matched
2026-08-19 18:29:10,469 INFO ncaa_identity: contest_id=881597 teams 2247/2247 matched, players 5585/6313 matched
2026-08-19 18:29:12,210 INFO ncaa_identity: contest_id=881645 teams 2178/2178 matched, players 6078/6115 matched
2026-08-19 18:29:13,940 INFO ncaa_identity: contest_id=881666 teams 2614/2614 matched, players 6947/7354 matched
2026-08-19 18:29:15,705 INFO ncaa_identity: contest_id=881679 teams 2259/2259 matched, players 5479/6333 matched
2026-08-19 18:29:18,486 INFO ncaa_identity: contest_id=881707 teams 2586/2586 matched, players 6701/7346 matched
2026-08-19 18:29:19,529 INFO ncaa_identity: contest_id=881715 teams 2452/2452 matched, players 6139/6922 matched
2026-08-19 18:29:21,210 INFO ncaa_identity: contest_id=881735 teams 2340/2340 matched, players 6429/6628 matched
2026-08-19 18:29:23,185 INFO ncaa_identity: contest_id=881775 teams 2667/2667 matched, players 7288/7542 matched
2026-08-19 18:29:24,111 INFO ncaa_identity: contest_id=881791 teams 2006/2006 matched, players 5442/5635 matched
2026-08-19 18:29:25,046 INFO ncaa_identity: contest_id=881806 teams 2554/2554 matched, players 6592/7169 matched
2026-08-19 18:29:26,976 INFO ncaa_identity: contest_id=881861 teams 1219/2427 matched, players 3464/6882 matched
2026-08-19 18:29:34,449 INFO ncaa_identity: contest_id=882024 teams 2588/2588 matched, players 7250/7318 matched
2026-08-19 18:29:35,372 INFO ncaa_identity: contest_id=882048 teams 2607/2607 matched, players 7009/7314 matched
2026-08-19 18:29:36,435 INFO ncaa_identity: contest_id=882076 teams 1502/3061 matched, players 4260/8650 matched
2026-08-19 18:29:39,126 INFO ncaa_identity: contest_id=882127 teams 2369/2369 matched, players 5922/6708 matched
2026-08-19 18:29:42,038 INFO ncaa_identity: contest_id=882185 teams 2407/2407 matched, players 6610/6799 matched
2026-08-19 18:29:44,837 INFO ncaa_identity: contest_id=882253 teams 2081/2081 matched, players 5425/5880 matched
2026-08-19 18:29:45,795 INFO ncaa_identity: contest_id=882262 teams 2670/2670 matched, players 6953/7501 matched
2026-08-19 18:29:46,827 INFO ncaa_identity: contest_id=882272 teams 2387/2387 matched, players 6654/6702 matched
2026-08-19 18:29:47,704 INFO ncaa_identity: contest_id=882293 teams 1192/2399 matched, players 3390/6777 matched
2026-08-19 18:29:48,737 INFO ncaa_identity: contest_id=882305 teams 2389/2389 matched, players 6302/6703 matched
2026-08-19 18:29:49,687 INFO ncaa_identity: contest_id=882344 teams 2471/2471 matched, players 6637/6963 matched
2026-08-19 18:29:50,721 INFO ncaa_identity: contest_id=882366 teams 2631/2631 matched, players 7135/7462 matched
2026-08-19 18:29:51,639 INFO ncaa_identity: contest_id=882407 teams 2517/2517 matched, players 6636/7109 matched
2026-08-19 18:29:52,552 INFO ncaa_identity: contest_id=882453 teams 2522/2522 matched, players 7044/7120 matched
2026-08-19 18:29:54,366 INFO ncaa_identity: contest_id=882512 teams 2357/2357 matched, players 6382/6633 matched
2026-08-19 18:29:56,198 INFO ncaa_identity: contest_id=882531 teams 1175/2311 matched, players 2973/6487 matched
2026-08-19 18:29:58,052 INFO ncaa_identity: contest_id=882558 teams 2348/2348 matched, players 6431/6625 matched
2026-08-19 18:30:01,007 INFO ncaa_identity: contest_id=882586 teams 2343/2343 matched, players 5747/6603 matched
2026-08-19 18:30:02,091 INFO ncaa_identity: contest_id=882615 teams 1095/2076 matched, players 412/827 matched
2026-08-19 18:30:03,063 INFO ncaa_identity: contest_id=882628 teams 2745/2745 matched, players 7242/7714 matched
2026-08-19 18:30:05,265 INFO ncaa_identity: contest_id=882675 teams 2846/2846 matched, players 7373/8057 matched
2026-08-19 18:30:10,239 INFO ncaa_identity: contest_id=882756 teams 2526/2526 matched, players 6581/7090 matched
2026-08-19 18:30:13,943 INFO ncaa_identity: contest_id=882832 teams 2132/2132 matched, players 5752/6020 matched
2026-08-19 18:30:14,789 INFO ncaa_identity: contest_id=882910 teams 2480/2480 matched, players 6613/7007 matched
2026-08-19 18:30:16,777 INFO ncaa_identity: contest_id=882928 teams 3034/3034 matched, players 8517/8622 matched
2026-08-19 18:30:17,746 INFO ncaa_identity: contest_id=882934 teams 2297/2297 matched, players 6003/6498 matched
2026-08-19 18:30:22,172 INFO ncaa_identity: contest_id=883007 teams 2435/2435 matched, players 6762/6882 matched
2026-08-19 18:30:24,858 INFO ncaa_identity: contest_id=883075 teams 2349/2349 matched, players 6208/6620 matched
2026-08-19 18:30:26,868 INFO ncaa_identity: contest_id=883090 teams 2332/2332 matched, players 5925/6527 matched
2026-08-19 18:30:28,663 INFO ncaa_identity: contest_id=883108 teams 2416/2416 matched, players 6423/6788 matched
2026-08-19 18:30:30,369 INFO ncaa_identity: contest_id=883123 teams 1070/2154 matched, players 3023/6034 matched
2026-08-19 18:30:35,616 INFO ncaa_identity: contest_id=883198 teams 2280/2280 matched, players 6170/6470 matched
2026-08-19 18:30:39,404 INFO ncaa_identity: contest_id=883230 teams 2414/2414 matched, players 6586/6807 matched
2026-08-19 18:30:43,693 INFO ncaa_identity: contest_id=883277 teams 2423/2423 matched, players 6790/6828 matched
2026-08-19 18:30:47,112 INFO ncaa_identity: contest_id=883306 teams 2392/2392 matched, players 6450/6770 matched
2026-08-19 18:30:49,536 INFO ncaa_identity: contest_id=883329 teams 1900/1900 matched, players 4866/5353 matched
2026-08-19 18:30:52,904 INFO ncaa_identity: contest_id=883362 teams 2456/2456 matched, players 6626/6989 matched
2026-08-19 18:30:53,775 INFO ncaa_identity: contest_id=883368 teams 2204/2204 matched, players 5860/6149 matched
2026-08-19 18:30:54,768 INFO ncaa_identity: contest_id=883375 teams 2415/2415 matched, players 6357/6777 matched
2026-08-19 18:30:55,702 INFO ncaa_identity: contest_id=883382 teams 2545/2545 matched, players 6677/7170 matched
2026-08-19 18:30:57,513 INFO ncaa_identity: contest_id=883396 teams 1607/1607 matched, players 310/432 matched
2026-08-19 18:31:01,411 INFO ncaa_identity: contest_id=883432 teams 1364/2659 matched, players 3509/7499 matched
2026-08-19 18:31:02,384 INFO ncaa_identity: contest_id=883438 teams 2834/2834 matched, players 7320/7940 matched
2026-08-19 18:31:05,108 INFO ncaa_identity: contest_id=883460 teams 2532/2532 matched, players 6565/7167 matched
2026-08-19 18:31:09,770 INFO ncaa_identity: contest_id=883507 teams 2234/2234 matched, players 5885/6325 matched
2026-08-19 18:31:11,556 INFO ncaa_identity: contest_id=883524 teams 2535/2535 matched, players 6201/7132 matched
2026-08-19 18:31:13,457 INFO ncaa_identity: contest_id=883560 teams 2143/2143 matched, players 5098/6042 matched
2026-08-19 18:31:14,258 INFO ncaa_identity: contest_id=883567 teams 2334/2334 matched, players 6417/6597 matched
2026-08-19 18:31:16,254 INFO ncaa_identity: contest_id=883594 teams 2608/2608 matched, players 6945/7293 matched
2026-08-19 18:31:18,095 INFO ncaa_identity: contest_id=883633 teams 2539/2539 matched, players 7168/7178 matched
2026-08-19 18:31:18,940 INFO ncaa_identity: contest_id=883641 teams 2245/2245 matched, players 5876/6328 matched
2026-08-19 18:31:21,601 INFO ncaa_identity: contest_id=883671 teams 1973/1973 matched, players 4730/5523 matched
2026-08-19 18:31:22,413 INFO ncaa_identity: contest_id=883696 teams 2223/2223 matched, players 6239/6256 matched
2026-08-19 18:31:23,221 INFO ncaa_identity: contest_id=883705 teams 1159/2423 matched, players 3505/6826 matched
2026-08-19 18:31:26,220 INFO ncaa_identity: contest_id=883741 teams 2363/2363 matched, players 6068/6667 matched
2026-08-19 18:31:27,227 INFO ncaa_identity: contest_id=883749 teams 1468/2898 matched, players 4186/8193 matched
2026-08-19 18:31:31,034 INFO ncaa_identity: contest_id=883832 teams 1989/1989 matched, players 5621/5623 matched
2026-08-19 18:31:31,874 INFO ncaa_identity: contest_id=883843 teams 2103/2103 matched, players 5280/5933 matched
2026-08-19 18:31:36,845 INFO ncaa_identity: contest_id=883910 teams 2872/2872 matched, players 7527/8115 matched
2026-08-19 18:31:37,947 INFO ncaa_identity: contest_id=883922 teams 2741/2741 matched, players 7568/7709 matched
2026-08-19 18:31:38,742 INFO ncaa_identity: contest_id=883935 teams 2006/2006 matched, players 5266/5630 matched
2026-08-19 18:31:40,555 INFO ncaa_identity: contest_id=883953 teams 2366/2366 matched, players 6089/6647 matched
2026-08-19 18:31:45,168 INFO ncaa_identity: contest_id=884009 teams 1191/2372 matched, players 3384/6713 matched
2026-08-19 18:31:47,867 INFO ncaa_identity: contest_id=884046 teams 1113/2287 matched, players 3263/6470 matched
2026-08-19 18:31:48,901 INFO ncaa_identity: contest_id=884053 teams 2523/2523 matched, players 6904/7120 matched
2026-08-19 18:31:50,625 INFO ncaa_identity: contest_id=884069 teams 2249/2249 matched, players 5954/6364 matched
2026-08-19 18:31:51,469 INFO ncaa_identity: contest_id=884092 teams 2358/2358 matched, players 6351/6623 matched
2026-08-19 18:31:52,349 INFO ncaa_identity: contest_id=884110 teams 2989/2989 matched, players 8078/8511 matched
2026-08-19 18:31:53,386 INFO ncaa_identity: contest_id=884123 teams 1439/2748 matched, players 3989/7778 matched
2026-08-19 18:31:54,143 INFO ncaa_identity: contest_id=884168 teams 2002/2002 matched, players 5579/5619 matched
2026-08-19 18:31:55,924 INFO ncaa_identity: contest_id=884196 teams 1978/1978 matched, players 5540/5564 matched
2026-08-19 18:32:00,833 INFO ncaa_identity: contest_id=884312 teams 3291/3291 matched, players 8734/9236 matched
2026-08-19 18:32:02,635 INFO ncaa_identity: contest_id=884363 teams 2345/2345 matched, players 6512/6575 matched
2026-08-19 18:32:03,514 INFO ncaa_identity: contest_id=884382 teams 2380/2380 matched, players 6594/6710 matched
2026-08-19 18:32:04,627 INFO ncaa_identity: contest_id=884421 teams 1209/2342 matched, players 3331/6597 matched
2026-08-19 18:32:10,646 INFO ncaa_identity: contest_id=884541 teams 2662/2662 matched, players 7191/7543 matched
2026-08-19 18:32:15,550 INFO ncaa_identity: contest_id=884623 teams 2693/2693 matched, players 7550/7630 matched
2026-08-19 18:32:16,592 INFO ncaa_identity: contest_id=884643 teams 3205/3205 matched, players 8450/9064 matched
2026-08-19 18:32:22,696 INFO ncaa_identity: contest_id=884790 teams 2282/2282 matched, players 4947/6445 matched
2026-08-19 18:32:23,555 INFO ncaa_identity: contest_id=884811 teams 2369/2369 matched, players 6465/6651 matched
2026-08-19 18:32:24,581 INFO ncaa_identity: contest_id=884828 teams 2506/2506 matched, players 6883/7051 matched
2026-08-19 18:32:29,221 INFO ncaa_identity: contest_id=884944 teams 2763/2763 matched, players 7525/7853 matched
2026-08-19 18:32:31,236 INFO ncaa_identity: contest_id=884992 teams 2767/2767 matched, players 7526/7804 matched
2026-08-19 18:32:33,161 INFO ncaa_identity: contest_id=885031 teams 2408/2408 matched, players 6098/6762 matched
2026-08-19 18:32:43,842 INFO ncaa_identity: contest_id=885242 teams 1252/2437 matched, players 3422/6895 matched
2026-08-19 18:32:44,954 INFO ncaa_identity: contest_id=885250 teams 1115/2264 matched, players 3157/6392 matched
2026-08-19 18:32:46,977 INFO ncaa_identity: contest_id=885270 teams 2764/2764 matched, players 6987/7804 matched
2026-08-19 18:32:47,958 INFO ncaa_identity: contest_id=885287 teams 2469/2469 matched, players 6279/6985 matched
2026-08-19 18:32:48,763 INFO ncaa_identity: contest_id=885301 teams 2350/2350 matched, players 6566/6604 matched
2026-08-19 18:32:49,818 INFO ncaa_identity: contest_id=885329 teams 2226/2226 matched, players 5972/6295 matched
2026-08-19 18:32:52,835 INFO ncaa_identity: contest_id=885431 teams 2114/2114 matched, players 5772/5949 matched
2026-08-19 18:32:53,667 INFO ncaa_identity: contest_id=885444 teams 1142/2271 matched, players 3255/6392 matched
2026-08-19 18:32:55,627 INFO ncaa_identity: contest_id=885497 teams 2262/2262 matched, players 6357/6392 matched
2026-08-19 18:32:57,549 INFO ncaa_identity: contest_id=885543 teams 2033/2033 matched, players 5679/5714 matched
2026-08-19 18:33:00,551 INFO ncaa_identity: contest_id=885593 teams 3397/3397 matched, players 8358/9651 matched
2026-08-19 18:33:01,278 INFO ncaa_identity: contest_id=885602 teams 0/2239 matched, players 0/6340 matched
2026-08-19 18:33:03,120 INFO ncaa_identity: contest_id=885618 teams 2395/2395 matched, players 6329/6748 matched
2026-08-19 18:33:05,226 INFO ncaa_identity: contest_id=885679 teams 2543/2543 matched, players 6698/7171 matched
2026-08-19 18:33:06,172 INFO ncaa_identity: contest_id=885701 teams 2264/2264 matched, players 5851/6408 matched
2026-08-19 18:33:07,792 INFO ncaa_identity: contest_id=885750 teams 3171/3171 matched, players 7994/9014 matched
2026-08-19 18:33:08,721 INFO ncaa_identity: contest_id=885773 teams 2184/2184 matched, players 5734/6147 matched
2026-08-19 18:33:09,550 INFO ncaa_identity: contest_id=885813 teams 2436/2436 matched, players 6621/6881 matched
2026-08-19 18:33:11,276 INFO ncaa_identity: contest_id=885865 teams 2149/2149 matched, players 5477/6036 matched
2026-08-19 18:33:12,091 INFO ncaa_identity: contest_id=885877 teams 2231/2231 matched, players 6220/6247 matched
2026-08-19 18:33:13,038 INFO ncaa_identity: contest_id=885885 teams 2212/2212 matched, players 5820/6269 matched
2026-08-19 18:33:14,805 INFO ncaa_identity: contest_id=885899 teams 2409/2409 matched, players 6582/6820 matched
2026-08-19 18:33:15,672 INFO ncaa_identity: contest_id=885930 teams 2302/2302 matched, players 6281/6431 matched
2026-08-19 18:33:15,775 INFO 5 starters not found for period 4; using estimate
2026-08-19 18:33:15,775 INFO 5 starters not found for period 4; using estimate
2026-08-19 18:33:20,508 INFO ncaa_identity: contest_id=886040 teams 1321/2633 matched, players 3601/7438 matched
2026-08-19 18:33:21,681 INFO ncaa_identity: contest_id=886105 teams 2463/2463 matched, players 6407/6933 matched
2026-08-19 18:33:24,751 INFO ncaa_identity: contest_id=886185 teams 2113/2113 matched, players 5887/5945 matched
2026-08-19 18:33:31,417 INFO ncaa_identity: contest_id=886282 teams 2437/2437 matched, players 6349/6856 matched
2026-08-19 18:33:33,604 INFO ncaa_identity: contest_id=886306 teams 2507/2507 matched, players 6877/7050 matched
2026-08-19 18:33:35,386 INFO ncaa_identity: contest_id=886326 teams 2200/2200 matched, players 5922/6180 matched
2026-08-19 18:33:37,192 INFO ncaa_identity: contest_id=886365 teams 2417/2417 matched, players 6481/6773 matched
2026-08-19 18:33:38,189 INFO ncaa_identity: contest_id=886382 teams 2318/2318 matched, players 6047/6484 matched
2026-08-19 18:33:39,073 INFO ncaa_identity: contest_id=886402 teams 2653/2653 matched, players 7275/7454 matched
2026-08-19 18:33:39,986 INFO ncaa_identity: contest_id=886414 teams 2799/2799 matched, players 7501/7975 matched
2026-08-19 18:33:40,769 INFO ncaa_identity: contest_id=886442 teams 2201/2201 matched, players 6145/6196 matched
2026-08-19 18:33:41,474 INFO ncaa_identity: contest_id=886479 teams 1871/1871 matched, players 5238/5249 matched
2026-08-19 18:33:41,807 WARNING ncaa_parse: family=lineups contest_id=886526 team=Sam Houston SKIPPED (1 parse error(s)): Duplicate players: [[PlayerCodeId(code='TeAustin', id=PlayerId(name='Austin, Terrah'), ncaa_id=None), PlayerCodeId(code='NyCarter', id=PlayerId(name='Carter, Ny...
2026-08-19 18:33:42,307 WARNING ncaa_parse:2026-08-19 18:33:44,961 INFO ncaa_identity: contest_id=886714 teams 2765/2765 matched, players 7596/7866 matched
2026-08-19 18:33:46,941 INFO ncaa_identity: contest_id=886740 teams 2247/2247 matched, players 6324/6329 matched
2026-08-19 18:33:50,897 INFO ncaa_identity: contest_id=886800 teams 2615/2615 matched, players 7340/73782026-08-19 18:33:53,634 INFO ncaa_identity: contest_id=886809 teams 2267/2267 matched, players 5956/6366 matched
2026-08-19 18:33:54,485 INFO ncaa_identity: contest_id=886832 teams 2438/2438 matched, players 6623/6884 matched
2026-08-19 18:33:55,384 INFO ncaa_identity: contest_id=886879 teams 1802/1802 matched, players 4286/5076 matched
2026-08-19 18:34:02,800 INFO ncaa_identity: contest_id=887127 teams 2362/2362 matched, players 6173/6692 matched
2026-08-19 18:34:10,577 INFO ncaa_identity: contest_id=887228 teams 2372/2372 matched, players 6226/6675 matched
2026-08-19 18:34:13,188 INFO ncaa_identity: contest_id=887309 teams 2630/2630 matched, players 7231/7372 matched
2026-08-19 18:34:14,167 INFO ncaa_identity: contest_id=887334 teams 2064/2064 matched, players 4859/5774 matched
2026-08-19 18:34:17,631 INFO ncaa_identity: contest_id=887379 teams 2522/2522 matched, players 6797/7117 matched
2026-08-19 18:34:20,724 INFO ncaa_identity: contest_id=887406 teams 2861/2861 matched, players 7583/8134 matched
2026-08-19 18:34:21,775 INFO ncaa_identity: contest_id=887414 teams 2513/2513 matched, players 6935/7122 matched
2026-08-19 18:34:23,264 INFO ncaa_identity: contest_id=887448 teams 1340/1340 matched, players 349/373 matched
2026-08-19 18:34:24,295 INFO ncaa_identity: contest_id=887459 teams 2265/2265 matched, players 6296/6363 matched
2026-08-19 18:34:25,251 INFO ncaa_identity: contest_id=887468 teams 2691/2691 matched, players 7276/7607 matched
2026-08-19 18:34:26,476 INFO ncaa_identity: contest_id=887479 teams 1441/2880 matched, players 3962/8074 matched
2026-08-19 18:34:30,345 INFO ncaa_identity: contest_id=887612 teams 2537/2537 matched, players 6806/7155 matched
2026-08-19 18:34:35,466 INFO ncaa_identity: contest_id=887697 teams 2209/2209 matched, players 5805/6207 matched
2026-08-19 18:34:40,227 INFO ncaa_identity: contest_id=887774 teams 1588/1588 matched, players 305/421 matched
2026-08-19 18:34:42,649 INFO ncaa_identity: contest_id=887800 teams 2438/2438 matched, players 6482/6877 matched
2026-08-19 18:34:45,144 INFO ncaa_identity: contest_id=887839 teams 2674/2674 matched, players 7190/7589 matched
2026-08-19 18:34:49,778 INFO ncaa_identity: contest_id=887908 teams 2074/2074 matched, players 5665/5864 matched
2026-08-19 18:34:50,926 INFO ncaa_identity: contest_id=887942 teams 2283/2283 matched, players 4951/6408 matched
2026-08-19 18:34:52,285 INFO ncaa_identity: contest_id=887998 teams 1116/2275 matched, players 3234/6412 matched
2026-08-19 18:34:55,024 INFO ncaa_identity: contest_id=888033 teams 2531/2531 matched, players 6505/7118 matched
2026-08-19 18:34:58,102 INFO ncaa_identity: contest_id=888077 teams 2507/2507 matched, players 6563/7104 matched
2026-08-19 18:34:59,595 INFO ncaa_identity: contest_id=888089 teams 2516/2516 matched, players 6449/7117 matched
2026-08-19 18:35:02,392 INFO ncaa_identity: contest_id=888139 teams 2215/2215 matched, players 5715/6256 matched
2026-08-19 18:35:03,966 INFO ncaa_identity: contest_id=888176 teams 2446/2446 matched, players 6778/6885 matched
2026-08-19 18:35:05,596 INFO ncaa_identity: contest_id=888196 teams 2457/2457 matched, players 6642/6957 matched
2026-08-19 18:35:10,235 INFO ncaa_identity: contest_id=888248 teams 3130/3130 matched, players 8135/8854 matched
2026-08-19 18:35:11,595 INFO ncaa_identity: contest_id=888258 teams 2610/2610 matched, players 7348/7370 matched
2026-08-19 18:35:15,036 INFO ncaa_identity: contest_id=888290 teams 2174/2174 matched, players 5709/6093 matched
2026-08-19 18:35:19,093 INFO ncaa_identity: contest_id=888344 teams 2811/2811 matched, players 7419/7877 matched
2026-08-19 18:35:20,736 INFO ncaa_identity: contest_id=888376 teams 2349/2349 matched, players 6302/6545 matched
2026-08-19 18:35:34,280 INFO ncaa_identity: contest_id=888540 teams 2355/2355 matched, players 6175/6547 matched
2026-08-19 18:35:38,287 INFO ncaa_identity: contest_id=888584 teams 2464/2464 matched, players 6471/6964 matched
2026-08-19 18:35:39,473 INFO ncaa_identity: contest_id=888600 teams 2246/2246 matched, players 5752/6316 matched
2026-08-19 18:35:40,653 INFO ncaa_identity: contest_id=888627 teams 1084/2198 matched, players 3074/6179 matched
2026-08-19 18:35:41,799 INFO ncaa_identity: contest_id=888645 teams 2223/2223 matched, players 6191/6277 matched
2026-08-19 18:35:43,186 INFO ncaa_identity: contest_id=888660 teams 2332/2332 matched, players 6090/6579 matched
2026-08-19 18:35:44,319 INFO ncaa_identity: contest_id=888678 teams 2653/2653 matched, players 6855/7535 matched
2026-08-19 18:35:45,495 INFO ncaa_identity: contest_id=888700 teams 1929/1929 matched, players 5048/5404 matched
2026-08-19 18:35:48,589 INFO ncaa_identity: contest_id=888762 teams 2542/2542 matched, players 6851/7224 matched
2026-08-19 18:35:55,599 INFO ncaa_identity: contest_id=888857 teams 2329/2329 matched, players 6202/6554 matched
2026-08-19 18:36:00,272 INFO ncaa_identity: contest_id=888937 teams 0/2301 matched, players 0/6484 matched
2026-08-19 18:36:01,611 INFO ncaa_identity: contest_id=889011 teams 2187/2187 matched, players 5902/6146 matched
2026-08-19 18:36:15,005 INFO ncaa_identity: contest_id=889193 teams 1203/2399 matched, players 3388/6795 matched
2026-08-19 18:36:16,486 INFO ncaa_identity: contest_id=889202 teams 2313/2313 matched, players 5929/6532 matched
2026-08-19 18:36:20,121 INFO ncaa_identity: contest_id=889222 teams 2008/2008 matched, players 5651/5663 matched
2026-08-19 18:36:21,690 INFO ncaa_identity: contest_id=889233 teams 2110/2110 matched, players 4817/5967 matched
2026-08-19 18:36:22,950 INFO ncaa_identity: contest_id=889243 teams 1961/1961 matched, players 5217/5520 matched
2026-08-19 18:36:24,320 INFO ncaa_identity: contest_id=889269 teams 2587/2587 matched, players 6687/7298 matched
2026-08-19 18:36:30,603 INFO ncaa_identity: contest_id=889470 teams 2670/2670 matched, players 7051/7536 matched
2026-08-19 18:36:38,266 INFO ncaa_identity: contest_id=889540 teams 1462/2919 matched, players 3414/8200 matched
2026-08-19 18:36:43,658 INFO ncaa_identity: contest_id=889623 teams 1673/1673 matched, players 3826/4736 matched
2026-08-19 18:36:46,301 INFO ncaa_identity: contest_id=889762 teams 2149/2149 matched, players 5756/6032 matched
2026-08-19 18:36:50,028 INFO ncaa_identity: contest_id=889831 teams 2384/2384 matched, players 6602/6709 matched
2026-08-19 18:36:52,187 INFO ncaa_identity: contest_id=889879 teams 2656/2656 matched, players 7468/7500 matched
2026-08-19 18:36:54,160 INFO ncaa_identity: contest_id=889924 teams 2272/2272 matched, players 5949/6442 matched
2026-08-19 18:36:55,625 WARNING ncaa_parse: family=lineups contest_id=889960 team=Sam Houston SKIPPED (1 parse error(s)): Duplicate players: [[PlayerCodeId(code='TeAustin', id=PlayerId(name='Austin, Terrah'), ncaa_id=None), PlayerCodeId(code='NyCarter', id=PlayerId(name='Carter, Ny...
2026-08-19 18:36:56,180 WARNING ncaa_parse: family=shots contest_id=889960 team=Sam Houston SKIPPED (1 parse error(s)): Duplicate players: [[PlayerCodeId(code='TeAustin', id=PlayerId(name='Austin, Terrah'), ncaa_id=None), PlayerCodeId(code='NyCarter', id=PlayerId(name='Carter, Ny...
2026-08-19 12026-08-19 18:36:56,709 INFO ncaa_identity: contest_id=889958 teams 1249/2481 matched, players 3536/702026-08-19 18:37:01,692 INFO ncaa_identity: contest_id=890022 teams 2188/2188 matched, players 5625/6203 matched
2026-08-19 18:37:04,494 INFO ncaa_identity: contest_id=890129 teams 2272/2272 matched, players 5902/6400 matched
2026-08-19 18:37:05,564 INFO ncaa_identity: contest_id=890142 teams 2273/2273 matched, players 6164/6406 matched
2026-08-19 18:37:07,650 INFO ncaa_identity: contest_id=890191 teams 2505/2505 matched, players 6673/7074 matched
2026-08-19 18:37:27,984 INFO ncaa_identity: contest_id=890523 teams 1263/2633 matched, players 3636/7442 matched
2026-08-19 18:37:31,852 INFO ncaa_identity: contest_id=890591 teams 1882/1882 matched, players 4892/5304 matched
2026-08-19 18:37:33,591 INFO ncaa_identity: contest_id=890597 teams 2986/2986 matched, players 8044/8452 matched
2026-08-19 18:37:40,877 INFO ncaa_identity: contest_id=890639 teams 2457/2457 matched, players 6358/6929 matched
2026-08-19 18:37:46,155 INFO ncaa_identity: contest_id=890689 teams 2456/2456 matched, players 5588/6895 matched
2026-08-19 18:37:49,712 INFO ncaa_identity: contest_id=890707 teams 2431/2431 matched, players 6304/6789 matched
2026-08-19 18:37:53,016 INFO ncaa_identity: contest_id=890816 teams 2557/2557 matched, players 6581/7195 matched
2026-08-19 18:38:00,019 INFO ncaa_identity: contest_id=890949 teams 2234/2234 matched, players 5308/6266 matched
2026-08-19 18:38:03,177 INFO ncaa_identity: contest_id=890994 teams 1978/1978 matched, players 5214/5577 matched
2026-08-19 18:38:06,759 INFO ncaa_identity: contest_id=891033 teams 2204/2204 matched, players 6143/6228 matched
2026-08-19 18:38:09,781 INFO ncaa_identity: contest_id=891066 teams 2392/2392 matched, players 5334/6708 matched
2026-08-19 18:38:19,246 INFO ncaa_identity: contest_id=891138 teams 2445/2445 matched, players 6396/6913 matched
2026-08-19 18:38:22,610 INFO ncaa_identity: contest_id=891203 teams 2615/2615 matched, players 6396/7378 matched
2026-08-19 18:38:27,438 INFO ncaa_identity: contest_id=891272 teams 2097/2097 matched, players 5525/5907 matched
2026-08-19 18:38:32,531 INFO ncaa_identity: contest_id=891416 teams 2503/2503 matched, players 7031/7113 matched
2026-08-19 18:38:33,516 INFO ncaa_identity: contest_id=891458 teams 1887/1887 matched, players 4941/5284 matched
2026-08-19 18:38:39,109 INFO ncaa_identity: contest_id=891530 teams 2701/2701 matched, players 7473/7614 matched
2026-08-19 18:38:46,401 INFO ncaa_identity: contest_id=891601 teams 2171/2171 matched, players 6069/6072 matched
2026-08-19 18:38:48,233 INFO ncaa_identity: contest_id=891609 teams 2655/2655 matched, players 6939/7466 matched
2026-08-19 18:38:54,458 INFO ncaa_identity: contest_id=891681 teams 2542/2542 matched, players 6643/7205 matched
2026-08-19 18:38:57,726 INFO ncaa_identity: contest_id=891698 teams 2385/2385 matched, players 6224/6726 matched
2026-08-19 18:39:02,555 INFO ncaa_identity: contest_id=891723 teams 2667/2667 matched, players 7087/7513 matched
2026-08-19 18:39:08,950 INFO ncaa_identity: contest_id=891764 teams 2082/2082 matched, players 5659/5860 matched
2026-08-19 18:39:13,628 INFO ncaa_identity: contest_id=891811 teams 1252/2475 matched, players 3552/6986 matched
2026-08-19 18:39:17,942 INFO ncaa_identity: contest_id=891935 teams 2681/2681 matched, players 7298/7599 matched
2026-08-19 18:39:21,217 INFO ncaa_identity: contest_id=891953 teams 2349/2349 matched, players 6207/6648 matched
2026-08-19 18:39:24,005 INFO ncaa_identity: contest_id=891985 teams 2385/2385 matched, players 6388/6736 matched
2026-08-19 18:39:28,718 INFO ncaa_identity: contest_id=892042 teams 2095/2095 matched, players 5825/5888 matched
2026-08-19 18:39:31,526 INFO ncaa_identity: contest_id=892056 teams 2182/2182 matched, players 5641/6152 matched
2026-08-19 18:39:42,059 INFO ncaa_identity: contest_id=892121 teams 2673/2673 matched, players 7342/7554 matched
2026-08-19 18:39:44,835 INFO ncaa_identity: contest_id=892180 teams 2266/2266 matched, players 6334/6383 matched
2026-08-19 18:39:47,664 INFO ncaa_identity: contest_id=892230 teams 3005/3005 matched, players 8327/8496 matched
2026-08-19 18:39:53,785 INFO ncaa_identity: contest_id=892293 teams 2183/2183 matched, players 5643/6141 matched
2026-08-19 18:39:59,434 INFO ncaa_identity: contest_id=892350 teams 2307/2307 matched, players 6022/6502 matched
2026-08-19 18:40:00,937 INFO ncaa_identity: contest_id=892356 teams 2414/2414 matched, players 6703/6788 matched
2026-08-19 18:40:03,271 INFO ncaa_identity: contest_id=892383 teams 2249/2249 matched, players 6005/6333 matched
2026-08-19 18:40:04,655 INFO ncaa_identity: contest_id=892390 teams 2200/2200 matched, players 5811/6226 matched
2026-08-19 18:40:06,142 INFO ncaa_identity: contest_id=892401 teams 1419/2784 matched, players 3918/7875 matched
2026-08-19 18:40:07,068 INFO ncaa_identity: contest_id=892420 teams 1879/1879 matched, players 4806/5287 matched
2026-08-19 18:40:10,987 INFO ncaa_identity: contest_id=892460 teams 1993/1993 matched, players 4889/5611 matched
2026-08-19 18:40:12,777 INFO ncaa_identity: contest_id=892514 teams 2446/2446 matched, players 6408/6880 matched
2026-08-19 18:40:14,001 INFO ncaa_identity: contest_id=892520 teams 2326/2326 matched, players 6338/6480 matched
2026-08-19 18:40:14,889 INFO ncaa_identity: contest_id=892526 teams 2184/2184 matched, players 5664/6154 matched
2026-08-19 18:40:15,980 INFO ncaa_identity: contest_id=892533 teams 2250/2250 matched, players 6294/6354 matched
2026-08-19 18:40:16,982 INFO ncaa_identity: contest_id=892541 teams 2851/2851 matched, players 7650/8053 matched
2026-08-19 18:40:18,881 INFO ncaa_identity: contest_id=892558 teams 2414/2414 matched, players 6506/6822 matched
2026-08-19 18:40:19,772 INFO ncaa_identity: contest_id=892565 teams 2474/2474 matched, players 6947/6949 matched
2026-08-19 18:40:23,319 INFO ncaa_identity: contest_id=892599 teams 1597/1597 matched, players 403/422 matched
2026-08-19 18:40:26,292 INFO ncaa_identity: contest_id=892668 teams 1228/2419 matched, players 3520/6870 matched
2026-08-19 18:40:32,048 INFO ncaa_identity: contest_id=892739 teams 2729/2729 matched, players 7653/7744 matched
2026-08-19 18:40:33,854 INFO ncaa_identity: contest_id=892751 teams 2204/2204 matched, players 5757/6207 matched
2026-08-19 18:40:36,844 INFO ncaa_identity: contest_id=892773 teams 2122/2122 matched, players 5498/5973 matched
2026-08-19 18:40:42,091 INFO ncaa_identity: contest_id=892839 teams 2390/2390 matched, players 6493/6715 matched
2026-08-19 18:40:43,536 INFO ncaa_identity: contest_id=892854 teams 2445/2445 matched, players 6516/6873 matched
2026-08-19 18:40:50,227 WARNING ncaa_parse: family=lineups contest_id=892937 team=Sam Houston SKIPPED (1 parse error(s)): Duplicate players: [[PlayerCodeId(code='TeAustin', id=PlayerId(name='Austin, Terrah'), ncaa_id=None), PlayerCodeId(code='NyCarter', id=PlayerId(name='Carter, Ny...
2026-08-19 18:40:50,430 INFO ncaa_identity: contest_id=892937 teams 2720/2720 matched, players 7541/7642 matched
2026-08-19 18:40:53,051 INFO ncaa_identity: contest_id=892958 teams 2644/2644 matched, players 6806/7432 matched
2026-08-19 18:40:53,955 INFO ncaa_identity: contest_id=892966 teams 2234/2234 matched, players 5866/6282 matched
2026-08-19 18:40:55,721 INFO ncaa_identity: contest_id=892985 teams 2014/2014 matched, players 5214/5684 matched
2026-08-19 18:40:56,769 INFO ncaa_identity: contest_id=892992 teams 2666/2666 matched, players 7463/7529 matched
2026-08-19 18:41:00,649 INFO ncaa_identity: contest_id=893043 teams 2423/2423 matched, players 6788/6790 matched
2026-08-19 18:41:01,757 INFO ncaa_identity: contest_id=893058 teams 2877/2877 matched, players 7413/8091 matched
2026-08-19 18:41:05,476 INFO ncaa_identity: contest_id=893094 teams 2194/2194 matched, players 5760/6194 matched
2026-08-19 18:41:08,128 INFO ncaa_identity: contest_id=893112 teams 2383/2383 matched, players 6346/6689 matched
2026-08-19 18:41:09,855 INFO ncaa_identity: contest_id=893124 teams 2405/2405 matched, players 6722/6757 matched
2026-08-19 18:41:11,427 INFO ncaa_identity: contest_id=893136 teams 2352/2352 matched, players 6266/6612 matched
2026-08-19 18:41:15,637 INFO ncaa_identity: contest_id=893160 teams 2395/2395 matched, players 6189/6766 matched
2026-08-19 18:41:19,059 INFO ncaa_identity: contest_id=893180 teams 2520/2520 matched, players 7083/7109 matched
2026-08-19 18:41:20,803 INFO ncaa_identity: contest_id=893202 teams 2131/2131 matched, players 5457/5988 matched
2026-08-19 18:41:25,469 INFO ncaa_identity: contest_id=893263 teams 2441/2441 matched, players 6656/6831 matched
2026-08-19 18:41:26,292 INFO ncaa_identity: contest_id=893276 teams 2085/2085 matched, players 5403/5845 matched
2026-08-19 18:41:27,270 INFO ncaa_identity: contest_id=893292 teams 2173/2173 matched, players 6030/6060 matched
2026-08-19 18:41:30,029 INFO ncaa_identity: contest_id=893328 teams 2707/2707 matched, players 7369/7671 matched
2026-08-19 18:41:32,675 INFO ncaa_identity: contest_id=893346 teams 2183/2183 matched, players 6097/6099 matched
2026-08-19 18:41:34,773 INFO ncaa_identity: contest_id=893358 teams 2161/2161 matched, players 6035/6076 matched
2026-08-19 18:41:35,669 INFO ncaa_identity: contest_id=893365 teams 2156/2156 matched, players 6040/6073 matched
2026-08-19 18:41:43,464 INFO ncaa_identity: contest_id=893419 teams 2338/2338 matched, players 6546/6630 matched
2026-08-19 18:41:48,621 INFO ncaa_identity: contest_id=893462 teams 2575/2575 matched, players 6861/7267 matched
2026-08-19 18:41:49,465 INFO ncaa_identity: contest_id=893468 teams 2256/2256 matched, players 5774/6385 matched
parsed=907 failed=0
9 matched, players 2894/5689 matched
2026-08-19 18:41:36,751 INFO ncaa_identity: contest_id=893341 teams 2649/2649 matched, players 7114/7474 matched
2026-08-19 18:41:39,075 INFO ncaa_identity: contest_id=893353 teams 2474/2474 matched, players 6890/7024 matched
2026-08-19 18:41:40,203 INFO ncaa_identity: contest_id=893359 teams 3123/3123 matc2026-08-19 18:41:40,917 INFO nca2026-08-19 18:41:42,173 INFO ncaa_identity: contest_id=893376 teams 2654/2654 matched, players 6673/7513 matched
2026-08-19 18:41:43,115 INFO ncaa_identity: contest_id=893382 teams 2739/2739 matc2026-08-19 18:41:44,365 INFO nca2026-08-19 18:41:47,486 IN2026-08-19 18:41:49,046 INFO ncaa_identity: contest_id=893470 teams 2084/2084 matched, p2026-08-19 18:41:51,606 INFO ncaa_identity: contest_id=893448 teams 2224/2224 matched, players 5998/6286 matched
2026-08-19 18:41:52,626 INFO ncaa_identity: contest_id=893456 teams 2068/2068 matched, players 5342/5796 matched
parsed=906 failed=0
3/2673 matched, players 7336/7572 matched
parsed=907 failed=0
y: contest_id=893398 teams 2522/2522 matched, players 6935/7111 matched
2026-08-19 18:41:46,459 INFO ncaa_identity: contest_id=893410 teams 2142/2142 matched, players 5676/6016 matched
2026-08-19 18:41:49,218 INFO ncaa_identity: contest_id=893428 teams 2272/2272 matched, players 6375/6427 matched
2026-08-19 18:41:50,828 INFO ncaa_identity: contest_id=893440 teams 2644/2644 matched, players 6823/7502 matched
2026-08-19 18:41:52,667 INFO ncaa_identity: contest_id=893459 teams 2301/2301 matched, players 6102/6524 matched
parsed=907 failed=0
EXIT=0
