2026-08-18 09:17:41,861 INFO vendor decodo_patchright: 64 prox(y/ies), sticky session re-minted -> session-cap1787059061w0
2026-08-18 09:17:58,501 INFO ESPN crosswalk joined: 345/345 teams matched (season=2010)
2026-08-18 09:17:58,516 INFO team_id=52488 (A&M-Corpus Christi): 14 players
2026-08-18 09:18:09,490 INFO team_id=52439 (Air Force): 16 players
2026-08-18 09:18:20,406 INFO team_id=52147 (Akron): 12 players
2026-08-18 09:18:31,322 INFO team_id=52150 (Alabama): 14 players
2026-08-18 09:18:41,981 INFO team_id=52148 (Alabama A&M): 13 players
2026-08-18 09:18:53,186 INFO team_id=52149 (Alabama St.): 17 players
2026-08-18 09:19:04,084 INFO team_id=52152 (Albany (NY)): 13 players
2026-08-18 09:19:14,943 INFO team_id=52153 (Alcorn): 12 players
2026-08-18 09:19:58,781 INFO team_id=52154 (American): 11 players
2026-08-18 09:20:08,292 INFO team_id=52155 (App State): 12 players
2026-08-18 09:20:17,524 INFO team_id=52157 (Arizona): 10 players
2026-08-18 09:20:26,840 INFO team_id=52156 (Arizona St.): 15 players
2026-08-18 09:20:36,228 INFO team_id=52480 (Ark.-Pine Bluff): 17 players
2026-08-18 09:20:45,894 INFO team_id=52159 (Arkansas): 15 players
2026-08-18 09:20:55,200 INFO team_id=52158 (Arkansas St.): 14 players
2026-08-18 09:21:04,690 INFO team_id=52440 (Army West Point): 16 players
2026-08-18 09:21:14,592 INFO team_id=52161 (Auburn): 11 players
2026-08-18 09:21:24,196 INFO team_id=52162 (Austin Peay): 16 players
2026-08-18 09:21:33,781 INFO team_id=52173 (BYU): 16 players
2026-08-18 09:21:43,365 INFO team_id=52163 (Ball St.): 13 players
2026-08-18 09:21:52,943 INFO team_id=52165 (Baylor): 14 players
2026-08-18 09:22:02,823 INFO team_id=52486 (Belmont): 15 players
2026-08-18 09:22:12,543 INFO team_id=52166 (Bethune-Cookman): 14 players
2026-08-18 09:22:22,162 INFO team_id=52167 (Binghamton): 12 players
2026-08-18 09:22:31,445 INFO team_id=52168 (Boise St.): 13 players
2026-08-18 09:22:40,841 INFO team_id=52169 (Boston College): 10 players
2026-08-18 09:22:50,278 INFO team_id=52170 (Boston U.): 13 players
2026-08-18 09:22:59,608 INFO team_id=52171 (Bowling Green): 16 players
2026-08-18 09:23:08,942 INFO team_id=52172 (Bradley): 14 players
2026-08-18 09:23:18,424 INFO team_id=52174 (Brown): 14 players
2026-08-18 09:23:27,967 INFO team_id=52175 (Bryant): 14 players
2026-08-18 09:23:37,861 INFO team_id=52176 (Bucknell): 13 players
2026-08-18 09:23:47,409 INFO team_id=52177 (Buffalo): 15 players
2026-08-18 09:23:56,761 INFO team_id=52178 (Butler): 15 players
2026-08-18 09:24:06,168 INFO team_id=52180 (CSU Bakersfield): 14 players
2026-08-18 09:24:15,851 INFO team_id=52184 (CSUN): 16 players
2026-08-18 09:24:25,743 INFO team_id=52179 (Cal Poly): 18 players
2026-08-18 09:24:35,517 INFO team_id=52182 (Cal St. Fullerton): 17 players
2026-08-18 09:24:45,176 INFO team_id=52187 (California): 11 players
2026-08-18 09:24:54,796 INFO team_id=52192 (Campbell): 13 players
2026-08-18 09:25:04,294 INFO team_id=52193 (Canisius): 13 players
2026-08-18 09:25:13,655 INFO team_id=52194 (Centenary (LA)): 14 players
2026-08-18 09:25:23,160 INFO team_id=52473 (Central Ark.): 12 players
2026-08-18 09:25:32,591 INFO team_id=52195 (Central Conn. St.): 12 players
2026-08-18 09:25:41,954 INFO team_id=52197 (Central Mich.): 15 players
2026-08-18 09:25:51,518 INFO team_id=52164 (Charleston So.): 15 players
2026-08-18 09:26:01,159 INFO team_id=52320 (Charlotte): 14 players
2026-08-18 09:26:10,636 INFO team_id=52423 (Chattanooga): 14 players
2026-08-18 09:26:20,309 INFO team_id=52198 (Chicago St.): 14 players
2026-08-18 09:26:29,703 INFO team_id=52199 (Cincinnati): 12 players
2026-08-18 09:26:39,207 INFO team_id=52200 (Clemson): 15 players
2026-08-18 09:26:48,485 INFO team_id=52201 (Cleveland St.): 11 players
2026-08-18 09:26:57,695 INFO team_id=52202 (Coastal Carolina): 12 players
2026-08-18 09:27:06,993 INFO team_id=52474 (Col. of Charleston): 16 players
2026-08-18 09:27:16,766 INFO team_id=52203 (Colgate): 14 players
2026-08-18 09:27:26,368 INFO team_id=52205 (Colorado): 14 players
2026-08-18 09:27:36,539 INFO team_id=52204 (Colorado St.): 11 players
2026-08-18 09:27:45,858 INFO team_id=52206 (Columbia): 15 players
2026-08-18 09:27:55,157 INFO team_id=52208 (Coppin St.): 15 players
2026-08-18 09:28:04,979 INFO team_id=52209 (Cornell): 13 players
2026-08-18 09:28:14,326 INFO team_id=52210 (Creighton): 10 players
2026-08-18 09:28:24,101 INFO team_id=52211 (Dartmouth): 13 players
2026-08-18 09:28:33,319 INFO team_id=52212 (Davidson): 14 players
2026-08-18 09:28:42,645 INFO team_id=52213 (Dayton): 15 players
2026-08-18 09:28:51,825 INFO team_id=52214 (DePaul): 14 players
2026-08-18 09:29:01,287 INFO team_id=52216 (Delaware): 15 players
2026-08-18 09:29:10,645 INFO team_id=52215 (Delaware St.): 14 players
2026-08-18 09:29:19,955 INFO team_id=52217 (Denver): 11 players
2026-08-18 09:29:29,377 INFO team_id=52218 (Detroit Mercy): 14 players
2026-08-18 09:29:38,598 INFO team_id=52219 (Drake): 13 players
2026-08-18 09:29:48,008 INFO team_id=52220 (Drexel): 13 players
2026-08-18 09:29:57,289 INFO team_id=52221 (Duke): 12 players
2026-08-18 09:30:06,582 INFO team_id=52222 (Duquesne): 14 players
2026-08-18 09:30:47,372 INFO team_id=52224 (ETSU): 15 players
2026-08-18 09:30:57,961 INFO team_id=52223 (East Carolina): 13 players
2026-08-18 09:31:08,542 INFO team_id=52225 (Eastern Ill.): 13 players
2026-08-18 09:31:19,039 INFO team_id=52226 (Eastern Ky.): 15 players
2026-08-18 09:31:29,661 INFO team_id=52227 (Eastern Mich.): 16 players
2026-08-18 09:31:40,067 INFO team_id=52228 (Eastern Wash.): 12 players
2026-08-18 09:31:50,502 INFO team_id=52475 (Elon): 17 players
2026-08-18 09:32:01,258 INFO team_id=52229 (Evansville): 13 players
2026-08-18 09:32:11,344 INFO team_id=52490 (FGCU): 13 players
2026-08-18 09:32:21,609 INFO team_id=52234 (FIU): 15 players
2026-08-18 09:32:31,836 INFO team_id=52230 (Fairfield): 13 players
2026-08-18 09:32:41,952 INFO team_id=52231 (Fairleigh Dickinson): 14 players
2026-08-18 09:32:52,406 INFO team_id=52233 (Fla. Atlantic): 13 players
2026-08-18 09:33:03,156 INFO team_id=52236 (Florida): 14 players
2026-08-18 09:33:13,617 INFO team_id=52232 (Florida A&M): 14 players
2026-08-18 09:33:24,228 INFO team_id=52235 (Florida St.): 11 players
2026-08-18 09:33:34,628 INFO team_id=52237 (Fordham): 14 players
2026-08-18 09:33:45,004 INFO team_id=52181 (Fresno St.): 14 players
2026-08-18 09:33:55,190 INFO team_id=52238 (Furman): 14 players
2026-08-18 09:34:05,645 INFO team_id=52242 (Ga. Southern): 17 players
2026-08-18 09:34:16,268 INFO team_id=52476 (Gardner-Webb): 15 players
2026-08-18 09:34:26,702 INFO team_id=52239 (George Mason): 12 players
2026-08-18 09:34:36,952 INFO team_id=52240 (George Washington): 11 players
2026-08-18 09:34:47,349 INFO team_id=52241 (Georgetown): 15 players
2026-08-18 09:34:57,625 INFO team_id=52245 (Georgia): 13 players
2026-08-18 09:35:08,388 INFO team_id=52243 (Georgia St.): 12 players
2026-08-18 09:35:18,779 INFO team_id=52244 (Georgia Tech): 14 players
2026-08-18 09:35:29,563 INFO team_id=52246 (Gonzaga): 15 players
2026-08-18 09:35:40,933 INFO team_id=52247 (Grambling): 14 players
2026-08-18 09:35:52,663 INFO team_id=52465 (Green Bay): 14 players
2026-08-18 09:36:02,801 INFO team_id=52248 (Hampton): 17 players
2026-08-18 09:36:13,214 INFO team_id=52249 (Hartford): 14 players
2026-08-18 09:36:23,653 INFO team_id=52250 (Harvard): 12 players
2026-08-18 09:36:33,978 INFO team_id=52251 (Hawaii): 14 players
2026-08-18 09:36:44,060 INFO team_id=52487 (High Point): 13 players
2026-08-18 09:36:54,860 INFO team_id=52252 (Hofstra): 11 players
2026-08-18 09:37:05,321 INFO team_id=52253 (Holy Cross): 12 players
2026-08-18 09:37:15,729 INFO team_id=52255 (Houston): 12 players
2026-08-18 09:37:26,218 INFO team_id=52254 (Houston Baptist): 15 players
2026-08-18 09:37:36,840 INFO team_id=52256 (Howard): 17 players
2026-08-18 09:37:47,352 INFO team_id=52481 (IUPUI): 13 players
2026-08-18 09:37:58,009 INFO team_id=52258 (Idaho): 14 players
2026-08-18 09:38:08,805 INFO team_id=52257 (Idaho St.): 15 players
2026-08-18 09:38:18,976 INFO team_id=52260 (Illinois): 14 players
2026-08-18 09:38:29,276 INFO team_id=52259 (Illinois St.): 13 players
2026-08-18 09:38:39,928 INFO team_id=52263 (Indiana): 12 players
2026-08-18 09:38:50,456 INFO team_id=52262 (Indiana St.): 15 players
2026-08-18 09:39:00,955 INFO team_id=52265 (Iona): 17 players
2026-08-18 09:39:11,339 INFO team_id=52267 (Iowa): 14 players
2026-08-18 09:39:21,497 INFO team_id=52266 (Iowa St.): 12 players
2026-08-18 09:39:31,994 INFO team_id=52268 (Jackson St.): 19 players
2026-08-18 09:39:41,994 INFO team_id=52270 (Jacksonville): 14 players
2026-08-18 09:39:52,389 INFO team_id=52269 (Jacksonville St.): 14 players
2026-08-18 09:40:03,061 INFO team_id=52271 (James Madison): 13 players
2026-08-18 09:40:13,342 INFO team_id=52273 (Kansas): 15 players
2026-08-18 09:40:23,827 INFO team_id=52482 (Kansas City): 12 players
2026-08-18 09:40:34,351 INFO team_id=52272 (Kansas St.): 10 players
2026-08-18 09:40:44,867 INFO team_id=52477 (Kennesaw St.): 14 players
2026-08-18 09:40:55,412 INFO team_id=52274 (Kent St.): 12 players
2026-08-18 09:41:05,734 INFO team_id=52275 (Kentucky): 12 players
2026-08-18 09:41:16,078 INFO team_id=52281 (LIU): 13 players
2026-08-18 09:41:26,504 INFO team_id=52287 (LMU (CA)): 14 players
2026-08-18 09:41:36,662 INFO team_id=52283 (LSU): 14 players
2026-08-18 09:41:46,876 INFO team_id=52276 (La Salle): 15 players
2026-08-18 09:41:57,153 INFO team_id=52277 (Lafayette): 13 players
2026-08-18 09:43:08,354 INFO team_id=52278 (Lamar University): 15 players
2026-08-18 09:43:18,521 INFO team_id=52279 (Lehigh): 15 players
2026-08-18 09:43:28,583 INFO team_id=52280 (Liberty): 12 players
2026-08-18 09:43:38,738 INFO team_id=52489 (Lipscomb): 14 players
2026-08-18 09:43:48,701 INFO team_id=52160 (Little Rock): 13 players
2026-08-18 09:43:58,746 INFO team_id=52183 (Long Beach St.): 15 players
2026-08-18 09:44:08,759 INFO team_id=52282 (Longwood): 12 players
2026-08-18 09:44:19,096 INFO team_id=52414 (Louisiana): 17 players
2026-08-18 09:44:29,130 INFO team_id=52284 (Louisiana Tech): 11 players
2026-08-18 09:44:40,304 INFO team_id=52285 (Louisville): 15 players
2026-08-18 09:44:50,721 INFO team_id=52288 (Loyola Chicago): 16 players
2026-08-18 09:45:01,036 INFO team_id=52286 (Loyola Maryland): 12 players
2026-08-18 09:45:11,503 INFO team_id=52289 (Maine): 13 players
2026-08-18 09:45:21,865 INFO team_id=52290 (Manhattan): 13 players
2026-08-18 09:45:34,896 INFO team_id=52291 (Marist): 14 players
2026-08-18 09:45:45,708 INFO team_id=52292 (Marquette): 11 players
2026-08-18 09:45:56,271 INFO team_id=52293 (Marshall): 17 players
2026-08-18 09:46:06,743 INFO team_id=52295 (Maryland): 11 players
2026-08-18 09:46:17,094 INFO team_id=52297 (Massachusetts): 11 players
2026-08-18 09:46:27,365 INFO team_id=52298 (McNeese): 14 players
2026-08-18 09:46:37,704 INFO team_id=52299 (Memphis): 15 players
2026-08-18 09:46:48,099 INFO team_id=52300 (Mercer): 16 players
2026-08-18 09:46:58,334 INFO team_id=52302 (Miami (FL)): 12 players
2026-08-18 09:47:08,654 INFO team_id=52301 (Miami (OH)): 12 players
2026-08-18 09:47:18,953 INFO team_id=52304 (Michigan): 13 players
2026-08-18 09:47:29,350 INFO team_id=52303 (Michigan St.): 16 players
2026-08-18 09:47:39,588 INFO team_id=52305 (Middle Tenn.): 15 players
2026-08-18 09:47:50,023 INFO team_id=52467 (Milwaukee): 14 players
2026-08-18 09:48:01,928 INFO team_id=52306 (Minnesota): 14 players
2026-08-18 09:48:12,159 INFO team_id=52307 (Mississippi St.): 13 players
2026-08-18 09:48:22,420 INFO team_id=52308 (Mississippi Val.): 14 players
2026-08-18 09:48:32,730 INFO team_id=52310 (Missouri): 14 players
2026-08-18 09:48:43,157 INFO team_id=52412 (Missouri St.): 13 players
2026-08-18 09:48:53,585 INFO team_id=52311 (Monmouth): 15 players
2026-08-18 09:49:03,946 INFO team_id=52313 (Montana): 14 players
2026-08-18 09:49:14,643 INFO team_id=52312 (Montana St.): 13 players
2026-08-18 09:49:30,988 INFO team_id=52314 (Morehead St.): 12 players
2026-08-18 09:49:48,424 INFO team_id=52315 (Morgan St.): 18 players
2026-08-18 09:50:18,845 INFO team_id=52316 (Mount St. Mary's): 11 players
2026-08-18 09:50:29,196 INFO team_id=52317 (Murray St.): 15 players
2026-08-18 09:50:39,508 INFO team_id=52334 (N.C. A&T): 13 players
2026-08-18 09:50:49,766 INFO team_id=52335 (N.C. Central): 14 players
2026-08-18 09:51:00,101 INFO team_id=52336 (NC State): 14 players
2026-08-18 09:51:10,414 INFO team_id=52327 (NJIT): 12 players
2026-08-18 09:51:20,741 INFO team_id=52441 (Navy): 16 players
2026-08-18 09:51:31,075 INFO team_id=52323 (Nebraska): 15 players
2026-08-18 09:51:41,425 INFO team_id=52325 (Nevada): 15 players
2026-08-18 09:51:51,734 INFO team_id=52326 (New Hampshire): 15 players
2026-08-18 09:52:02,059 INFO team_id=52329 (New Mexico): 15 players
2026-08-18 09:52:12,364 INFO team_id=52328 (New Mexico St.): 15 players
2026-08-18 09:52:22,658 INFO team_id=52330 (New Orleans): 14 players
2026-08-18 09:52:32,951 INFO team_id=52331 (Niagara): 12 players
2026-08-18 09:52:43,195 INFO team_id=52332 (Nicholls): 12 players
2026-08-18 09:52:53,454 INFO team_id=52333 (Norfolk St.): 12 players
2026-08-18 09:53:03,838 INFO team_id=52319 (North Carolina): 15 players
2026-08-18 09:53:14,099 INFO team_id=52338 (North Dakota): 16 players
2026-08-18 09:53:24,365 INFO team_id=52337 (North Dakota St.): 14 players
2026-08-18 09:53:34,614 INFO team_id=52483 (North Florida): 14 players
2026-08-18 09:53:44,796 INFO team_id=52339 (North Texas): 11 players
2026-08-18 09:53:55,006 INFO team_id=52341 (Northeastern): 14 players
2026-08-18 09:54:05,203 INFO team_id=52342 (Northern Ariz.): 15 players
2026-08-18 09:54:15,507 INFO team_id=52343 (Northern Colo.): 13 players
2026-08-18 09:54:58,488 INFO team_id=52344 (Northern Ill.): 11 players
2026-08-18 09:55:08,345 INFO team_id=52347 (Northwestern): 14 players
2026-08-18 09:55:18,318 INFO team_id=52346 (Northwestern St.): 13 players
2026-08-18 09:55:28,263 INFO team_id=52348 (Notre Dame): 14 players
2026-08-18 09:55:38,136 INFO team_id=52349 (Oakland): 15 players
2026-08-18 09:55:48,089 INFO team_id=52351 (Ohio): 14 players
2026-08-18 09:55:58,141 INFO team_id=52350 (Ohio St.): 14 players
2026-08-18 09:56:07,931 INFO team_id=52353 (Oklahoma): 11 players
2026-08-18 09:56:18,336 INFO team_id=52352 (Oklahoma St.): 14 players
2026-08-18 09:56:28,380 INFO team_id=52354 (Old Dominion): 14 players
2026-08-18 09:56:38,107 INFO team_id=52309 (Ole Miss): 13 players
2026-08-18 09:56:47,981 INFO team_id=52355 (Oral Roberts): 15 players
2026-08-18 09:56:57,891 INFO team_id=52357 (Oregon): 14 players
2026-08-18 09:57:07,664 INFO team_id=52356 (Oregon St.): 14 players
2026-08-18 09:57:17,595 INFO team_id=52358 (Pacific): 13 players
2026-08-18 09:57:27,502 INFO team_id=52361 (Penn): 18 players
2026-08-18 09:57:37,423 INFO team_id=52360 (Penn St.): 14 players
2026-08-18 09:57:47,213 INFO team_id=52362 (Pepperdine): 14 players
2026-08-18 09:57:56,936 INFO team_id=52363 (Pittsburgh): 12 players
2026-08-18 09:58:06,746 INFO team_id=52365 (Portland): 11 players
2026-08-18 09:58:16,510 INFO team_id=52364 (Portland St.): 13 players
2026-08-18 09:58:26,305 INFO team_id=52366 (Prairie View): 16 players
2026-08-18 09:58:36,343 INFO team_id=52478 (Presbyterian): 13 players
2026-08-18 09:58:46,359 INFO team_id=52367 (Princeton): 12 players
2026-08-18 09:58:56,348 INFO team_id=52368 (Providence): 13 players
2026-08-18 09:59:06,105 INFO team_id=52369 (Purdue): 13 players
2026-08-18 09:59:15,893 INFO team_id=52264 (Purdue Fort Wayne): 14 players
2026-08-18 09:59:25,988 INFO team_id=52370 (Quinnipiac): 17 players
2026-08-18 09:59:36,024 INFO team_id=52371 (Radford): 13 players
2026-08-18 09:59:45,995 INFO team_id=52372 (Rhode Island): 13 players
2026-08-18 09:59:55,803 INFO team_id=52373 (Rice): 14 players
2026-08-18 10:00:05,640 INFO team_id=52374 (Richmond): 12 players
2026-08-18 10:00:15,705 INFO team_id=52375 (Rider): 14 players
2026-08-18 10:00:25,767 INFO team_id=52376 (Robert Morris): 12 players
2026-08-18 10:00:36,087 INFO team_id=52377 (Rutgers): 10 players
2026-08-18 10:00:46,214 INFO team_id=52416 (SFA): 13 players
2026-08-18 10:00:55,932 INFO team_id=52407 (SIUE): 12 players
2026-08-18 10:01:05,831 INFO team_id=52408 (SMU): 14 players
2026-08-18 10:01:15,834 INFO team_id=52185 (Sacramento St.): 15 players
2026-08-18 10:01:25,844 INFO team_id=52378 (Sacred Heart): 14 players
2026-08-18 10:01:35,773 INFO team_id=52381 (Saint Francis (PA)): 14 players
2026-08-18 10:01:45,708 INFO team_id=52383 (Saint Joseph's): 12 players
2026-08-18 10:01:55,773 INFO team_id=52384 (Saint Louis): 13 players
2026-08-18 10:02:05,852 INFO team_id=52385 (Saint Mary's (CA)): 16 players
2026-08-18 10:02:15,774 INFO team_id=52386 (Saint Peter's): 13 players
2026-08-18 10:02:25,606 INFO team_id=52387 (Sam Houston): 13 players
2026-08-18 10:02:36,319 INFO team_id=52388 (Samford): 12 players
2026-08-18 10:02:46,109 INFO team_id=52390 (San Diego): 12 players
2026-08-18 10:02:56,144 INFO team_id=52389 (San Diego St.): 15 players
2026-08-18 10:03:06,002 INFO team_id=52391 (San Francisco): 12 players
2026-08-18 10:03:15,897 INFO team_id=52392 (San Jose St.): 17 players
2026-08-18 10:03:25,748 INFO team_id=52393 (Santa Clara): 16 players
2026-08-18 10:03:35,708 INFO team_id=52394 (Savannah St.): 16 players
2026-08-18 10:03:46,076 INFO team_id=52479 (Seattle U): 17 players
2026-08-18 10:03:55,847 INFO team_id=52395 (Seton Hall): 11 players
2026-08-18 10:04:05,803 INFO team_id=52396 (Siena): 13 players
2026-08-18 10:04:15,623 INFO team_id=52397 (South Alabama): 13 players
2026-08-18 10:04:25,440 INFO team_id=52399 (South Carolina): 11 players
2026-08-18 10:04:35,449 INFO team_id=52398 (South Carolina St.): 15 players
2026-08-18 10:04:45,363 INFO team_id=52401 (South Dakota): 15 players
2026-08-18 10:04:55,153 INFO team_id=52400 (South Dakota St.): 15 players
2026-08-18 10:05:05,058 INFO team_id=52402 (South Fla.): 15 players
2026-08-18 10:05:14,866 INFO team_id=52403 (Southeast Mo. St.): 13 players
2026-08-18 10:05:24,770 INFO team_id=52404 (Southeastern La.): 15 players
2026-08-18 10:05:34,799 INFO team_id=52405 (Southern California): 14 players
2026-08-18 10:05:44,867 INFO team_id=52406 (Southern Ill.): 14 players
2026-08-18 10:05:54,973 INFO team_id=52409 (Southern Miss.): 12 players
2026-08-18 10:06:04,952 INFO team_id=52410 (Southern U.): 15 players
2026-08-18 10:06:14,848 INFO team_id=52411 (Southern Utah): 12 players
2026-08-18 10:06:56,523 INFO team_id=52379 (St. Bonaventure): 14 players
2026-08-18 10:07:06,273 INFO team_id=52380 (St. Francis Brooklyn): 13 players
2026-08-18 10:07:16,101 INFO team_id=52382 (St. John's (NY)): 13 players
2026-08-18 10:07:25,960 INFO team_id=52415 (Stanford): 15 players
2026-08-18 10:07:35,689 INFO team_id=52417 (Stetson): 13 players
2026-08-18 10:07:45,358 INFO team_id=52418 (Stony Brook): 13 players
2026-08-18 10:07:55,387 INFO team_id=52419 (Syracuse): 16 players
2026-08-18 10:08:05,440 INFO team_id=52427 (TCU): 12 players
2026-08-18 10:08:15,429 INFO team_id=52420 (Temple): 13 players
2026-08-18 10:08:25,588 INFO team_id=52424 (Tennessee): 13 players
2026-08-18 10:08:35,688 INFO team_id=52421 (Tennessee St.): 13 players
2026-08-18 10:08:45,514 INFO team_id=52422 (Tennessee Tech): 11 players
2026-08-18 10:08:55,519 INFO team_id=52431 (Texas): 10 players
2026-08-18 10:09:05,579 INFO team_id=52426 (Texas A&M): 16 players
2026-08-18 10:09:15,493 INFO team_id=52428 (Texas Southern): 14 players
2026-08-18 10:09:25,394 INFO team_id=52413 (Texas St.): 17 players
2026-08-18 10:09:35,407 INFO team_id=52429 (Texas Tech): 15 players
2026-08-18 10:09:45,318 INFO team_id=52434 (Toledo): 18 players
2026-08-18 10:09:55,313 INFO team_id=52435 (Towson): 15 players
2026-08-18 10:10:05,451 INFO team_id=52436 (Troy): 12 players
2026-08-18 10:10:15,498 INFO team_id=52437 (Tulane): 12 players
2026-08-18 10:10:25,595 INFO team_id=52438 (Tulsa): 14 players
2026-08-18 10:10:35,576 INFO team_id=52151 (UAB): 16 players
2026-08-18 10:10:45,826 INFO team_id=52188 (UC Davis): 14 players
2026-08-18 10:10:55,643 INFO team_id=52189 (UC Irvine): 13 players
2026-08-18 10:11:05,390 INFO team_id=52191 (UC Riverside): 16 players
2026-08-18 10:11:15,224 INFO team_id=52186 (UC Santa Barbara): 15 players
2026-08-18 10:11:25,100 INFO team_id=52196 (UCF): 12 players
2026-08-18 10:11:34,905 INFO team_id=52190 (UCLA): 13 players
2026-08-18 10:11:44,603 INFO team_id=52207 (UConn): 11 players
2026-08-18 10:11:54,325 INFO team_id=52261 (UIC): 13 players
2026-08-18 10:12:04,112 INFO team_id=52340 (ULM): 15 players
2026-08-18 10:12:13,898 INFO team_id=52294 (UMBC): 11 players
2026-08-18 10:12:23,693 INFO team_id=52296 (UMES): 17 players
2026-08-18 10:12:33,492 INFO team_id=52318 (UNC Asheville): 14 players
2026-08-18 10:12:43,321 INFO team_id=52321 (UNC Greensboro): 15 players
2026-08-18 10:12:53,274 INFO team_id=52322 (UNCW): 16 players
2026-08-18 10:13:02,998 INFO team_id=52345 (UNI): 22 players
2026-08-18 10:13:13,135 INFO team_id=52324 (UNLV): 14 players
2026-08-18 10:13:23,085 INFO team_id=52485 (USC Upstate): 12 players
2026-08-18 10:13:33,340 INFO team_id=52430 (UT Arlington): 12 players
2026-08-18 10:13:43,303 INFO team_id=52425 (UT Martin): 14 players
2026-08-18 10:13:53,305 INFO team_id=52432 (UTEP): 16 players
2026-08-18 10:14:03,162 INFO team_id=52359 (UTRGV): 12 players
2026-08-18 10:14:13,334 INFO team_id=52433 (UTSA): 14 players
2026-08-18 10:14:23,374 INFO team_id=52443 (Utah): 14 players
2026-08-18 10:14:33,564 INFO team_id=52442 (Utah St.): 15 players
2026-08-18 10:14:43,595 INFO team_id=52491 (Utah Valley): 13 players
2026-08-18 10:14:53,736 INFO team_id=52448 (VCU): 13 players
2026-08-18 10:15:03,645 INFO team_id=52444 (Valparaiso): 13 players
2026-08-18 10:15:13,715 INFO team_id=52445 (Vanderbilt): 13 players
2026-08-18 10:15:23,824 INFO team_id=52446 (Vermont): 14 players
2026-08-18 10:15:33,758 INFO team_id=52447 (Villanova): 14 players
2026-08-18 10:15:43,827 INFO team_id=52450 (Virginia): 12 players
2026-08-18 10:15:53,829 INFO team_id=52449 (Virginia Tech): 13 players
2026-08-18 10:16:03,707 INFO team_id=52451 (Wagner): 14 players
2026-08-18 10:16:13,391 INFO team_id=52452 (Wake Forest): 15 players
2026-08-18 10:16:23,245 INFO team_id=52454 (Washington): 14 players
2026-08-18 10:16:32,933 INFO team_id=52453 (Washington St.): 13 players
2026-08-18 10:16:42,889 INFO team_id=52455 (Weber St.): 14 players
2026-08-18 10:16:52,769 INFO team_id=52456 (West Virginia): 12 players
2026-08-18 10:17:02,597 INFO team_id=52457 (Western Caro.): 13 players
2026-08-18 10:17:12,339 INFO team_id=52458 (Western Ill.): 13 players
2026-08-18 10:17:22,210 INFO team_id=52459 (Western Ky.): 15 players
2026-08-18 10:17:32,003 INFO team_id=52460 (Western Mich.): 12 players
2026-08-18 10:17:41,936 INFO team_id=52461 (Wichita St.): 11 players
2026-08-18 10:17:51,945 INFO team_id=52462 (William & Mary): 14 players
2026-08-18 10:18:01,774 INFO team_id=52463 (Winston-Salem): 13 players
2026-08-18 10:18:11,533 INFO team_id=52464 (Winthrop): 15 players
2026-08-18 10:18:54,689 INFO team_id=52466 (Wisconsin): 15 players
2026-08-18 10:19:04,044 INFO team_id=52484 (Wofford): 15 players
2026-08-18 10:19:13,341 INFO team_id=52468 (Wright St.): 9 players
2026-08-18 10:19:22,686 INFO team_id=52469 (Wyoming): 12 players
2026-08-18 10:19:32,032 INFO team_id=52470 (Xavier): 16 players
2026-08-18 10:19:41,541 INFO team_id=52471 (Yale): 16 players
2026-08-18 10:19:51,040 INFO team_id=52472 (Youngstown St.): 12 players
rosters season=2010 shard=0/1: written=345 skipped_existing=0 failed=0
EXIT=0
